E:/Sexto_sem/MCU_avanzados/CAN_podometro/Core/Src/main.c:840:6:StartDefaultTask	8	static
E:/Sexto_sem/MCU_avanzados/CAN_podometro/Core/Src/main.c:150:6:HAL_UARTEx_RxEventCallback	32	static
E:/Sexto_sem/MCU_avanzados/CAN_podometro/Core/Src/main.c:176:6:HAL_CAN_RxFifo0MsgPendingCallback	16	static
E:/Sexto_sem/MCU_avanzados/CAN_podometro/Core/Src/main.c:315:6:SystemClock_Config	88	static
E:/Sexto_sem/MCU_avanzados/CAN_podometro/Core/Src/main.c:193:5:main	120	static,ignoring_inline_asm
E:/Sexto_sem/MCU_avanzados/CAN_podometro/Core/Src/main.c:899:6:HAL_TIM_PeriodElapsedCallback	0	static
E:/Sexto_sem/MCU_avanzados/CAN_podometro/Core/Src/main.c:916:6:Error_Handler	0	static
