E:/Sexto_sem/MCU_avanzados/AUDIO_Standalone/Src/usbd_conf.c:40:6:HAL_PCD_MspInit	80	static
E:/Sexto_sem/MCU_avanzados/AUDIO_Standalone/Src/usbd_conf.c:137:6:HAL_PCD_MspDeInit	0	static
E:/Sexto_sem/MCU_avanzados/AUDIO_Standalone/Src/usbd_conf.c:162:6:HAL_PCD_SetupStageCallback	0	static
E:/Sexto_sem/MCU_avanzados/AUDIO_Standalone/Src/usbd_conf.c:173:6:HAL_PCD_DataOutStageCallback	0	static
E:/Sexto_sem/MCU_avanzados/AUDIO_Standalone/Src/usbd_conf.c:184:6:HAL_PCD_DataInStageCallback	0	static
E:/Sexto_sem/MCU_avanzados/AUDIO_Standalone/Src/usbd_conf.c:194:6:HAL_PCD_SOFCallback	0	static
E:/Sexto_sem/MCU_avanzados/AUDIO_Standalone/Src/usbd_conf.c:204:6:HAL_PCD_ResetCallback	16	static
E:/Sexto_sem/MCU_avanzados/AUDIO_Standalone/Src/usbd_conf.c:235:6:HAL_PCD_SuspendCallback	0	static
E:/Sexto_sem/MCU_avanzados/AUDIO_Standalone/Src/usbd_conf.c:245:6:HAL_PCD_ResumeCallback	0	static
E:/Sexto_sem/MCU_avanzados/AUDIO_Standalone/Src/usbd_conf.c:256:6:HAL_PCD_ISOOUTIncompleteCallback	0	static
E:/Sexto_sem/MCU_avanzados/AUDIO_Standalone/Src/usbd_conf.c:267:6:HAL_PCD_ISOINIncompleteCallback	0	static
E:/Sexto_sem/MCU_avanzados/AUDIO_Standalone/Src/usbd_conf.c:277:6:HAL_PCD_ConnectCallback	0	static
E:/Sexto_sem/MCU_avanzados/AUDIO_Standalone/Src/usbd_conf.c:287:6:HAL_PCD_DisconnectCallback	0	static
E:/Sexto_sem/MCU_avanzados/AUDIO_Standalone/Src/usbd_conf.c:302:20:USBD_LL_Init	16	static
E:/Sexto_sem/MCU_avanzados/AUDIO_Standalone/Src/usbd_conf.c:366:20:USBD_LL_DeInit	8	static
E:/Sexto_sem/MCU_avanzados/AUDIO_Standalone/Src/usbd_conf.c:377:20:USBD_LL_Start	8	static
E:/Sexto_sem/MCU_avanzados/AUDIO_Standalone/Src/usbd_conf.c:388:20:USBD_LL_Stop	8	static
E:/Sexto_sem/MCU_avanzados/AUDIO_Standalone/Src/usbd_conf.c:402:20:USBD_LL_OpenEP	8	static
E:/Sexto_sem/MCU_avanzados/AUDIO_Standalone/Src/usbd_conf.c:421:20:USBD_LL_CloseEP	8	static
E:/Sexto_sem/MCU_avanzados/AUDIO_Standalone/Src/usbd_conf.c:433:20:USBD_LL_FlushEP	8	static
E:/Sexto_sem/MCU_avanzados/AUDIO_Standalone/Src/usbd_conf.c:445:20:USBD_LL_StallEP	8	static
E:/Sexto_sem/MCU_avanzados/AUDIO_Standalone/Src/usbd_conf.c:457:20:USBD_LL_ClearStallEP	8	static
E:/Sexto_sem/MCU_avanzados/AUDIO_Standalone/Src/usbd_conf.c:469:9:USBD_LL_IsStallEP	0	static
E:/Sexto_sem/MCU_avanzados/AUDIO_Standalone/Src/usbd_conf.c:489:20:USBD_LL_SetUSBAddress	8	static
E:/Sexto_sem/MCU_avanzados/AUDIO_Standalone/Src/usbd_conf.c:503:20:USBD_LL_Transmit	8	static
E:/Sexto_sem/MCU_avanzados/AUDIO_Standalone/Src/usbd_conf.c:520:20:USBD_LL_PrepareReceive	8	static
E:/Sexto_sem/MCU_avanzados/AUDIO_Standalone/Src/usbd_conf.c:535:10:USBD_LL_GetRxDataSize	0	static
E:/Sexto_sem/MCU_avanzados/AUDIO_Standalone/Src/usbd_conf.c:545:6:USBD_LL_Delay	0	static
