../Core/Src/main.c:85:5:main	16	static
../Core/Src/main.c:177:6:SystemClock_Config	88	static
../Core/Src/main.c:223:13:MX_TIM1_Init	96	static
../Core/Src/main.c:298:13:MX_TIM2_Init	32	static
../Core/Src/main.c:343:13:MX_TIM3_Init	32	static
../Core/Src/main.c:388:13:MX_TIM4_Init	56	static
../Core/Src/main.c:437:13:MX_USART6_UART_Init	8	static
../Core/Src/main.c:470:13:MX_GPIO_Init	48	static
../Core/Src/main.c:538:9:convert	16	static
../Core/Src/main.c:568:9:represent	24	static
../Core/Src/main.c:580:6:HAL_GPIO_EXTI_Callback	16	static
../Core/Src/main.c:584:6:delay_us	16	static
../Core/Src/main.c:590:6:HAL_TIM_PeriodElapsedCallback	16	static
../Core/Src/main.c:601:6:Error_Handler	4	static,ignoring_inline_asm
