../Core/Src/main.c:102:5:main	8	static
../Core/Src/main.c:199:6:SystemClock_Config	88	static
../Core/Src/main.c:245:13:MX_SPI1_Init	8	static
../Core/Src/main.c:283:13:MX_TIM1_Init	96	static
../Core/Src/main.c:356:13:MX_DMA_Init	16	static
../Core/Src/main.c:374:13:MX_GPIO_Init	48	static
../Core/Src/main.c:421:6:HAL_TIM_PWM_PulseFinishedCallback	16	static
../Core/Src/main.c:427:6:HAL_GPIO_EXTI_Callback	16	static
../Core/Src/main.c:435:6:ONOFF	24	static
../Core/Src/main.c:453:6:EFECTO1	24	static
../Core/Src/main.c:479:6:EFECTO2	32	static
../Core/Src/main.c:521:6:EFECTO3	32	static
../Core/Src/main.c:563:6:EFECTO4	24	static
../Core/Src/main.c:589:6:EFECTO5	24	static
../Core/Src/main.c:619:6:LUZ_BLANCA	32	static
../Core/Src/main.c:650:6:Error_Handler	4	static,ignoring_inline_asm
