18:00:59 **** Incremental Build of configuration Debug for project ADC_rampa ****
make -j12 all 
arm-none-eabi-gcc "../Core/Src/main.c" -mcpu=cortex-m4 -std=gnu11 -g3 -DDEBUG -DUSE_HAL_DRIVER -DSTM32F411xE -c -I../Core/Inc -I../Drivers/STM32F4xx_HAL_Driver/Inc -I../Drivers/STM32F4xx_HAL_Driver/Inc/Legacy -I../Drivers/CMSIS/Device/ST/STM32F4xx/Include -I../Drivers/CMSIS/Include -O0 -ffunction-sections -fdata-sections -Wall -fstack-usage -fcyclomatic-complexity -MMD -MP -MF"Core/Src/main.d" -MT"Core/Src/main.o" --specs=nano.specs -mfpu=fpv4-sp-d16 -mfloat-abi=hard -mthumb -o "Core/Src/main.o"
arm-none-eabi-gcc -o "ADC_rampa.elf" @"objects.list"   -mcpu=cortex-m4 -T"E:\Sexto_sem\MCU_avanzados\ADC_rampa\STM32F411CEUX_FLASH.ld" --specs=nosys.specs -Wl,-Map="ADC_rampa.map" -Wl,--gc-sections -static --specs=nano.specs -mfpu=fpv4-sp-d16 -mfloat-abi=hard -mthumb -Wl,--start-group -lc -lm -Wl,--end-group
Finished building target: ADC_rampa.elf
 
arm-none-eabi-size  ADC_rampa.elf 
arm-none-eabi-objdump -h -S ADC_rampa.elf  > "ADC_rampa.list"
   text	   data	    bss	    dec	    hex	filename
  16528	     20	   1932	  18480	   4830	ADC_rampa.elf
Finished building: default.size.stdout
 
Finished building: ADC_rampa.list
 

18:01:04 Build Finished. 0 errors, 0 warnings. (took 5s.136ms)

