18:20:57 **** Incremental Build of configuration Debug for project adc_curvefitting ****
make -j12 all 
arm-none-eabi-gcc "../Core/Src/main.c" -mcpu=cortex-m4 -std=gnu11 -g3 -DDEBUG -DUSE_HAL_DRIVER -DSTM32F411xE -c -I../Core/Inc -I../Drivers/STM32F4xx_HAL_Driver/Inc -I../Drivers/STM32F4xx_HAL_Driver/Inc/Legacy -I../Drivers/CMSIS/Device/ST/STM32F4xx/Include -I../Drivers/CMSIS/Include -O0 -ffunction-sections -fdata-sections -Wall -fstack-usage -fcyclomatic-complexity -MMD -MP -MF"Core/Src/main.d" -MT"Core/Src/main.o" --specs=nano.specs -mfpu=fpv4-sp-d16 -mfloat-abi=hard -mthumb -o "Core/Src/main.o"
arm-none-eabi-gcc -o "adc_curvefitting.elf" @"objects.list"   -mcpu=cortex-m4 -T"E:\Sexto_sem\MCU_avanzados\adc_curvefitting\STM32F411CEUX_FLASH.ld" --specs=nosys.specs -Wl,-Map="adc_curvefitting.map" -Wl,--gc-sections -static --specs=nano.specs -mfpu=fpv4-sp-d16 -mfloat-abi=hard -mthumb -Wl,--start-group -lc -lm -Wl,--end-group
Finished building target: adc_curvefitting.elf
 
arm-none-eabi-size  adc_curvefitting.elf 
   text	   data	    bss	    dec	    hex	filename
  13428	    100	   2068	  15596	   3cec	adc_curvefitting.elf
Finished building: default.size.stdout
 

18:21:01 Build Finished. 0 errors, 0 warnings. (took 3s.988ms)

