07:13:54 **** Incremental Build of configuration Debug for project CAN_MCP2515 ****
make -j12 all 
arm-none-eabi-gcc "../Core/Src/main.c" -mcpu=cortex-m4 -std=gnu11 -g3 -DDEBUG -DUSE_HAL_DRIVER -DSTM32F411xE -c -I../Core/Inc -I../Drivers/STM32F4xx_HAL_Driver/Inc -I../Drivers/STM32F4xx_HAL_Driver/Inc/Legacy -I../Drivers/CMSIS/Device/ST/STM32F4xx/Include -I../Drivers/CMSIS/Include -O0 -ffunction-sections -fdata-sections -Wall -fstack-usage -fcyclomatic-complexity -MMD -MP -MF"Core/Src/main.d" -MT"Core/Src/main.o" --specs=nano.specs -mfpu=fpv4-sp-d16 -mfloat-abi=hard -mthumb -o "Core/Src/main.o"
arm-none-eabi-gcc -o "CAN_MCP2515.elf" @"objects.list"   -mcpu=cortex-m4 -T"E:\Sexto_sem\MCU_avanzados\CAN_MCP2515\STM32F411CEUX_FLASH.ld" --specs=nosys.specs -Wl,-Map="CAN_MCP2515.map" -Wl,--gc-sections -static --specs=nano.specs -mfpu=fpv4-sp-d16 -mfloat-abi=hard -mthumb -Wl,--start-group -lc -lm -Wl,--end-group
C:/ST/STM32CubeIDE_1.14.0/STM32CubeIDE/plugins/com.st.stm32cube.ide.mcu.externaltools.gnu-tools-for-stm32.12.3.rel1.win32_1.0.100.202403111256/tools/bin/../lib/gcc/arm-none-eabi/12.3.1/../../../../arm-none-eabi/bin/ld.exe: warning: CAN_MCP2515.elf has a LOAD segment with RWX permissions
Finished building target: CAN_MCP2515.elf
 
arm-none-eabi-size  CAN_MCP2515.elf 
arm-none-eabi-objdump -h -S CAN_MCP2515.elf  > "CAN_MCP2515.list"
   text	   data	    bss	    dec	    hex	filename
  13228	     20	   1780	  15028	   3ab4	CAN_MCP2515.elf
Finished building: default.size.stdout
 
Finished building: CAN_MCP2515.list
 

07:14:04 Build Finished. 0 errors, 1 warnings. (took 9s.798ms)

