01:20:56 **** Incremental Build of configuration Debug for project DRV8825 ****
make -j12 all 
arm-none-eabi-gcc "../Core/Src/main.c" -mcpu=cortex-m3 -std=gnu11 -g3 -DDEBUG -DUSE_HAL_DRIVER -DSTM32F103xB -c -I../Core/Inc -I../Drivers/STM32F1xx_HAL_Driver/Inc/Legacy -I../Drivers/STM32F1xx_HAL_Driver/Inc -I../Drivers/CMSIS/Device/ST/STM32F1xx/Include -I../Drivers/CMSIS/Include -O0 -ffunction-sections -fdata-sections -Wall -fstack-usage -fcyclomatic-complexity -MMD -MP -MF"Core/Src/main.d" -MT"Core/Src/main.o" --specs=nano.specs -mfloat-abi=soft -mthumb -o "Core/Src/main.o"
arm-none-eabi-gcc -o "DRV8825.elf" @"objects.list"   -mcpu=cortex-m3 -T"D:\Sexto_sem\MCU_avanzados\DRV8825\STM32F103C8TX_FLASH.ld" --specs=nosys.specs -Wl,-Map="DRV8825.map" -Wl,--gc-sections -static --specs=nano.specs -mfloat-abi=soft -mthumb -Wl,--start-group -lc -lm -Wl,--end-group
Finished building target: DRV8825.elf
 
arm-none-eabi-size  DRV8825.elf 
arm-none-eabi-objdump -h -S DRV8825.elf  > "DRV8825.list"
   text	   data	    bss	    dec	    hex	filename
  10144	     12	   1660	  11816	   2e28	DRV8825.elf
Finished building: default.size.stdout
 
Finished building: DRV8825.list
 

01:20:57 Build Finished. 0 errors, 0 warnings. (took 1s.55ms)

