18:37:04 **** Incremental Build of configuration Debug for project sensores_melchor ****
make -j12 all 
arm-none-eabi-size  sensores_melchor.elf 
   text	   data	    bss	    dec	    hex	filename
  37472	    504	   2592	  40568	   9e78	sensores_melchor.elf
Finished building: default.size.stdout
 
18:41:11 **** Incremental Build of configuration Debug for project sensores_melchor ****
make -j12 all 
arm-none-eabi-gcc "../Core/Src/main.c" -mcpu=cortex-m7 -std=gnu11 -g3 -DDEBUG -DUSE_HAL_DRIVER -DSTM32F746xx -c -I../Core/Inc -I../Drivers/STM32F7xx_HAL_Driver/Inc -I../Drivers/STM32F7xx_HAL_Driver/Inc/Legacy -I../Drivers/CMSIS/Device/ST/STM32F7xx/Include -I../Drivers/CMSIS/Include -O0 -ffunction-sections -fdata-sections -Wall -fstack-usage -fcyclomatic-complexity -MMD -MP -MF"Core/Src/main.d" -MT"Core/Src/main.o" --specs=nano.specs -mfpu=fpv5-sp-d16 -mfloat-abi=hard -mthumb -o "Core/Src/main.o"
../Core/Src/main.c: In function 'main':
../Core/Src/main.c:161:11: warning: implicit declaration of function 'ACS712_sense'; did you mean 'ACS712_sens'? [-Wimplicit-function-declaration]
  161 |           ACS712_sense(&F1);
      |           ^~~~~~~~~~~~
      |           ACS712_sens
../Core/Src/main.c: In function 'MX_ADC3_Init':
../Core/Src/main.c:241:26: warning: unused variable 'sConfig' [-Wunused-variable]
  241 |   ADC_ChannelConfTypeDef sConfig = {0};
      |                          ^~~~~~~
arm-none-eabi-gcc -o "sensores_melchor.elf" @"objects.list"   -mcpu=cortex-m7 -T"E:\Sexto_sem\MCU_avanzados\sensores_melchor\STM32F746NGHX_FLASH.ld" --specs=nosys.specs -Wl,-Map="sensores_melchor.map" -Wl,--gc-sections -static --specs=nano.specs -mfpu=fpv5-sp-d16 -mfloat-abi=hard -mthumb -u _printf_float -Wl,--start-group -lc -lm -Wl,--end-group
C:/ST/STM32CubeIDE_1.14.0/STM32CubeIDE/plugins/com.st.stm32cube.ide.mcu.externaltools.gnu-tools-for-stm32.12.3.rel1.win32_1.0.100.202403111256/tools/bin/../lib/gcc/arm-none-eabi/12.3.1/../../../../arm-none-eabi/bin/ld.exe: warning: sensores_melchor.elf has a LOAD segment with RWX permissions
Finished building target: sensores_melchor.elf
 
arm-none-eabi-size  sensores_melchor.elf 
arm-none-eabi-objdump -h -S sensores_melchor.elf  > "sensores_melchor.list"
   text	   data	    bss	    dec	    hex	filename
  40308	    544	   2616	  43468	   a9cc	sensores_melchor.elf
Finished building: default.size.stdout
 
Finished building: sensores_melchor.list
 
18:41:51 **** Incremental Build of configuration Debug for project sensores_melchor ****
make -j12 all 
arm-none-eabi-gcc "../Core/Src/ACS712.c" -mcpu=cortex-m7 -std=gnu11 -g3 -DDEBUG -DUSE_HAL_DRIVER -DSTM32F746xx -c -I../Core/Inc -I../Drivers/STM32F7xx_HAL_Driver/Inc -I../Drivers/STM32F7xx_HAL_Driver/Inc/Legacy -I../Drivers/CMSIS/Device/ST/STM32F7xx/Include -I../Drivers/CMSIS/Include -O0 -ffunction-sections -fdata-sections -Wall -fstack-usage -fcyclomatic-complexity -MMD -MP -MF"Core/Src/ACS712.d" -MT"Core/Src/ACS712.o" --specs=nano.specs -mfpu=fpv5-sp-d16 -mfloat-abi=hard -mthumb -o "Core/Src/ACS712.o"
arm-none-eabi-gcc "../Core/Src/main.c" -mcpu=cortex-m7 -std=gnu11 -g3 -DDEBUG -DUSE_HAL_DRIVER -DSTM32F746xx -c -I../Core/Inc -I../Drivers/STM32F7xx_HAL_Driver/Inc -I../Drivers/STM32F7xx_HAL_Driver/Inc/Legacy -I../Drivers/CMSIS/Device/ST/STM32F7xx/Include -I../Drivers/CMSIS/Include -O0 -ffunction-sections -fdata-sections -Wall -fstack-usage -fcyclomatic-complexity -MMD -MP -MF"Core/Src/main.d" -MT"Core/Src/main.o" --specs=nano.specs -mfpu=fpv5-sp-d16 -mfloat-abi=hard -mthumb -o "Core/Src/main.o"
../Core/Src/main.c: In function 'MX_ADC3_Init':
../Core/Src/main.c:241:26: warning: unused variable 'sConfig' [-Wunused-variable]
  241 |   ADC_ChannelConfTypeDef sConfig = {0};
      |                          ^~~~~~~
arm-none-eabi-gcc -o "sensores_melchor.elf" @"objects.list"   -mcpu=cortex-m7 -T"E:\Sexto_sem\MCU_avanzados\sensores_melchor\STM32F746NGHX_FLASH.ld" --specs=nosys.specs -Wl,-Map="sensores_melchor.map" -Wl,--gc-sections -static --specs=nano.specs -mfpu=fpv5-sp-d16 -mfloat-abi=hard -mthumb -u _printf_float -Wl,--start-group -lc -lm -Wl,--end-group
C:/ST/STM32CubeIDE_1.14.0/STM32CubeIDE/plugins/com.st.stm32cube.ide.mcu.externaltools.gnu-tools-for-stm32.12.3.rel1.win32_1.0.100.202403111256/tools/bin/../lib/gcc/arm-none-eabi/12.3.1/../../../../arm-none-eabi/bin/ld.exe: warning: sensores_melchor.elf has a LOAD segment with RWX permissions
Finished building target: sensores_melchor.elf
 
arm-none-eabi-size  sensores_melchor.elf 
arm-none-eabi-objdump -h -S sensores_melchor.elf  > "sensores_melchor.list"
   text	   data	    bss	    dec	    hex	filename
  40308	    544	   2616	  43468	   a9cc	sensores_melchor.elf
Finished building: default.size.stdout
 
Finished building: sensores_melchor.list
 
18:43:00 **** Incremental Build of configuration Debug for project sensores_melchor ****
make -j12 all 
arm-none-eabi-gcc "../Core/Src/main.c" -mcpu=cortex-m7 -std=gnu11 -g3 -DDEBUG -DUSE_HAL_DRIVER -DSTM32F746xx -c -I../Core/Inc -I../Drivers/STM32F7xx_HAL_Driver/Inc -I../Drivers/STM32F7xx_HAL_Driver/Inc/Legacy -I../Drivers/CMSIS/Device/ST/STM32F7xx/Include -I../Drivers/CMSIS/Include -O0 -ffunction-sections -fdata-sections -Wall -fstack-usage -fcyclomatic-complexity -MMD -MP -MF"Core/Src/main.d" -MT"Core/Src/main.o" --specs=nano.specs -mfpu=fpv5-sp-d16 -mfloat-abi=hard -mthumb -o "Core/Src/main.o"
arm-none-eabi-gcc -o "sensores_melchor.elf" @"objects.list"   -mcpu=cortex-m7 -T"E:\Sexto_sem\MCU_avanzados\sensores_melchor\STM32F746NGHX_FLASH.ld" --specs=nosys.specs -Wl,-Map="sensores_melchor.map" -Wl,--gc-sections -static --specs=nano.specs -mfpu=fpv5-sp-d16 -mfloat-abi=hard -mthumb -u _printf_float -Wl,--start-group -lc -lm -Wl,--end-group
C:/ST/STM32CubeIDE_1.14.0/STM32CubeIDE/plugins/com.st.stm32cube.ide.mcu.externaltools.gnu-tools-for-stm32.12.3.rel1.win32_1.0.100.202403111256/tools/bin/../lib/gcc/arm-none-eabi/12.3.1/../../../../arm-none-eabi/bin/ld.exe: warning: sensores_melchor.elf has a LOAD segment with RWX permissions
Finished building target: sensores_melchor.elf
 
arm-none-eabi-size  sensores_melchor.elf 
arm-none-eabi-objdump -h -S sensores_melchor.elf  > "sensores_melchor.list"
   text	   data	    bss	    dec	    hex	filename
  40292	    544	   2616	  43452	   a9bc	sensores_melchor.elf
Finished building: default.size.stdout
 
Finished building: sensores_melchor.list
 
18:45:36 **** Incremental Build of configuration Debug for project sensores_melchor ****
make -j12 all 
arm-none-eabi-gcc "../Core/Src/main.c" -mcpu=cortex-m7 -std=gnu11 -g3 -DDEBUG -DUSE_HAL_DRIVER -DSTM32F746xx -c -I../Core/Inc -I../Drivers/STM32F7xx_HAL_Driver/Inc -I../Drivers/STM32F7xx_HAL_Driver/Inc/Legacy -I../Drivers/CMSIS/Device/ST/STM32F7xx/Include -I../Drivers/CMSIS/Include -O0 -ffunction-sections -fdata-sections -Wall -fstack-usage -fcyclomatic-complexity -MMD -MP -MF"Core/Src/main.d" -MT"Core/Src/main.o" --specs=nano.specs -mfpu=fpv5-sp-d16 -mfloat-abi=hard -mthumb -o "Core/Src/main.o"
arm-none-eabi-gcc -o "sensores_melchor.elf" @"objects.list"   -mcpu=cortex-m7 -T"E:\Sexto_sem\MCU_avanzados\sensores_melchor\STM32F746NGHX_FLASH.ld" --specs=nosys.specs -Wl,-Map="sensores_melchor.map" -Wl,--gc-sections -static --specs=nano.specs -mfpu=fpv5-sp-d16 -mfloat-abi=hard -mthumb -u _printf_float -Wl,--start-group -lc -lm -Wl,--end-group
C:/ST/STM32CubeIDE_1.14.0/STM32CubeIDE/plugins/com.st.stm32cube.ide.mcu.externaltools.gnu-tools-for-stm32.12.3.rel1.win32_1.0.100.202403111256/tools/bin/../lib/gcc/arm-none-eabi/12.3.1/../../../../arm-none-eabi/bin/ld.exe: warning: sensores_melchor.elf has a LOAD segment with RWX permissions
Finished building target: sensores_melchor.elf
 
arm-none-eabi-size  sensores_melchor.elf 
arm-none-eabi-objdump -h -S sensores_melchor.elf  > "sensores_melchor.list"
   text	   data	    bss	    dec	    hex	filename
  40348	    548	   2620	  43516	   a9fc	sensores_melchor.elf
Finished building: default.size.stdout
 
Finished building: sensores_melchor.list
 
22:00:29 **** Incremental Build of configuration Debug for project sensores_melchor ****
make -j12 all 
arm-none-eabi-size  sensores_melchor.elf 
   text	   data	    bss	    dec	    hex	filename
  40348	    548	   2620	  43516	   a9fc	sensores_melchor.elf
Finished building: default.size.stdout
 
22:01:48 **** Incremental Build of configuration Debug for project sensores_melchor ****
make -j12 all 
arm-none-eabi-gcc "../Core/Src/main.c" -mcpu=cortex-m7 -std=gnu11 -g3 -DDEBUG -DUSE_HAL_DRIVER -DSTM32F746xx -c -I../Core/Inc -I../Drivers/STM32F7xx_HAL_Driver/Inc -I../Drivers/STM32F7xx_HAL_Driver/Inc/Legacy -I../Drivers/CMSIS/Device/ST/STM32F7xx/Include -I../Drivers/CMSIS/Include -O0 -ffunction-sections -fdata-sections -Wall -fstack-usage -fcyclomatic-complexity -MMD -MP -MF"Core/Src/main.d" -MT"Core/Src/main.o" --specs=nano.specs -mfpu=fpv5-sp-d16 -mfloat-abi=hard -mthumb -o "Core/Src/main.o"
arm-none-eabi-gcc -o "sensores_melchor.elf" @"objects.list"   -mcpu=cortex-m7 -T"E:\Sexto_sem\MCU_avanzados\sensores_melchor\STM32F746NGHX_FLASH.ld" --specs=nosys.specs -Wl,-Map="sensores_melchor.map" -Wl,--gc-sections -static --specs=nano.specs -mfpu=fpv5-sp-d16 -mfloat-abi=hard -mthumb -u _printf_float -Wl,--start-group -lc -lm -Wl,--end-group
C:/ST/STM32CubeIDE_1.14.0/STM32CubeIDE/plugins/com.st.stm32cube.ide.mcu.externaltools.gnu-tools-for-stm32.12.3.rel1.win32_1.0.100.202403111256/tools/bin/../lib/gcc/arm-none-eabi/12.3.1/../../../../arm-none-eabi/bin/ld.exe: warning: sensores_melchor.elf has a LOAD segment with RWX permissions
Finished building target: sensores_melchor.elf
 
arm-none-eabi-size  sensores_melchor.elf 
arm-none-eabi-objdump -h -S sensores_melchor.elf  > "sensores_melchor.list"
   text	   data	    bss	    dec	    hex	filename
  34636	    548	   2492	  37676	   932c	sensores_melchor.elf
Finished building: default.size.stdout
 
Finished building: sensores_melchor.list
 
22:02:16 **** Incremental Build of configuration Debug for project sensores_melchor ****
make -j12 all 
arm-none-eabi-size  sensores_melchor.elf 
   text	   data	    bss	    dec	    hex	filename
  34636	    548	   2492	  37676	   932c	sensores_melchor.elf
Finished building: default.size.stdout
 
22:02:58 **** Incremental Build of configuration Debug for project sensores_melchor ****
make -j12 all 
arm-none-eabi-size  sensores_melchor.elf 
   text	   data	    bss	    dec	    hex	filename
  34636	    548	   2492	  37676	   932c	sensores_melchor.elf
Finished building: default.size.stdout
 
23:35:17 **** Incremental Build of configuration Debug for project sensores_melchor ****
make -j12 all 
arm-none-eabi-gcc "../Core/Src/main.c" -mcpu=cortex-m7 -std=gnu11 -g3 -DDEBUG -DUSE_HAL_DRIVER -DSTM32F746xx -c -I../Core/Inc -I../Drivers/STM32F7xx_HAL_Driver/Inc -I../Drivers/STM32F7xx_HAL_Driver/Inc/Legacy -I../Drivers/CMSIS/Device/ST/STM32F7xx/Include -I../Drivers/CMSIS/Include -O0 -ffunction-sections -fdata-sections -Wall -fstack-usage -fcyclomatic-complexity -MMD -MP -MF"Core/Src/main.d" -MT"Core/Src/main.o" --specs=nano.specs -mfpu=fpv5-sp-d16 -mfloat-abi=hard -mthumb -o "Core/Src/main.o"
../Core/Src/main.c: In function 'MX_ADC3_Init':
../Core/Src/main.c:241:26: warning: unused variable 'sConfig' [-Wunused-variable]
  241 |   ADC_ChannelConfTypeDef sConfig = {0};
      |                          ^~~~~~~
arm-none-eabi-gcc -o "sensores_melchor.elf" @"objects.list"   -mcpu=cortex-m7 -T"E:\Sexto_sem\MCU_avanzados\sensores_melchor\STM32F746NGHX_FLASH.ld" --specs=nosys.specs -Wl,-Map="sensores_melchor.map" -Wl,--gc-sections -static --specs=nano.specs -mfpu=fpv5-sp-d16 -mfloat-abi=hard -mthumb -u _printf_float -Wl,--start-group -lc -lm -Wl,--end-group
C:/ST/STM32CubeIDE_1.14.0/STM32CubeIDE/plugins/com.st.stm32cube.ide.mcu.externaltools.gnu-tools-for-stm32.12.3.rel1.win32_1.0.100.202403111256/tools/bin/../lib/gcc/arm-none-eabi/12.3.1/../../../../arm-none-eabi/bin/ld.exe: warning: sensores_melchor.elf has a LOAD segment with RWX permissions
Finished building target: sensores_melchor.elf
 
arm-none-eabi-size  sensores_melchor.elf 
arm-none-eabi-objdump -h -S sensores_melchor.elf  > "sensores_melchor.list"
   text	   data	    bss	    dec	    hex	filename
  34652	    548	   2492	  37692	   933c	sensores_melchor.elf
Finished building: default.size.stdout
 
Finished building: sensores_melchor.list
 
23:38:43 **** Incremental Build of configuration Debug for project sensores_melchor ****
make -j12 all 
arm-none-eabi-size  sensores_melchor.elf 
   text	   data	    bss	    dec	    hex	filename
  34652	    548	   2492	  37692	   933c	sensores_melchor.elf
Finished building: default.size.stdout
 
23:40:46 **** Incremental Build of configuration Debug for project sensores_melchor ****
make -j12 all 
arm-none-eabi-gcc "../Core/Src/ACS712.c" -mcpu=cortex-m7 -std=gnu11 -g3 -DDEBUG -DUSE_HAL_DRIVER -DSTM32F746xx -c -I../Core/Inc -I../Drivers/STM32F7xx_HAL_Driver/Inc -I../Drivers/STM32F7xx_HAL_Driver/Inc/Legacy -I../Drivers/CMSIS/Device/ST/STM32F7xx/Include -I../Drivers/CMSIS/Include -O0 -ffunction-sections -fdata-sections -Wall -fstack-usage -fcyclomatic-complexity -MMD -MP -MF"Core/Src/ACS712.d" -MT"Core/Src/ACS712.o" --specs=nano.specs -mfpu=fpv5-sp-d16 -mfloat-abi=hard -mthumb -o "Core/Src/ACS712.o"
arm-none-eabi-gcc -o "sensores_melchor.elf" @"objects.list"   -mcpu=cortex-m7 -T"E:\Sexto_sem\MCU_avanzados\sensores_melchor\STM32F746NGHX_FLASH.ld" --specs=nosys.specs -Wl,-Map="sensores_melchor.map" -Wl,--gc-sections -static --specs=nano.specs -mfpu=fpv5-sp-d16 -mfloat-abi=hard -mthumb -u _printf_float -Wl,--start-group -lc -lm -Wl,--end-group
C:/ST/STM32CubeIDE_1.14.0/STM32CubeIDE/plugins/com.st.stm32cube.ide.mcu.externaltools.gnu-tools-for-stm32.12.3.rel1.win32_1.0.100.202403111256/tools/bin/../lib/gcc/arm-none-eabi/12.3.1/../../../../arm-none-eabi/bin/ld.exe: warning: sensores_melchor.elf has a LOAD segment with RWX permissions
Finished building target: sensores_melchor.elf
 
arm-none-eabi-size  sensores_melchor.elf 
arm-none-eabi-objdump -h -S sensores_melchor.elf  > "sensores_melchor.list"
   text	   data	    bss	    dec	    hex	filename
  34652	    552	   2488	  37692	   933c	sensores_melchor.elf
Finished building: default.size.stdout
 
Finished building: sensores_melchor.list
 
23:42:23 **** Incremental Build of configuration Debug for project sensores_melchor ****
make -j12 all 
arm-none-eabi-size  sensores_melchor.elf 
   text	   data	    bss	    dec	    hex	filename
  34652	    552	   2488	  37692	   933c	sensores_melchor.elf
Finished building: default.size.stdout
 
23:44:53 **** Incremental Build of configuration Debug for project sensores_melchor ****
make -j12 all 
arm-none-eabi-gcc "../Core/Src/main.c" -mcpu=cortex-m7 -std=gnu11 -g3 -DDEBUG -DUSE_HAL_DRIVER -DSTM32F746xx -c -I../Core/Inc -I../Drivers/STM32F7xx_HAL_Driver/Inc -I../Drivers/STM32F7xx_HAL_Driver/Inc/Legacy -I../Drivers/CMSIS/Device/ST/STM32F7xx/Include -I../Drivers/CMSIS/Include -O0 -ffunction-sections -fdata-sections -Wall -fstack-usage -fcyclomatic-complexity -MMD -MP -MF"Core/Src/main.d" -MT"Core/Src/main.o" --specs=nano.specs -mfpu=fpv5-sp-d16 -mfloat-abi=hard -mthumb -o "Core/Src/main.o"
arm-none-eabi-gcc -o "sensores_melchor.elf" @"objects.list"   -mcpu=cortex-m7 -T"E:\Sexto_sem\MCU_avanzados\sensores_melchor\STM32F746NGHX_FLASH.ld" --specs=nosys.specs -Wl,-Map="sensores_melchor.map" -Wl,--gc-sections -static --specs=nano.specs -mfpu=fpv5-sp-d16 -mfloat-abi=hard -mthumb -u _printf_float -Wl,--start-group -lc -lm -Wl,--end-group
C:/ST/STM32CubeIDE_1.14.0/STM32CubeIDE/plugins/com.st.stm32cube.ide.mcu.externaltools.gnu-tools-for-stm32.12.3.rel1.win32_1.0.100.202403111256/tools/bin/../lib/gcc/arm-none-eabi/12.3.1/../../../../arm-none-eabi/bin/ld.exe: warning: sensores_melchor.elf has a LOAD segment with RWX permissions
Finished building target: sensores_melchor.elf
 
arm-none-eabi-size  sensores_melchor.elf 
arm-none-eabi-objdump -h -S sensores_melchor.elf  > "sensores_melchor.list"
   text	   data	    bss	    dec	    hex	filename
  34636	    552	   2488	  37676	   932c	sensores_melchor.elf
Finished building: default.size.stdout
 
Finished building: sensores_melchor.list
 
23:47:10 **** Incremental Build of configuration Debug for project sensores_melchor ****
make -j12 all 
arm-none-eabi-size  sensores_melchor.elf 
   text	   data	    bss	    dec	    hex	filename
  34636	    552	   2488	  37676	   932c	sensores_melchor.elf
Finished building: default.size.stdout
 
23:49:40 **** Incremental Build of configuration Debug for project sensores_melchor ****
make -j12 all 
arm-none-eabi-size  sensores_melchor.elf 
   text	   data	    bss	    dec	    hex	filename
  34636	    552	   2488	  37676	   932c	sensores_melchor.elf
Finished building: default.size.stdout
 
23:49:51 **** Incremental Build of configuration Debug for project sensores_melchor ****
make -j12 all 
arm-none-eabi-size  sensores_melchor.elf 
   text	   data	    bss	    dec	    hex	filename
  34636	    552	   2488	  37676	   932c	sensores_melchor.elf
Finished building: default.size.stdout
 
23:54:19 **** Incremental Build of configuration Debug for project sensores_melchor ****
make -j12 all 
arm-none-eabi-gcc "../Core/Src/ACS712.c" -mcpu=cortex-m7 -std=gnu11 -g3 -DDEBUG -DUSE_HAL_DRIVER -DSTM32F746xx -c -I../Core/Inc -I../Drivers/STM32F7xx_HAL_Driver/Inc -I../Drivers/STM32F7xx_HAL_Driver/Inc/Legacy -I../Drivers/CMSIS/Device/ST/STM32F7xx/Include -I../Drivers/CMSIS/Include -O0 -ffunction-sections -fdata-sections -Wall -fstack-usage -fcyclomatic-complexity -MMD -MP -MF"Core/Src/ACS712.d" -MT"Core/Src/ACS712.o" --specs=nano.specs -mfpu=fpv5-sp-d16 -mfloat-abi=hard -mthumb -o "Core/Src/ACS712.o"
arm-none-eabi-gcc -o "sensores_melchor.elf" @"objects.list"   -mcpu=cortex-m7 -T"E:\Sexto_sem\MCU_avanzados\sensores_melchor\STM32F746NGHX_FLASH.ld" --specs=nosys.specs -Wl,-Map="sensores_melchor.map" -Wl,--gc-sections -static --specs=nano.specs -mfpu=fpv5-sp-d16 -mfloat-abi=hard -mthumb -u _printf_float -Wl,--start-group -lc -lm -Wl,--end-group
C:/ST/STM32CubeIDE_1.14.0/STM32CubeIDE/plugins/com.st.stm32cube.ide.mcu.externaltools.gnu-tools-for-stm32.12.3.rel1.win32_1.0.100.202403111256/tools/bin/../lib/gcc/arm-none-eabi/12.3.1/../../../../arm-none-eabi/bin/ld.exe: warning: sensores_melchor.elf has a LOAD segment with RWX permissions
Finished building target: sensores_melchor.elf
 
arm-none-eabi-size  sensores_melchor.elf 
arm-none-eabi-objdump -h -S sensores_melchor.elf  > "sensores_melchor.list"
   text	   data	    bss	    dec	    hex	filename
  34636	    552	   2488	  37676	   932c	sensores_melchor.elf
Finished building: default.size.stdout
 
Finished building: sensores_melchor.list
 
00:08:25 **** Incremental Build of configuration Debug for project sensores_melchor ****
make -j12 all 
arm-none-eabi-gcc "../Core/Src/ACS712.c" -mcpu=cortex-m7 -std=gnu11 -g3 -DDEBUG -DUSE_HAL_DRIVER -DSTM32F746xx -c -I../Core/Inc -I../Drivers/STM32F7xx_HAL_Driver/Inc -I../Drivers/STM32F7xx_HAL_Driver/Inc/Legacy -I../Drivers/CMSIS/Device/ST/STM32F7xx/Include -I../Drivers/CMSIS/Include -O0 -ffunction-sections -fdata-sections -Wall -fstack-usage -fcyclomatic-complexity -MMD -MP -MF"Core/Src/ACS712.d" -MT"Core/Src/ACS712.o" --specs=nano.specs -mfpu=fpv5-sp-d16 -mfloat-abi=hard -mthumb -o "Core/Src/ACS712.o"
arm-none-eabi-gcc "../Core/Src/main.c" -mcpu=cortex-m7 -std=gnu11 -g3 -DDEBUG -DUSE_HAL_DRIVER -DSTM32F746xx -c -I../Core/Inc -I../Drivers/STM32F7xx_HAL_Driver/Inc -I../Drivers/STM32F7xx_HAL_Driver/Inc/Legacy -I../Drivers/CMSIS/Device/ST/STM32F7xx/Include -I../Drivers/CMSIS/Include -O0 -ffunction-sections -fdata-sections -Wall -fstack-usage -fcyclomatic-complexity -MMD -MP -MF"Core/Src/main.d" -MT"Core/Src/main.o" --specs=nano.specs -mfpu=fpv5-sp-d16 -mfloat-abi=hard -mthumb -o "Core/Src/main.o"
arm-none-eabi-gcc "../Core/Src/stm32f7xx_hal_msp.c" -mcpu=cortex-m7 -std=gnu11 -g3 -DDEBUG -DUSE_HAL_DRIVER -DSTM32F746xx -c -I../Core/Inc -I../Drivers/STM32F7xx_HAL_Driver/Inc -I../Drivers/STM32F7xx_HAL_Driver/Inc/Legacy -I../Drivers/CMSIS/Device/ST/STM32F7xx/Include -I../Drivers/CMSIS/Include -O0 -ffunction-sections -fdata-sections -Wall -fstack-usage -fcyclomatic-complexity -MMD -MP -MF"Core/Src/stm32f7xx_hal_msp.d" -MT"Core/Src/stm32f7xx_hal_msp.o" --specs=nano.specs -mfpu=fpv5-sp-d16 -mfloat-abi=hard -mthumb -o "Core/Src/stm32f7xx_hal_msp.o"
../Core/Src/main.c: In function 'MX_ADC3_Init':
../Core/Src/main.c:241:26: warning: unused variable 'sConfig' [-Wunused-variable]
  241 |   ADC_ChannelConfTypeDef sConfig = {0};
      |                          ^~~~~~~
../Core/Src/main.c: At top level:
../Core/Src/main.c:297:1: error: expected identifier or '(' before '}' token
  297 | }
      | ^
make: *** [Core/Src/subdir.mk:49: Core/Src/main.o] Error 1
make: *** Waiting for unfinished jobs....
"make -j12 all" terminated with exit code 2. Build might be incomplete.
00:10:15 **** Incremental Build of configuration Debug for project sensores_melchor ****
make -j12 all 
arm-none-eabi-gcc "../Core/Src/main.c" -mcpu=cortex-m7 -std=gnu11 -g3 -DDEBUG -DUSE_HAL_DRIVER -DSTM32F746xx -c -I../Core/Inc -I../Drivers/STM32F7xx_HAL_Driver/Inc -I../Drivers/STM32F7xx_HAL_Driver/Inc/Legacy -I../Drivers/CMSIS/Device/ST/STM32F7xx/Include -I../Drivers/CMSIS/Include -O0 -ffunction-sections -fdata-sections -Wall -fstack-usage -fcyclomatic-complexity -MMD -MP -MF"Core/Src/main.d" -MT"Core/Src/main.o" --specs=nano.specs -mfpu=fpv5-sp-d16 -mfloat-abi=hard -mthumb -o "Core/Src/main.o"
../Core/Src/main.c: In function 'MX_ADC3_Init':
../Core/Src/main.c:241:26: warning: unused variable 'sConfig' [-Wunused-variable]
  241 |   ADC_ChannelConfTypeDef sConfig = {0};
      |                          ^~~~~~~
arm-none-eabi-gcc -o "sensores_melchor.elf" @"objects.list"   -mcpu=cortex-m7 -T"E:\Sexto_sem\MCU_avanzados\sensores_melchor\STM32F746NGHX_FLASH.ld" --specs=nosys.specs -Wl,-Map="sensores_melchor.map" -Wl,--gc-sections -static --specs=nano.specs -mfpu=fpv5-sp-d16 -mfloat-abi=hard -mthumb -u _printf_float -Wl,--start-group -lc -lm -Wl,--end-group
C:/ST/STM32CubeIDE_1.14.0/STM32CubeIDE/plugins/com.st.stm32cube.ide.mcu.externaltools.gnu-tools-for-stm32.12.3.rel1.win32_1.0.100.202403111256/tools/bin/../lib/gcc/arm-none-eabi/12.3.1/../../../../arm-none-eabi/bin/ld.exe: warning: sensores_melchor.elf has a LOAD segment with RWX permissions
Finished building target: sensores_melchor.elf
 
arm-none-eabi-size  sensores_melchor.elf 
arm-none-eabi-objdump -h -S sensores_melchor.elf  > "sensores_melchor.list"
   text	   data	    bss	    dec	    hex	filename
  35772	    552	   2488	  38812	   979c	sensores_melchor.elf
Finished building: default.size.stdout
 
Finished building: sensores_melchor.list
 
00:12:21 **** Incremental Build of configuration Debug for project sensores_melchor ****
make -j12 all 
arm-none-eabi-gcc "../Core/Src/main.c" -mcpu=cortex-m7 -std=gnu11 -g3 -DDEBUG -DUSE_HAL_DRIVER -DSTM32F746xx -c -I../Core/Inc -I../Drivers/STM32F7xx_HAL_Driver/Inc -I../Drivers/STM32F7xx_HAL_Driver/Inc/Legacy -I../Drivers/CMSIS/Device/ST/STM32F7xx/Include -I../Drivers/CMSIS/Include -O0 -ffunction-sections -fdata-sections -Wall -fstack-usage -fcyclomatic-complexity -MMD -MP -MF"Core/Src/main.d" -MT"Core/Src/main.o" --specs=nano.specs -mfpu=fpv5-sp-d16 -mfloat-abi=hard -mthumb -o "Core/Src/main.o"
../Core/Src/main.c: In function 'MX_ADC3_Init':
../Core/Src/main.c:247:26: warning: unused variable 'sConfig' [-Wunused-variable]
  247 |   ADC_ChannelConfTypeDef sConfig = {0};
      |                          ^~~~~~~
arm-none-eabi-gcc -o "sensores_melchor.elf" @"objects.list"   -mcpu=cortex-m7 -T"E:\Sexto_sem\MCU_avanzados\sensores_melchor\STM32F746NGHX_FLASH.ld" --specs=nosys.specs -Wl,-Map="sensores_melchor.map" -Wl,--gc-sections -static --specs=nano.specs -mfpu=fpv5-sp-d16 -mfloat-abi=hard -mthumb -u _printf_float -Wl,--start-group -lc -lm -Wl,--end-group
C:/ST/STM32CubeIDE_1.14.0/STM32CubeIDE/plugins/com.st.stm32cube.ide.mcu.externaltools.gnu-tools-for-stm32.12.3.rel1.win32_1.0.100.202403111256/tools/bin/../lib/gcc/arm-none-eabi/12.3.1/../../../../arm-none-eabi/bin/ld.exe: warning: sensores_melchor.elf has a LOAD segment with RWX permissions
Finished building target: sensores_melchor.elf
 
arm-none-eabi-size  sensores_melchor.elf 
arm-none-eabi-objdump -h -S sensores_melchor.elf  > "sensores_melchor.list"
   text	   data	    bss	    dec	    hex	filename
  36020	    552	   2488	  39060	   9894	sensores_melchor.elf
Finished building: default.size.stdout
 
Finished building: sensores_melchor.list
 
00:13:12 **** Incremental Build of configuration Debug for project sensores_melchor ****
make -j12 all 
arm-none-eabi-gcc "../Core/Src/main.c" -mcpu=cortex-m7 -std=gnu11 -g3 -DDEBUG -DUSE_HAL_DRIVER -DSTM32F746xx -c -I../Core/Inc -I../Drivers/STM32F7xx_HAL_Driver/Inc -I../Drivers/STM32F7xx_HAL_Driver/Inc/Legacy -I../Drivers/CMSIS/Device/ST/STM32F7xx/Include -I../Drivers/CMSIS/Include -O0 -ffunction-sections -fdata-sections -Wall -fstack-usage -fcyclomatic-complexity -MMD -MP -MF"Core/Src/main.d" -MT"Core/Src/main.o" --specs=nano.specs -mfpu=fpv5-sp-d16 -mfloat-abi=hard -mthumb -o "Core/Src/main.o"
../Core/Src/main.c: In function 'MX_ADC3_Init':
../Core/Src/main.c:247:26: warning: unused variable 'sConfig' [-Wunused-variable]
  247 |   ADC_ChannelConfTypeDef sConfig = {0};
      |                          ^~~~~~~
arm-none-eabi-gcc -o "sensores_melchor.elf" @"objects.list"   -mcpu=cortex-m7 -T"E:\Sexto_sem\MCU_avanzados\sensores_melchor\STM32F746NGHX_FLASH.ld" --specs=nosys.specs -Wl,-Map="sensores_melchor.map" -Wl,--gc-sections -static --specs=nano.specs -mfpu=fpv5-sp-d16 -mfloat-abi=hard -mthumb -u _printf_float -Wl,--start-group -lc -lm -Wl,--end-group
C:/ST/STM32CubeIDE_1.14.0/STM32CubeIDE/plugins/com.st.stm32cube.ide.mcu.externaltools.gnu-tools-for-stm32.12.3.rel1.win32_1.0.100.202403111256/tools/bin/../lib/gcc/arm-none-eabi/12.3.1/../../../../arm-none-eabi/bin/ld.exe: warning: sensores_melchor.elf has a LOAD segment with RWX permissions
Finished building target: sensores_melchor.elf
 
arm-none-eabi-size  sensores_melchor.elf 
arm-none-eabi-objdump -h -S sensores_melchor.elf  > "sensores_melchor.list"
   text	   data	    bss	    dec	    hex	filename
  36020	    552	   2488	  39060	   9894	sensores_melchor.elf
Finished building: default.size.stdout
 
Finished building: sensores_melchor.list
 
00:13:44 **** Incremental Build of configuration Debug for project sensores_melchor ****
make -j12 all 
arm-none-eabi-size  sensores_melchor.elf 
   text	   data	    bss	    dec	    hex	filename
  36020	    552	   2488	  39060	   9894	sensores_melchor.elf
Finished building: default.size.stdout
 
00:13:57 **** Incremental Build of configuration Debug for project sensores_melchor ****
make -j12 all 
arm-none-eabi-size  sensores_melchor.elf 
   text	   data	    bss	    dec	    hex	filename
  36020	    552	   2488	  39060	   9894	sensores_melchor.elf
Finished building: default.size.stdout
 
00:14:09 **** Incremental Build of configuration Debug for project sensores_melchor ****
make -j12 all 
arm-none-eabi-size  sensores_melchor.elf 
   text	   data	    bss	    dec	    hex	filename
  36020	    552	   2488	  39060	   9894	sensores_melchor.elf
Finished building: default.size.stdout
 
00:15:51 **** Incremental Build of configuration Debug for project sensores_melchor ****
make -j12 all 
arm-none-eabi-size  sensores_melchor.elf 
   text	   data	    bss	    dec	    hex	filename
  36020	    552	   2488	  39060	   9894	sensores_melchor.elf
Finished building: default.size.stdout
 
00:24:29 **** Incremental Build of configuration Debug for project sensores_melchor ****
make -j12 all 
arm-none-eabi-size  sensores_melchor.elf 
   text	   data	    bss	    dec	    hex	filename
  36020	    552	   2488	  39060	   9894	sensores_melchor.elf
Finished building: default.size.stdout
 
15:15:10 **** Build of configuration Debug for project Func_gen_mux ****
make -j12 all 
arm-none-eabi-gcc "../Middlewares/Third_Party/FreeRTOS/Source/portable/MemMang/heap_4.c" -mcpu=cortex-m4 -std=gnu11 -g3 -DDEBUG -DUSE_HAL_DRIVER -DSTM32F411xE -c -I../Core/Inc -I../Drivers/STM32F4xx_HAL_Driver/Inc -I../Drivers/STM32F4xx_HAL_Driver/Inc/Legacy -I../Drivers/CMSIS/Device/ST/STM32F4xx/Include -I../Drivers/CMSIS/Include -I../Middlewares/Third_Party/FreeRTOS/Source/include -I../Middlewares/Third_Party/FreeRTOS/Source/CMSIS_RTOS_V2 -I../Middlewares/Third_Party/FreeRTOS/Source/portable/GCC/ARM_CM4F -O0 -ffunction-sections -fdata-sections -Wall -fstack-usage -fcyclomatic-complexity -MMD -MP -MF"Middlewares/Third_Party/FreeRTOS/Source/portable/MemMang/heap_4.d" -MT"Middlewares/Third_Party/FreeRTOS/Source/portable/MemMang/heap_4.o" --specs=nano.specs -mfpu=fpv4-sp-d16 -mfloat-abi=hard -mthumb -o "Middlewares/Third_Party/FreeRTOS/Source/portable/MemMang/heap_4.o"
arm-none-eabi-gcc "../Middlewares/Third_Party/FreeRTOS/Source/portable/GCC/ARM_CM4F/port.c" -mcpu=cortex-m4 -std=gnu11 -g3 -DDEBUG -DUSE_HAL_DRIVER -DSTM32F411xE -c -I../Core/Inc -I../Drivers/STM32F4xx_HAL_Driver/Inc -I../Drivers/STM32F4xx_HAL_Driver/Inc/Legacy -I../Drivers/CMSIS/Device/ST/STM32F4xx/Include -I../Drivers/CMSIS/Include -I../Middlewares/Third_Party/FreeRTOS/Source/include -I../Middlewares/Third_Party/FreeRTOS/Source/CMSIS_RTOS_V2 -I../Middlewares/Third_Party/FreeRTOS/Source/portable/GCC/ARM_CM4F -O0 -ffunction-sections -fdata-sections -Wall -fstack-usage -fcyclomatic-complexity -MMD -MP -MF"Middlewares/Third_Party/FreeRTOS/Source/portable/GCC/ARM_CM4F/port.d" -MT"Middlewares/Third_Party/FreeRTOS/Source/portable/GCC/ARM_CM4F/port.o" --specs=nano.specs -mfpu=fpv4-sp-d16 -mfloat-abi=hard -mthumb -o "Middlewares/Third_Party/FreeRTOS/Source/portable/GCC/ARM_CM4F/port.o"
arm-none-eabi-gcc "../Middlewares/Third_Party/FreeRTOS/Source/CMSIS_RTOS_V2/cmsis_os2.c" -mcpu=cortex-m4 -std=gnu11 -g3 -DDEBUG -DUSE_HAL_DRIVER -DSTM32F411xE -c -I../Core/Inc -I../Drivers/STM32F4xx_HAL_Driver/Inc -I../Drivers/STM32F4xx_HAL_Driver/Inc/Legacy -I../Drivers/CMSIS/Device/ST/STM32F4xx/Include -I../Drivers/CMSIS/Include -I../Middlewares/Third_Party/FreeRTOS/Source/include -I../Middlewares/Third_Party/FreeRTOS/Source/CMSIS_RTOS_V2 -I../Middlewares/Third_Party/FreeRTOS/Source/portable/GCC/ARM_CM4F -O0 -ffunction-sections -fdata-sections -Wall -fstack-usage -fcyclomatic-complexity -MMD -MP -MF"Middlewares/Third_Party/FreeRTOS/Source/CMSIS_RTOS_V2/cmsis_os2.d" -MT"Middlewares/Third_Party/FreeRTOS/Source/CMSIS_RTOS_V2/cmsis_os2.o" --specs=nano.specs -mfpu=fpv4-sp-d16 -mfloat-abi=hard -mthumb -o "Middlewares/Third_Party/FreeRTOS/Source/CMSIS_RTOS_V2/cmsis_os2.o"
arm-none-eabi-gcc "../Middlewares/Third_Party/FreeRTOS/Source/croutine.c" -mcpu=cortex-m4 -std=gnu11 -g3 -DDEBUG -DUSE_HAL_DRIVER -DSTM32F411xE -c -I../Core/Inc -I../Drivers/STM32F4xx_HAL_Driver/Inc -I../Drivers/STM32F4xx_HAL_Driver/Inc/Legacy -I../Drivers/CMSIS/Device/ST/STM32F4xx/Include -I../Drivers/CMSIS/Include -I../Middlewares/Third_Party/FreeRTOS/Source/include -I../Middlewares/Third_Party/FreeRTOS/Source/CMSIS_RTOS_V2 -I../Middlewares/Third_Party/FreeRTOS/Source/portable/GCC/ARM_CM4F -O0 -ffunction-sections -fdata-sections -Wall -fstack-usage -fcyclomatic-complexity -MMD -MP -MF"Middlewares/Third_Party/FreeRTOS/Source/croutine.d" -MT"Middlewares/Third_Party/FreeRTOS/Source/croutine.o" --specs=nano.specs -mfpu=fpv4-sp-d16 -mfloat-abi=hard -mthumb -o "Middlewares/Third_Party/FreeRTOS/Source/croutine.o"
arm-none-eabi-gcc "../Middlewares/Third_Party/FreeRTOS/Source/event_groups.c" -mcpu=cortex-m4 -std=gnu11 -g3 -DDEBUG -DUSE_HAL_DRIVER -DSTM32F411xE -c -I../Core/Inc -I../Drivers/STM32F4xx_HAL_Driver/Inc -I../Drivers/STM32F4xx_HAL_Driver/Inc/Legacy -I../Drivers/CMSIS/Device/ST/STM32F4xx/Include -I../Drivers/CMSIS/Include -I../Middlewares/Third_Party/FreeRTOS/Source/include -I../Middlewares/Third_Party/FreeRTOS/Source/CMSIS_RTOS_V2 -I../Middlewares/Third_Party/FreeRTOS/Source/portable/GCC/ARM_CM4F -O0 -ffunction-sections -fdata-sections -Wall -fstack-usage -fcyclomatic-complexity -MMD -MP -MF"Middlewares/Third_Party/FreeRTOS/Source/event_groups.d" -MT"Middlewares/Third_Party/FreeRTOS/Source/event_groups.o" --specs=nano.specs -mfpu=fpv4-sp-d16 -mfloat-abi=hard -mthumb -o "Middlewares/Third_Party/FreeRTOS/Source/event_groups.o"
arm-none-eabi-gcc "../Middlewares/Third_Party/FreeRTOS/Source/list.c" -mcpu=cortex-m4 -std=gnu11 -g3 -DDEBUG -DUSE_HAL_DRIVER -DSTM32F411xE -c -I../Core/Inc -I../Drivers/STM32F4xx_HAL_Driver/Inc -I../Drivers/STM32F4xx_HAL_Driver/Inc/Legacy -I../Drivers/CMSIS/Device/ST/STM32F4xx/Include -I../Drivers/CMSIS/Include -I../Middlewares/Third_Party/FreeRTOS/Source/include -I../Middlewares/Third_Party/FreeRTOS/Source/CMSIS_RTOS_V2 -I../Middlewares/Third_Party/FreeRTOS/Source/portable/GCC/ARM_CM4F -O0 -ffunction-sections -fdata-sections -Wall -fstack-usage -fcyclomatic-complexity -MMD -MP -MF"Middlewares/Third_Party/FreeRTOS/Source/list.d" -MT"Middlewares/Third_Party/FreeRTOS/Source/list.o" --specs=nano.specs -mfpu=fpv4-sp-d16 -mfloat-abi=hard -mthumb -o "Middlewares/Third_Party/FreeRTOS/Source/list.o"
arm-none-eabi-gcc "../Middlewares/Third_Party/FreeRTOS/Source/queue.c" -mcpu=cortex-m4 -std=gnu11 -g3 -DDEBUG -DUSE_HAL_DRIVER -DSTM32F411xE -c -I../Core/Inc -I../Drivers/STM32F4xx_HAL_Driver/Inc -I../Drivers/STM32F4xx_HAL_Driver/Inc/Legacy -I../Drivers/CMSIS/Device/ST/STM32F4xx/Include -I../Drivers/CMSIS/Include -I../Middlewares/Third_Party/FreeRTOS/Source/include -I../Middlewares/Third_Party/FreeRTOS/Source/CMSIS_RTOS_V2 -I../Middlewares/Third_Party/FreeRTOS/Source/portable/GCC/ARM_CM4F -O0 -ffunction-sections -fdata-sections -Wall -fstack-usage -fcyclomatic-complexity -MMD -MP -MF"Middlewares/Third_Party/FreeRTOS/Source/queue.d" -MT"Middlewares/Third_Party/FreeRTOS/Source/queue.o" --specs=nano.specs -mfpu=fpv4-sp-d16 -mfloat-abi=hard -mthumb -o "Middlewares/Third_Party/FreeRTOS/Source/queue.o"
arm-none-eabi-gcc "../Middlewares/Third_Party/FreeRTOS/Source/stream_buffer.c" -mcpu=cortex-m4 -std=gnu11 -g3 -DDEBUG -DUSE_HAL_DRIVER -DSTM32F411xE -c -I../Core/Inc -I../Drivers/STM32F4xx_HAL_Driver/Inc -I../Drivers/STM32F4xx_HAL_Driver/Inc/Legacy -I../Drivers/CMSIS/Device/ST/STM32F4xx/Include -I../Drivers/CMSIS/Include -I../Middlewares/Third_Party/FreeRTOS/Source/include -I../Middlewares/Third_Party/FreeRTOS/Source/CMSIS_RTOS_V2 -I../Middlewares/Third_Party/FreeRTOS/Source/portable/GCC/ARM_CM4F -O0 -ffunction-sections -fdata-sections -Wall -fstack-usage -fcyclomatic-complexity -MMD -MP -MF"Middlewares/Third_Party/FreeRTOS/Source/stream_buffer.d" -MT"Middlewares/Third_Party/FreeRTOS/Source/stream_buffer.o" --specs=nano.specs -mfpu=fpv4-sp-d16 -mfloat-abi=hard -mthumb -o "Middlewares/Third_Party/FreeRTOS/Source/stream_buffer.o"
arm-none-eabi-gcc "../Middlewares/Third_Party/FreeRTOS/Source/tasks.c" -mcpu=cortex-m4 -std=gnu11 -g3 -DDEBUG -DUSE_HAL_DRIVER -DSTM32F411xE -c -I../Core/Inc -I../Drivers/STM32F4xx_HAL_Driver/Inc -I../Drivers/STM32F4xx_HAL_Driver/Inc/Legacy -I../Drivers/CMSIS/Device/ST/STM32F4xx/Include -I../Drivers/CMSIS/Include -I../Middlewares/Third_Party/FreeRTOS/Source/include -I../Middlewares/Third_Party/FreeRTOS/Source/CMSIS_RTOS_V2 -I../Middlewares/Third_Party/FreeRTOS/Source/portable/GCC/ARM_CM4F -O0 -ffunction-sections -fdata-sections -Wall -fstack-usage -fcyclomatic-complexity -MMD -MP -MF"Middlewares/Third_Party/FreeRTOS/Source/tasks.d" -MT"Middlewares/Third_Party/FreeRTOS/Source/tasks.o" --specs=nano.specs -mfpu=fpv4-sp-d16 -mfloat-abi=hard -mthumb -o "Middlewares/Third_Party/FreeRTOS/Source/tasks.o"
arm-none-eabi-gcc "../Middlewares/Third_Party/FreeRTOS/Source/timers.c" -mcpu=cortex-m4 -std=gnu11 -g3 -DDEBUG -DUSE_HAL_DRIVER -DSTM32F411xE -c -I../Core/Inc -I../Drivers/STM32F4xx_HAL_Driver/Inc -I../Drivers/STM32F4xx_HAL_Driver/Inc/Legacy -I../Drivers/CMSIS/Device/ST/STM32F4xx/Include -I../Drivers/CMSIS/Include -I../Middlewares/Third_Party/FreeRTOS/Source/include -I../Middlewares/Third_Party/FreeRTOS/Source/CMSIS_RTOS_V2 -I../Middlewares/Third_Party/FreeRTOS/Source/portable/GCC/ARM_CM4F -O0 -ffunction-sections -fdata-sections -Wall -fstack-usage -fcyclomatic-complexity -MMD -MP -MF"Middlewares/Third_Party/FreeRTOS/Source/timers.d" -MT"Middlewares/Third_Party/FreeRTOS/Source/timers.o" --specs=nano.specs -mfpu=fpv4-sp-d16 -mfloat-abi=hard -mthumb -o "Middlewares/Third_Party/FreeRTOS/Source/timers.o"
arm-none-eabi-gcc "../Drivers/STM32F4xx_HAL_Driver/Src/stm32f4xx_hal.c" -mcpu=cortex-m4 -std=gnu11 -g3 -DDEBUG -DUSE_HAL_DRIVER -DSTM32F411xE -c -I../Core/Inc -I../Drivers/STM32F4xx_HAL_Driver/Inc -I../Drivers/STM32F4xx_HAL_Driver/Inc/Legacy -I../Drivers/CMSIS/Device/ST/STM32F4xx/Include -I../Drivers/CMSIS/Include -I../Middlewares/Third_Party/FreeRTOS/Source/include -I../Middlewares/Third_Party/FreeRTOS/Source/CMSIS_RTOS_V2 -I../Middlewares/Third_Party/FreeRTOS/Source/portable/GCC/ARM_CM4F -O0 -ffunction-sections -fdata-sections -Wall -fstack-usage -fcyclomatic-complexity -MMD -MP -MF"Drivers/STM32F4xx_HAL_Driver/Src/stm32f4xx_hal.d" -MT"Drivers/STM32F4xx_HAL_Driver/Src/stm32f4xx_hal.o" --specs=nano.specs -mfpu=fpv4-sp-d16 -mfloat-abi=hard -mthumb -o "Drivers/STM32F4xx_HAL_Driver/Src/stm32f4xx_hal.o"
arm-none-eabi-gcc "../Drivers/STM32F4xx_HAL_Driver/Src/stm32f4xx_hal_cortex.c" -mcpu=cortex-m4 -std=gnu11 -g3 -DDEBUG -DUSE_HAL_DRIVER -DSTM32F411xE -c -I../Core/Inc -I../Drivers/STM32F4xx_HAL_Driver/Inc -I../Drivers/STM32F4xx_HAL_Driver/Inc/Legacy -I../Drivers/CMSIS/Device/ST/STM32F4xx/Include -I../Drivers/CMSIS/Include -I../Middlewares/Third_Party/FreeRTOS/Source/include -I../Middlewares/Third_Party/FreeRTOS/Source/CMSIS_RTOS_V2 -I../Middlewares/Third_Party/FreeRTOS/Source/portable/GCC/ARM_CM4F -O0 -ffunction-sections -fdata-sections -Wall -fstack-usage -fcyclomatic-complexity -MMD -MP -MF"Drivers/STM32F4xx_HAL_Driver/Src/stm32f4xx_hal_cortex.d" -MT"Drivers/STM32F4xx_HAL_Driver/Src/stm32f4xx_hal_cortex.o" --specs=nano.specs -mfpu=fpv4-sp-d16 -mfloat-abi=hard -mthumb -o "Drivers/STM32F4xx_HAL_Driver/Src/stm32f4xx_hal_cortex.o"
arm-none-eabi-gcc "../Drivers/STM32F4xx_HAL_Driver/Src/stm32f4xx_hal_dma.c" -mcpu=cortex-m4 -std=gnu11 -g3 -DDEBUG -DUSE_HAL_DRIVER -DSTM32F411xE -c -I../Core/Inc -I../Drivers/STM32F4xx_HAL_Driver/Inc -I../Drivers/STM32F4xx_HAL_Driver/Inc/Legacy -I../Drivers/CMSIS/Device/ST/STM32F4xx/Include -I../Drivers/CMSIS/Include -I../Middlewares/Third_Party/FreeRTOS/Source/include -I../Middlewares/Third_Party/FreeRTOS/Source/CMSIS_RTOS_V2 -I../Middlewares/Third_Party/FreeRTOS/Source/portable/GCC/ARM_CM4F -O0 -ffunction-sections -fdata-sections -Wall -fstack-usage -fcyclomatic-complexity -MMD -MP -MF"Drivers/STM32F4xx_HAL_Driver/Src/stm32f4xx_hal_dma.d" -MT"Drivers/STM32F4xx_HAL_Driver/Src/stm32f4xx_hal_dma.o" --specs=nano.specs -mfpu=fpv4-sp-d16 -mfloat-abi=hard -mthumb -o "Drivers/STM32F4xx_HAL_Driver/Src/stm32f4xx_hal_dma.o"
arm-none-eabi-gcc "../Drivers/STM32F4xx_HAL_Driver/Src/stm32f4xx_hal_dma_ex.c" -mcpu=cortex-m4 -std=gnu11 -g3 -DDEBUG -DUSE_HAL_DRIVER -DSTM32F411xE -c -I../Core/Inc -I../Drivers/STM32F4xx_HAL_Driver/Inc -I../Drivers/STM32F4xx_HAL_Driver/Inc/Legacy -I../Drivers/CMSIS/Device/ST/STM32F4xx/Include -I../Drivers/CMSIS/Include -I../Middlewares/Third_Party/FreeRTOS/Source/include -I../Middlewares/Third_Party/FreeRTOS/Source/CMSIS_RTOS_V2 -I../Middlewares/Third_Party/FreeRTOS/Source/portable/GCC/ARM_CM4F -O0 -ffunction-sections -fdata-sections -Wall -fstack-usage -fcyclomatic-complexity -MMD -MP -MF"Drivers/STM32F4xx_HAL_Driver/Src/stm32f4xx_hal_dma_ex.d" -MT"Drivers/STM32F4xx_HAL_Driver/Src/stm32f4xx_hal_dma_ex.o" --specs=nano.specs -mfpu=fpv4-sp-d16 -mfloat-abi=hard -mthumb -o "Drivers/STM32F4xx_HAL_Driver/Src/stm32f4xx_hal_dma_ex.o"
arm-none-eabi-gcc "../Drivers/STM32F4xx_HAL_Driver/Src/stm32f4xx_hal_exti.c" -mcpu=cortex-m4 -std=gnu11 -g3 -DDEBUG -DUSE_HAL_DRIVER -DSTM32F411xE -c -I../Core/Inc -I../Drivers/STM32F4xx_HAL_Driver/Inc -I../Drivers/STM32F4xx_HAL_Driver/Inc/Legacy -I../Drivers/CMSIS/Device/ST/STM32F4xx/Include -I../Drivers/CMSIS/Include -I../Middlewares/Third_Party/FreeRTOS/Source/include -I../Middlewares/Third_Party/FreeRTOS/Source/CMSIS_RTOS_V2 -I../Middlewares/Third_Party/FreeRTOS/Source/portable/GCC/ARM_CM4F -O0 -ffunction-sections -fdata-sections -Wall -fstack-usage -fcyclomatic-complexity -MMD -MP -MF"Drivers/STM32F4xx_HAL_Driver/Src/stm32f4xx_hal_exti.d" -MT"Drivers/STM32F4xx_HAL_Driver/Src/stm32f4xx_hal_exti.o" --specs=nano.specs -mfpu=fpv4-sp-d16 -mfloat-abi=hard -mthumb -o "Drivers/STM32F4xx_HAL_Driver/Src/stm32f4xx_hal_exti.o"
arm-none-eabi-gcc "../Drivers/STM32F4xx_HAL_Driver/Src/stm32f4xx_hal_flash.c" -mcpu=cortex-m4 -std=gnu11 -g3 -DDEBUG -DUSE_HAL_DRIVER -DSTM32F411xE -c -I../Core/Inc -I../Drivers/STM32F4xx_HAL_Driver/Inc -I../Drivers/STM32F4xx_HAL_Driver/Inc/Legacy -I../Drivers/CMSIS/Device/ST/STM32F4xx/Include -I../Drivers/CMSIS/Include -I../Middlewares/Third_Party/FreeRTOS/Source/include -I../Middlewares/Third_Party/FreeRTOS/Source/CMSIS_RTOS_V2 -I../Middlewares/Third_Party/FreeRTOS/Source/portable/GCC/ARM_CM4F -O0 -ffunction-sections -fdata-sections -Wall -fstack-usage -fcyclomatic-complexity -MMD -MP -MF"Drivers/STM32F4xx_HAL_Driver/Src/stm32f4xx_hal_flash.d" -MT"Drivers/STM32F4xx_HAL_Driver/Src/stm32f4xx_hal_flash.o" --specs=nano.specs -mfpu=fpv4-sp-d16 -mfloat-abi=hard -mthumb -o "Drivers/STM32F4xx_HAL_Driver/Src/stm32f4xx_hal_flash.o"
arm-none-eabi-gcc "../Drivers/STM32F4xx_HAL_Driver/Src/stm32f4xx_hal_flash_ex.c" -mcpu=cortex-m4 -std=gnu11 -g3 -DDEBUG -DUSE_HAL_DRIVER -DSTM32F411xE -c -I../Core/Inc -I../Drivers/STM32F4xx_HAL_Driver/Inc -I../Drivers/STM32F4xx_HAL_Driver/Inc/Legacy -I../Drivers/CMSIS/Device/ST/STM32F4xx/Include -I../Drivers/CMSIS/Include -I../Middlewares/Third_Party/FreeRTOS/Source/include -I../Middlewares/Third_Party/FreeRTOS/Source/CMSIS_RTOS_V2 -I../Middlewares/Third_Party/FreeRTOS/Source/portable/GCC/ARM_CM4F -O0 -ffunction-sections -fdata-sections -Wall -fstack-usage -fcyclomatic-complexity -MMD -MP -MF"Drivers/STM32F4xx_HAL_Driver/Src/stm32f4xx_hal_flash_ex.d" -MT"Drivers/STM32F4xx_HAL_Driver/Src/stm32f4xx_hal_flash_ex.o" --specs=nano.specs -mfpu=fpv4-sp-d16 -mfloat-abi=hard -mthumb -o "Drivers/STM32F4xx_HAL_Driver/Src/stm32f4xx_hal_flash_ex.o"
arm-none-eabi-gcc "../Drivers/STM32F4xx_HAL_Driver/Src/stm32f4xx_hal_flash_ramfunc.c" -mcpu=cortex-m4 -std=gnu11 -g3 -DDEBUG -DUSE_HAL_DRIVER -DSTM32F411xE -c -I../Core/Inc -I../Drivers/STM32F4xx_HAL_Driver/Inc -I../Drivers/STM32F4xx_HAL_Driver/Inc/Legacy -I../Drivers/CMSIS/Device/ST/STM32F4xx/Include -I../Drivers/CMSIS/Include -I../Middlewares/Third_Party/FreeRTOS/Source/include -I../Middlewares/Third_Party/FreeRTOS/Source/CMSIS_RTOS_V2 -I../Middlewares/Third_Party/FreeRTOS/Source/portable/GCC/ARM_CM4F -O0 -ffunction-sections -fdata-sections -Wall -fstack-usage -fcyclomatic-complexity -MMD -MP -MF"Drivers/STM32F4xx_HAL_Driver/Src/stm32f4xx_hal_flash_ramfunc.d" -MT"Drivers/STM32F4xx_HAL_Driver/Src/stm32f4xx_hal_flash_ramfunc.o" --specs=nano.specs -mfpu=fpv4-sp-d16 -mfloat-abi=hard -mthumb -o "Drivers/STM32F4xx_HAL_Driver/Src/stm32f4xx_hal_flash_ramfunc.o"
arm-none-eabi-gcc "../Drivers/STM32F4xx_HAL_Driver/Src/stm32f4xx_hal_gpio.c" -mcpu=cortex-m4 -std=gnu11 -g3 -DDEBUG -DUSE_HAL_DRIVER -DSTM32F411xE -c -I../Core/Inc -I../Drivers/STM32F4xx_HAL_Driver/Inc -I../Drivers/STM32F4xx_HAL_Driver/Inc/Legacy -I../Drivers/CMSIS/Device/ST/STM32F4xx/Include -I../Drivers/CMSIS/Include -I../Middlewares/Third_Party/FreeRTOS/Source/include -I../Middlewares/Third_Party/FreeRTOS/Source/CMSIS_RTOS_V2 -I../Middlewares/Third_Party/FreeRTOS/Source/portable/GCC/ARM_CM4F -O0 -ffunction-sections -fdata-sections -Wall -fstack-usage -fcyclomatic-complexity -MMD -MP -MF"Drivers/STM32F4xx_HAL_Driver/Src/stm32f4xx_hal_gpio.d" -MT"Drivers/STM32F4xx_HAL_Driver/Src/stm32f4xx_hal_gpio.o" --specs=nano.specs -mfpu=fpv4-sp-d16 -mfloat-abi=hard -mthumb -o "Drivers/STM32F4xx_HAL_Driver/Src/stm32f4xx_hal_gpio.o"
arm-none-eabi-gcc "../Drivers/STM32F4xx_HAL_Driver/Src/stm32f4xx_hal_pwr.c" -mcpu=cortex-m4 -std=gnu11 -g3 -DDEBUG -DUSE_HAL_DRIVER -DSTM32F411xE -c -I../Core/Inc -I../Drivers/STM32F4xx_HAL_Driver/Inc -I../Drivers/STM32F4xx_HAL_Driver/Inc/Legacy -I../Drivers/CMSIS/Device/ST/STM32F4xx/Include -I../Drivers/CMSIS/Include -I../Middlewares/Third_Party/FreeRTOS/Source/include -I../Middlewares/Third_Party/FreeRTOS/Source/CMSIS_RTOS_V2 -I../Middlewares/Third_Party/FreeRTOS/Source/portable/GCC/ARM_CM4F -O0 -ffunction-sections -fdata-sections -Wall -fstack-usage -fcyclomatic-complexity -MMD -MP -MF"Drivers/STM32F4xx_HAL_Driver/Src/stm32f4xx_hal_pwr.d" -MT"Drivers/STM32F4xx_HAL_Driver/Src/stm32f4xx_hal_pwr.o" --specs=nano.specs -mfpu=fpv4-sp-d16 -mfloat-abi=hard -mthumb -o "Drivers/STM32F4xx_HAL_Driver/Src/stm32f4xx_hal_pwr.o"
arm-none-eabi-gcc "../Drivers/STM32F4xx_HAL_Driver/Src/stm32f4xx_hal_pwr_ex.c" -mcpu=cortex-m4 -std=gnu11 -g3 -DDEBUG -DUSE_HAL_DRIVER -DSTM32F411xE -c -I../Core/Inc -I../Drivers/STM32F4xx_HAL_Driver/Inc -I../Drivers/STM32F4xx_HAL_Driver/Inc/Legacy -I../Drivers/CMSIS/Device/ST/STM32F4xx/Include -I../Drivers/CMSIS/Include -I../Middlewares/Third_Party/FreeRTOS/Source/include -I../Middlewares/Third_Party/FreeRTOS/Source/CMSIS_RTOS_V2 -I../Middlewares/Third_Party/FreeRTOS/Source/portable/GCC/ARM_CM4F -O0 -ffunction-sections -fdata-sections -Wall -fstack-usage -fcyclomatic-complexity -MMD -MP -MF"Drivers/STM32F4xx_HAL_Driver/Src/stm32f4xx_hal_pwr_ex.d" -MT"Drivers/STM32F4xx_HAL_Driver/Src/stm32f4xx_hal_pwr_ex.o" --specs=nano.specs -mfpu=fpv4-sp-d16 -mfloat-abi=hard -mthumb -o "Drivers/STM32F4xx_HAL_Driver/Src/stm32f4xx_hal_pwr_ex.o"
arm-none-eabi-gcc "../Drivers/STM32F4xx_HAL_Driver/Src/stm32f4xx_hal_rcc.c" -mcpu=cortex-m4 -std=gnu11 -g3 -DDEBUG -DUSE_HAL_DRIVER -DSTM32F411xE -c -I../Core/Inc -I../Drivers/STM32F4xx_HAL_Driver/Inc -I../Drivers/STM32F4xx_HAL_Driver/Inc/Legacy -I../Drivers/CMSIS/Device/ST/STM32F4xx/Include -I../Drivers/CMSIS/Include -I../Middlewares/Third_Party/FreeRTOS/Source/include -I../Middlewares/Third_Party/FreeRTOS/Source/CMSIS_RTOS_V2 -I../Middlewares/Third_Party/FreeRTOS/Source/portable/GCC/ARM_CM4F -O0 -ffunction-sections -fdata-sections -Wall -fstack-usage -fcyclomatic-complexity -MMD -MP -MF"Drivers/STM32F4xx_HAL_Driver/Src/stm32f4xx_hal_rcc.d" -MT"Drivers/STM32F4xx_HAL_Driver/Src/stm32f4xx_hal_rcc.o" --specs=nano.specs -mfpu=fpv4-sp-d16 -mfloat-abi=hard -mthumb -o "Drivers/STM32F4xx_HAL_Driver/Src/stm32f4xx_hal_rcc.o"
arm-none-eabi-gcc "../Drivers/STM32F4xx_HAL_Driver/Src/stm32f4xx_hal_rcc_ex.c" -mcpu=cortex-m4 -std=gnu11 -g3 -DDEBUG -DUSE_HAL_DRIVER -DSTM32F411xE -c -I../Core/Inc -I../Drivers/STM32F4xx_HAL_Driver/Inc -I../Drivers/STM32F4xx_HAL_Driver/Inc/Legacy -I../Drivers/CMSIS/Device/ST/STM32F4xx/Include -I../Drivers/CMSIS/Include -I../Middlewares/Third_Party/FreeRTOS/Source/include -I../Middlewares/Third_Party/FreeRTOS/Source/CMSIS_RTOS_V2 -I../Middlewares/Third_Party/FreeRTOS/Source/portable/GCC/ARM_CM4F -O0 -ffunction-sections -fdata-sections -Wall -fstack-usage -fcyclomatic-complexity -MMD -MP -MF"Drivers/STM32F4xx_HAL_Driver/Src/stm32f4xx_hal_rcc_ex.d" -MT"Drivers/STM32F4xx_HAL_Driver/Src/stm32f4xx_hal_rcc_ex.o" --specs=nano.specs -mfpu=fpv4-sp-d16 -mfloat-abi=hard -mthumb -o "Drivers/STM32F4xx_HAL_Driver/Src/stm32f4xx_hal_rcc_ex.o"
arm-none-eabi-gcc "../Drivers/STM32F4xx_HAL_Driver/Src/stm32f4xx_hal_tim.c" -mcpu=cortex-m4 -std=gnu11 -g3 -DDEBUG -DUSE_HAL_DRIVER -DSTM32F411xE -c -I../Core/Inc -I../Drivers/STM32F4xx_HAL_Driver/Inc -I../Drivers/STM32F4xx_HAL_Driver/Inc/Legacy -I../Drivers/CMSIS/Device/ST/STM32F4xx/Include -I../Drivers/CMSIS/Include -I../Middlewares/Third_Party/FreeRTOS/Source/include -I../Middlewares/Third_Party/FreeRTOS/Source/CMSIS_RTOS_V2 -I../Middlewares/Third_Party/FreeRTOS/Source/portable/GCC/ARM_CM4F -O0 -ffunction-sections -fdata-sections -Wall -fstack-usage -fcyclomatic-complexity -MMD -MP -MF"Drivers/STM32F4xx_HAL_Driver/Src/stm32f4xx_hal_tim.d" -MT"Drivers/STM32F4xx_HAL_Driver/Src/stm32f4xx_hal_tim.o" --specs=nano.specs -mfpu=fpv4-sp-d16 -mfloat-abi=hard -mthumb -o "Drivers/STM32F4xx_HAL_Driver/Src/stm32f4xx_hal_tim.o"
arm-none-eabi-gcc "../Drivers/STM32F4xx_HAL_Driver/Src/stm32f4xx_hal_tim_ex.c" -mcpu=cortex-m4 -std=gnu11 -g3 -DDEBUG -DUSE_HAL_DRIVER -DSTM32F411xE -c -I../Core/Inc -I../Drivers/STM32F4xx_HAL_Driver/Inc -I../Drivers/STM32F4xx_HAL_Driver/Inc/Legacy -I../Drivers/CMSIS/Device/ST/STM32F4xx/Include -I../Drivers/CMSIS/Include -I../Middlewares/Third_Party/FreeRTOS/Source/include -I../Middlewares/Third_Party/FreeRTOS/Source/CMSIS_RTOS_V2 -I../Middlewares/Third_Party/FreeRTOS/Source/portable/GCC/ARM_CM4F -O0 -ffunction-sections -fdata-sections -Wall -fstack-usage -fcyclomatic-complexity -MMD -MP -MF"Drivers/STM32F4xx_HAL_Driver/Src/stm32f4xx_hal_tim_ex.d" -MT"Drivers/STM32F4xx_HAL_Driver/Src/stm32f4xx_hal_tim_ex.o" --specs=nano.specs -mfpu=fpv4-sp-d16 -mfloat-abi=hard -mthumb -o "Drivers/STM32F4xx_HAL_Driver/Src/stm32f4xx_hal_tim_ex.o"
arm-none-eabi-gcc -mcpu=cortex-m4 -g3 -DDEBUG -c -x assembler-with-cpp -MMD -MP -MF"Core/Startup/startup_stm32f411ceux.d" -MT"Core/Startup/startup_stm32f411ceux.o" --specs=nano.specs -mfpu=fpv4-sp-d16 -mfloat-abi=hard -mthumb -o "Core/Startup/startup_stm32f411ceux.o" "../Core/Startup/startup_stm32f411ceux.s"
arm-none-eabi-gcc "../Core/Src/freertos.c" -mcpu=cortex-m4 -std=gnu11 -g3 -DDEBUG -DUSE_HAL_DRIVER -DSTM32F411xE -c -I../Core/Inc -I../Drivers/STM32F4xx_HAL_Driver/Inc -I../Drivers/STM32F4xx_HAL_Driver/Inc/Legacy -I../Drivers/CMSIS/Device/ST/STM32F4xx/Include -I../Drivers/CMSIS/Include -I../Middlewares/Third_Party/FreeRTOS/Source/include -I../Middlewares/Third_Party/FreeRTOS/Source/CMSIS_RTOS_V2 -I../Middlewares/Third_Party/FreeRTOS/Source/portable/GCC/ARM_CM4F -O0 -ffunction-sections -fdata-sections -Wall -fstack-usage -fcyclomatic-complexity -MMD -MP -MF"Core/Src/freertos.d" -MT"Core/Src/freertos.o" --specs=nano.specs -mfpu=fpv4-sp-d16 -mfloat-abi=hard -mthumb -o "Core/Src/freertos.o"
arm-none-eabi-gcc "../Core/Src/main.c" -mcpu=cortex-m4 -std=gnu11 -g3 -DDEBUG -DUSE_HAL_DRIVER -DSTM32F411xE -c -I../Core/Inc -I../Drivers/STM32F4xx_HAL_Driver/Inc -I../Drivers/STM32F4xx_HAL_Driver/Inc/Legacy -I../Drivers/CMSIS/Device/ST/STM32F4xx/Include -I../Drivers/CMSIS/Include -I../Middlewares/Third_Party/FreeRTOS/Source/include -I../Middlewares/Third_Party/FreeRTOS/Source/CMSIS_RTOS_V2 -I../Middlewares/Third_Party/FreeRTOS/Source/portable/GCC/ARM_CM4F -O0 -ffunction-sections -fdata-sections -Wall -fstack-usage -fcyclomatic-complexity -MMD -MP -MF"Core/Src/main.d" -MT"Core/Src/main.o" --specs=nano.specs -mfpu=fpv4-sp-d16 -mfloat-abi=hard -mthumb -o "Core/Src/main.o"
arm-none-eabi-gcc "../Core/Src/stm32f4xx_hal_msp.c" -mcpu=cortex-m4 -std=gnu11 -g3 -DDEBUG -DUSE_HAL_DRIVER -DSTM32F411xE -c -I../Core/Inc -I../Drivers/STM32F4xx_HAL_Driver/Inc -I../Drivers/STM32F4xx_HAL_Driver/Inc/Legacy -I../Drivers/CMSIS/Device/ST/STM32F4xx/Include -I../Drivers/CMSIS/Include -I../Middlewares/Third_Party/FreeRTOS/Source/include -I../Middlewares/Third_Party/FreeRTOS/Source/CMSIS_RTOS_V2 -I../Middlewares/Third_Party/FreeRTOS/Source/portable/GCC/ARM_CM4F -O0 -ffunction-sections -fdata-sections -Wall -fstack-usage -fcyclomatic-complexity -MMD -MP -MF"Core/Src/stm32f4xx_hal_msp.d" -MT"Core/Src/stm32f4xx_hal_msp.o" --specs=nano.specs -mfpu=fpv4-sp-d16 -mfloat-abi=hard -mthumb -o "Core/Src/stm32f4xx_hal_msp.o"
arm-none-eabi-gcc "../Core/Src/stm32f4xx_hal_timebase_tim.c" -mcpu=cortex-m4 -std=gnu11 -g3 -DDEBUG -DUSE_HAL_DRIVER -DSTM32F411xE -c -I../Core/Inc -I../Drivers/STM32F4xx_HAL_Driver/Inc -I../Drivers/STM32F4xx_HAL_Driver/Inc/Legacy -I../Drivers/CMSIS/Device/ST/STM32F4xx/Include -I../Drivers/CMSIS/Include -I../Middlewares/Third_Party/FreeRTOS/Source/include -I../Middlewares/Third_Party/FreeRTOS/Source/CMSIS_RTOS_V2 -I../Middlewares/Third_Party/FreeRTOS/Source/portable/GCC/ARM_CM4F -O0 -ffunction-sections -fdata-sections -Wall -fstack-usage -fcyclomatic-complexity -MMD -MP -MF"Core/Src/stm32f4xx_hal_timebase_tim.d" -MT"Core/Src/stm32f4xx_hal_timebase_tim.o" --specs=nano.specs -mfpu=fpv4-sp-d16 -mfloat-abi=hard -mthumb -o "Core/Src/stm32f4xx_hal_timebase_tim.o"
arm-none-eabi-gcc "../Core/Src/stm32f4xx_it.c" -mcpu=cortex-m4 -std=gnu11 -g3 -DDEBUG -DUSE_HAL_DRIVER -DSTM32F411xE -c -I../Core/Inc -I../Drivers/STM32F4xx_HAL_Driver/Inc -I../Drivers/STM32F4xx_HAL_Driver/Inc/Legacy -I../Drivers/CMSIS/Device/ST/STM32F4xx/Include -I../Drivers/CMSIS/Include -I../Middlewares/Third_Party/FreeRTOS/Source/include -I../Middlewares/Third_Party/FreeRTOS/Source/CMSIS_RTOS_V2 -I../Middlewares/Third_Party/FreeRTOS/Source/portable/GCC/ARM_CM4F -O0 -ffunction-sections -fdata-sections -Wall -fstack-usage -fcyclomatic-complexity -MMD -MP -MF"Core/Src/stm32f4xx_it.d" -MT"Core/Src/stm32f4xx_it.o" --specs=nano.specs -mfpu=fpv4-sp-d16 -mfloat-abi=hard -mthumb -o "Core/Src/stm32f4xx_it.o"
arm-none-eabi-gcc "../Core/Src/syscalls.c" -mcpu=cortex-m4 -std=gnu11 -g3 -DDEBUG -DUSE_HAL_DRIVER -DSTM32F411xE -c -I../Core/Inc -I../Drivers/STM32F4xx_HAL_Driver/Inc -I../Drivers/STM32F4xx_HAL_Driver/Inc/Legacy -I../Drivers/CMSIS/Device/ST/STM32F4xx/Include -I../Drivers/CMSIS/Include -I../Middlewares/Third_Party/FreeRTOS/Source/include -I../Middlewares/Third_Party/FreeRTOS/Source/CMSIS_RTOS_V2 -I../Middlewares/Third_Party/FreeRTOS/Source/portable/GCC/ARM_CM4F -O0 -ffunction-sections -fdata-sections -Wall -fstack-usage -fcyclomatic-complexity -MMD -MP -MF"Core/Src/syscalls.d" -MT"Core/Src/syscalls.o" --specs=nano.specs -mfpu=fpv4-sp-d16 -mfloat-abi=hard -mthumb -o "Core/Src/syscalls.o"
arm-none-eabi-gcc "../Core/Src/sysmem.c" -mcpu=cortex-m4 -std=gnu11 -g3 -DDEBUG -DUSE_HAL_DRIVER -DSTM32F411xE -c -I../Core/Inc -I../Drivers/STM32F4xx_HAL_Driver/Inc -I../Drivers/STM32F4xx_HAL_Driver/Inc/Legacy -I../Drivers/CMSIS/Device/ST/STM32F4xx/Include -I../Drivers/CMSIS/Include -I../Middlewares/Third_Party/FreeRTOS/Source/include -I../Middlewares/Third_Party/FreeRTOS/Source/CMSIS_RTOS_V2 -I../Middlewares/Third_Party/FreeRTOS/Source/portable/GCC/ARM_CM4F -O0 -ffunction-sections -fdata-sections -Wall -fstack-usage -fcyclomatic-complexity -MMD -MP -MF"Core/Src/sysmem.d" -MT"Core/Src/sysmem.o" --specs=nano.specs -mfpu=fpv4-sp-d16 -mfloat-abi=hard -mthumb -o "Core/Src/sysmem.o"
arm-none-eabi-gcc "../Core/Src/system_stm32f4xx.c" -mcpu=cortex-m4 -std=gnu11 -g3 -DDEBUG -DUSE_HAL_DRIVER -DSTM32F411xE -c -I../Core/Inc -I../Drivers/STM32F4xx_HAL_Driver/Inc -I../Drivers/STM32F4xx_HAL_Driver/Inc/Legacy -I../Drivers/CMSIS/Device/ST/STM32F4xx/Include -I../Drivers/CMSIS/Include -I../Middlewares/Third_Party/FreeRTOS/Source/include -I../Middlewares/Third_Party/FreeRTOS/Source/CMSIS_RTOS_V2 -I../Middlewares/Third_Party/FreeRTOS/Source/portable/GCC/ARM_CM4F -O0 -ffunction-sections -fdata-sections -Wall -fstack-usage -fcyclomatic-complexity -MMD -MP -MF"Core/Src/system_stm32f4xx.d" -MT"Core/Src/system_stm32f4xx.o" --specs=nano.specs -mfpu=fpv4-sp-d16 -mfloat-abi=hard -mthumb -o "Core/Src/system_stm32f4xx.o"
arm-none-eabi-gcc -o "Func_gen_mux.elf" @"objects.list"   -mcpu=cortex-m4 -T"E:\Sexto_sem\MCU_avanzados\Func_gen_mux\STM32F411CEUX_FLASH.ld" --specs=nosys.specs -Wl,-Map="Func_gen_mux.map" -Wl,--gc-sections -static --specs=nano.specs -mfpu=fpv4-sp-d16 -mfloat-abi=hard -mthumb -Wl,--start-group -lc -lm -Wl,--end-group
C:/ST/STM32CubeIDE_1.14.0/STM32CubeIDE/plugins/com.st.stm32cube.ide.mcu.externaltools.gnu-tools-for-stm32.12.3.rel1.win32_1.0.100.202403111256/tools/bin/../lib/gcc/arm-none-eabi/12.3.1/../../../../arm-none-eabi/bin/ld.exe: warning: Func_gen_mux.elf has a LOAD segment with RWX permissions
Finished building target: Func_gen_mux.elf
 
arm-none-eabi-size  Func_gen_mux.elf 
arm-none-eabi-objdump -h -S Func_gen_mux.elf  > "Func_gen_mux.list"
   text	   data	    bss	    dec	    hex	filename
  28824	     24	  20504	  49352	   c0c8	Func_gen_mux.elf
Finished building: default.size.stdout
 
Finished building: Func_gen_mux.list
 
15:23:31 **** Incremental Build of configuration Debug for project Func_gen_mux ****
make -j12 all 
arm-none-eabi-size  Func_gen_mux.elf 
   text	   data	    bss	    dec	    hex	filename
  28824	     24	  20504	  49352	   c0c8	Func_gen_mux.elf
Finished building: default.size.stdout
 
15:28:01 **** Build of configuration Debug for project sensores_melchor ****
make -j12 all 
arm-none-eabi-gcc "../Core/Src/main.c" -mcpu=cortex-m7 -std=gnu11 -g3 -DDEBUG -DUSE_HAL_DRIVER -DSTM32F746xx -c -I../Core/Inc -I../Drivers/STM32F7xx_HAL_Driver/Inc -I../Drivers/STM32F7xx_HAL_Driver/Inc/Legacy -I../Drivers/CMSIS/Device/ST/STM32F7xx/Include -I../Drivers/CMSIS/Include -O0 -ffunction-sections -fdata-sections -Wall -fstack-usage -fcyclomatic-complexity -MMD -MP -MF"Core/Src/main.d" -MT"Core/Src/main.o" --specs=nano.specs -mfpu=fpv5-sp-d16 -mfloat-abi=hard -mthumb -o "Core/Src/main.o"
../Core/Src/main.c: In function 'MX_ADC3_Init':
../Core/Src/main.c:245:26: warning: unused variable 'sConfig' [-Wunused-variable]
  245 |   ADC_ChannelConfTypeDef sConfig = {0};
      |                          ^~~~~~~
arm-none-eabi-gcc -o "sensores_melchor.elf" @"objects.list"   -mcpu=cortex-m7 -T"E:\Sexto_sem\MCU_avanzados\sensores_melchor\STM32F746NGHX_FLASH.ld" --specs=nosys.specs -Wl,-Map="sensores_melchor.map" -Wl,--gc-sections -static --specs=nano.specs -mfpu=fpv5-sp-d16 -mfloat-abi=hard -mthumb -u _printf_float -Wl,--start-group -lc -lm -Wl,--end-group
C:/ST/STM32CubeIDE_1.14.0/STM32CubeIDE/plugins/com.st.stm32cube.ide.mcu.externaltools.gnu-tools-for-stm32.12.3.rel1.win32_1.0.100.202403111256/tools/bin/../lib/gcc/arm-none-eabi/12.3.1/../../../../arm-none-eabi/bin/ld.exe: warning: sensores_melchor.elf has a LOAD segment with RWX permissions
Finished building target: sensores_melchor.elf
 
arm-none-eabi-size  sensores_melchor.elf 
arm-none-eabi-objdump -h -S sensores_melchor.elf  > "sensores_melchor.list"
   text	   data	    bss	    dec	    hex	filename
  35940	    500	   2468	  38908	   97fc	sensores_melchor.elf
Finished building: default.size.stdout
 
Finished building: sensores_melchor.list
 
16:35:01 **** Incremental Build of configuration Debug for project sensores_melchor ****
make -j12 all 
arm-none-eabi-size  sensores_melchor.elf 
   text	   data	    bss	    dec	    hex	filename
  35940	    500	   2468	  38908	   97fc	sensores_melchor.elf
Finished building: default.size.stdout
 
16:37:46 **** Incremental Build of configuration Debug for project sensores_melchor ****
make -j12 all 
arm-none-eabi-size  sensores_melchor.elf 
   text	   data	    bss	    dec	    hex	filename
  35940	    500	   2468	  38908	   97fc	sensores_melchor.elf
Finished building: default.size.stdout
 
17:19:57 **** Incremental Build of configuration Debug for project sensores_melchor ****
make -j12 all 
arm-none-eabi-gcc "../Core/Src/main.c" -mcpu=cortex-m7 -std=gnu11 -g3 -DDEBUG -DUSE_HAL_DRIVER -DSTM32F746xx -c -I../Core/Inc -I../Drivers/STM32F7xx_HAL_Driver/Inc -I../Drivers/STM32F7xx_HAL_Driver/Inc/Legacy -I../Drivers/CMSIS/Device/ST/STM32F7xx/Include -I../Drivers/CMSIS/Include -O0 -ffunction-sections -fdata-sections -Wall -fstack-usage -fcyclomatic-complexity -MMD -MP -MF"Core/Src/main.d" -MT"Core/Src/main.o" --specs=nano.specs -mfpu=fpv5-sp-d16 -mfloat-abi=hard -mthumb -o "Core/Src/main.o"
../Core/Src/main.c: In function 'MX_ADC3_Init':
../Core/Src/main.c:245:26: warning: unused variable 'sConfig' [-Wunused-variable]
  245 |   ADC_ChannelConfTypeDef sConfig = {0};
      |                          ^~~~~~~
arm-none-eabi-gcc -o "sensores_melchor.elf" @"objects.list"   -mcpu=cortex-m7 -T"E:\Sexto_sem\MCU_avanzados\sensores_melchor\STM32F746NGHX_FLASH.ld" --specs=nosys.specs -Wl,-Map="sensores_melchor.map" -Wl,--gc-sections -static --specs=nano.specs -mfpu=fpv5-sp-d16 -mfloat-abi=hard -mthumb -u _printf_float -Wl,--start-group -lc -lm -Wl,--end-group
C:/ST/STM32CubeIDE_1.14.0/STM32CubeIDE/plugins/com.st.stm32cube.ide.mcu.externaltools.gnu-tools-for-stm32.12.3.rel1.win32_1.0.100.202403111256/tools/bin/../lib/gcc/arm-none-eabi/12.3.1/../../../../arm-none-eabi/bin/ld.exe: warning: sensores_melchor.elf has a LOAD segment with RWX permissions
Finished building target: sensores_melchor.elf
 
arm-none-eabi-size  sensores_melchor.elf 
arm-none-eabi-objdump -h -S sensores_melchor.elf  > "sensores_melchor.list"
   text	   data	    bss	    dec	    hex	filename
  35932	    500	   2468	  38900	   97f4	sensores_melchor.elf
Finished building: default.size.stdout
 
Finished building: sensores_melchor.list
 
17:22:10 **** Incremental Build of configuration Debug for project sensores_melchor ****
make -j12 all 
arm-none-eabi-gcc "../Core/Src/main.c" -mcpu=cortex-m7 -std=gnu11 -g3 -DDEBUG -DUSE_HAL_DRIVER -DSTM32F746xx -c -I../Core/Inc -I../Drivers/STM32F7xx_HAL_Driver/Inc -I../Drivers/STM32F7xx_HAL_Driver/Inc/Legacy -I../Drivers/CMSIS/Device/ST/STM32F7xx/Include -I../Drivers/CMSIS/Include -O0 -ffunction-sections -fdata-sections -Wall -fstack-usage -fcyclomatic-complexity -MMD -MP -MF"Core/Src/main.d" -MT"Core/Src/main.o" --specs=nano.specs -mfpu=fpv5-sp-d16 -mfloat-abi=hard -mthumb -o "Core/Src/main.o"
../Core/Src/main.c: In function 'MX_ADC3_Init':
../Core/Src/main.c:245:26: warning: unused variable 'sConfig' [-Wunused-variable]
  245 |   ADC_ChannelConfTypeDef sConfig = {0};
      |                          ^~~~~~~
arm-none-eabi-gcc -o "sensores_melchor.elf" @"objects.list"   -mcpu=cortex-m7 -T"E:\Sexto_sem\MCU_avanzados\sensores_melchor\STM32F746NGHX_FLASH.ld" --specs=nosys.specs -Wl,-Map="sensores_melchor.map" -Wl,--gc-sections -static --specs=nano.specs -mfpu=fpv5-sp-d16 -mfloat-abi=hard -mthumb -u _printf_float -Wl,--start-group -lc -lm -Wl,--end-group
C:/ST/STM32CubeIDE_1.14.0/STM32CubeIDE/plugins/com.st.stm32cube.ide.mcu.externaltools.gnu-tools-for-stm32.12.3.rel1.win32_1.0.100.202403111256/tools/bin/../lib/gcc/arm-none-eabi/12.3.1/../../../../arm-none-eabi/bin/ld.exe: warning: sensores_melchor.elf has a LOAD segment with RWX permissions
Finished building target: sensores_melchor.elf
 
arm-none-eabi-size  sensores_melchor.elf 
arm-none-eabi-objdump -h -S sensores_melchor.elf  > "sensores_melchor.list"
   text	   data	    bss	    dec	    hex	filename
  35932	    496	   2472	  38900	   97f4	sensores_melchor.elf
Finished building: default.size.stdout
 
Finished building: sensores_melchor.list
 
17:22:35 **** Incremental Build of configuration Debug for project sensores_melchor ****
make -j12 all 
arm-none-eabi-size  sensores_melchor.elf 
   text	   data	    bss	    dec	    hex	filename
  35932	    496	   2472	  38900	   97f4	sensores_melchor.elf
Finished building: default.size.stdout
 
17:23:31 **** Incremental Build of configuration Debug for project sensores_melchor ****
make -j12 all 
arm-none-eabi-gcc "../Core/Src/main.c" -mcpu=cortex-m7 -std=gnu11 -g3 -DDEBUG -DUSE_HAL_DRIVER -DSTM32F746xx -c -I../Core/Inc -I../Drivers/STM32F7xx_HAL_Driver/Inc -I../Drivers/STM32F7xx_HAL_Driver/Inc/Legacy -I../Drivers/CMSIS/Device/ST/STM32F7xx/Include -I../Drivers/CMSIS/Include -O0 -ffunction-sections -fdata-sections -Wall -fstack-usage -fcyclomatic-complexity -MMD -MP -MF"Core/Src/main.d" -MT"Core/Src/main.o" --specs=nano.specs -mfpu=fpv5-sp-d16 -mfloat-abi=hard -mthumb -o "Core/Src/main.o"
../Core/Src/main.c: In function 'MX_ADC3_Init':
../Core/Src/main.c:244:26: warning: unused variable 'sConfig' [-Wunused-variable]
  244 |   ADC_ChannelConfTypeDef sConfig = {0};
      |                          ^~~~~~~
arm-none-eabi-gcc -o "sensores_melchor.elf" @"objects.list"   -mcpu=cortex-m7 -T"E:\Sexto_sem\MCU_avanzados\sensores_melchor\STM32F746NGHX_FLASH.ld" --specs=nosys.specs -Wl,-Map="sensores_melchor.map" -Wl,--gc-sections -static --specs=nano.specs -mfpu=fpv5-sp-d16 -mfloat-abi=hard -mthumb -u _printf_float -Wl,--start-group -lc -lm -Wl,--end-group
C:/ST/STM32CubeIDE_1.14.0/STM32CubeIDE/plugins/com.st.stm32cube.ide.mcu.externaltools.gnu-tools-for-stm32.12.3.rel1.win32_1.0.100.202403111256/tools/bin/../lib/gcc/arm-none-eabi/12.3.1/../../../../arm-none-eabi/bin/ld.exe: warning: sensores_melchor.elf has a LOAD segment with RWX permissions
Finished building target: sensores_melchor.elf
 
arm-none-eabi-size  sensores_melchor.elf 
arm-none-eabi-objdump -h -S sensores_melchor.elf  > "sensores_melchor.list"
   text	   data	    bss	    dec	    hex	filename
  35852	    496	   2472	  38820	   97a4	sensores_melchor.elf
Finished building: default.size.stdout
 
Finished building: sensores_melchor.list
 
17:27:03 **** Incremental Build of configuration Debug for project sensores_melchor ****
make -j12 all 
arm-none-eabi-gcc "../Core/Src/main.c" -mcpu=cortex-m7 -std=gnu11 -g3 -DDEBUG -DUSE_HAL_DRIVER -DSTM32F746xx -c -I../Core/Inc -I../Drivers/STM32F7xx_HAL_Driver/Inc -I../Drivers/STM32F7xx_HAL_Driver/Inc/Legacy -I../Drivers/CMSIS/Device/ST/STM32F7xx/Include -I../Drivers/CMSIS/Include -O0 -ffunction-sections -fdata-sections -Wall -fstack-usage -fcyclomatic-complexity -MMD -MP -MF"Core/Src/main.d" -MT"Core/Src/main.o" --specs=nano.specs -mfpu=fpv5-sp-d16 -mfloat-abi=hard -mthumb -o "Core/Src/main.o"
../Core/Src/main.c: In function 'MX_ADC3_Init':
../Core/Src/main.c:244:26: warning: unused variable 'sConfig' [-Wunused-variable]
  244 |   ADC_ChannelConfTypeDef sConfig = {0};
      |                          ^~~~~~~
arm-none-eabi-gcc -o "sensores_melchor.elf" @"objects.list"   -mcpu=cortex-m7 -T"E:\Sexto_sem\MCU_avanzados\sensores_melchor\STM32F746NGHX_FLASH.ld" --specs=nosys.specs -Wl,-Map="sensores_melchor.map" -Wl,--gc-sections -static --specs=nano.specs -mfpu=fpv5-sp-d16 -mfloat-abi=hard -mthumb -u _printf_float -Wl,--start-group -lc -lm -Wl,--end-group
C:/ST/STM32CubeIDE_1.14.0/STM32CubeIDE/plugins/com.st.stm32cube.ide.mcu.externaltools.gnu-tools-for-stm32.12.3.rel1.win32_1.0.100.202403111256/tools/bin/../lib/gcc/arm-none-eabi/12.3.1/../../../../arm-none-eabi/bin/ld.exe: warning: sensores_melchor.elf has a LOAD segment with RWX permissions
Finished building target: sensores_melchor.elf
 
arm-none-eabi-size  sensores_melchor.elf 
arm-none-eabi-objdump -h -S sensores_melchor.elf  > "sensores_melchor.list"
   text	   data	    bss	    dec	    hex	filename
  35852	    496	   2472	  38820	   97a4	sensores_melchor.elf
Finished building: default.size.stdout
 
Finished building: sensores_melchor.list
 
17:29:19 **** Incremental Build of configuration Debug for project sensores_melchor ****
make -j12 all 
arm-none-eabi-gcc "../Core/Src/ACS712.c" -mcpu=cortex-m7 -std=gnu11 -g3 -DDEBUG -DUSE_HAL_DRIVER -DSTM32F746xx -c -I../Core/Inc -I../Drivers/STM32F7xx_HAL_Driver/Inc -I../Drivers/STM32F7xx_HAL_Driver/Inc/Legacy -I../Drivers/CMSIS/Device/ST/STM32F7xx/Include -I../Drivers/CMSIS/Include -O0 -ffunction-sections -fdata-sections -Wall -fstack-usage -fcyclomatic-complexity -MMD -MP -MF"Core/Src/ACS712.d" -MT"Core/Src/ACS712.o" --specs=nano.specs -mfpu=fpv5-sp-d16 -mfloat-abi=hard -mthumb -o "Core/Src/ACS712.o"
arm-none-eabi-gcc -o "sensores_melchor.elf" @"objects.list"   -mcpu=cortex-m7 -T"E:\Sexto_sem\MCU_avanzados\sensores_melchor\STM32F746NGHX_FLASH.ld" --specs=nosys.specs -Wl,-Map="sensores_melchor.map" -Wl,--gc-sections -static --specs=nano.specs -mfpu=fpv5-sp-d16 -mfloat-abi=hard -mthumb -u _printf_float -Wl,--start-group -lc -lm -Wl,--end-group
C:/ST/STM32CubeIDE_1.14.0/STM32CubeIDE/plugins/com.st.stm32cube.ide.mcu.externaltools.gnu-tools-for-stm32.12.3.rel1.win32_1.0.100.202403111256/tools/bin/../lib/gcc/arm-none-eabi/12.3.1/../../../../arm-none-eabi/bin/ld.exe: warning: sensores_melchor.elf has a LOAD segment with RWX permissions
Finished building target: sensores_melchor.elf
 
arm-none-eabi-size  sensores_melchor.elf 
arm-none-eabi-objdump -h -S sensores_melchor.elf  > "sensores_melchor.list"
   text	   data	    bss	    dec	    hex	filename
  35852	    496	   2472	  38820	   97a4	sensores_melchor.elf
Finished building: default.size.stdout
 
Finished building: sensores_melchor.list
 
17:30:58 **** Incremental Build of configuration Debug for project sensores_melchor ****
make -j12 all 
arm-none-eabi-gcc "../Core/Src/ACS712.c" -mcpu=cortex-m7 -std=gnu11 -g3 -DDEBUG -DUSE_HAL_DRIVER -DSTM32F746xx -c -I../Core/Inc -I../Drivers/STM32F7xx_HAL_Driver/Inc -I../Drivers/STM32F7xx_HAL_Driver/Inc/Legacy -I../Drivers/CMSIS/Device/ST/STM32F7xx/Include -I../Drivers/CMSIS/Include -O0 -ffunction-sections -fdata-sections -Wall -fstack-usage -fcyclomatic-complexity -MMD -MP -MF"Core/Src/ACS712.d" -MT"Core/Src/ACS712.o" --specs=nano.specs -mfpu=fpv5-sp-d16 -mfloat-abi=hard -mthumb -o "Core/Src/ACS712.o"
arm-none-eabi-gcc -o "sensores_melchor.elf" @"objects.list"   -mcpu=cortex-m7 -T"E:\Sexto_sem\MCU_avanzados\sensores_melchor\STM32F746NGHX_FLASH.ld" --specs=nosys.specs -Wl,-Map="sensores_melchor.map" -Wl,--gc-sections -static --specs=nano.specs -mfpu=fpv5-sp-d16 -mfloat-abi=hard -mthumb -u _printf_float -Wl,--start-group -lc -lm -Wl,--end-group
C:/ST/STM32CubeIDE_1.14.0/STM32CubeIDE/plugins/com.st.stm32cube.ide.mcu.externaltools.gnu-tools-for-stm32.12.3.rel1.win32_1.0.100.202403111256/tools/bin/../lib/gcc/arm-none-eabi/12.3.1/../../../../arm-none-eabi/bin/ld.exe: warning: sensores_melchor.elf has a LOAD segment with RWX permissions
Finished building target: sensores_melchor.elf
 
arm-none-eabi-size  sensores_melchor.elf 
arm-none-eabi-objdump -h -S sensores_melchor.elf  > "sensores_melchor.list"
   text	   data	    bss	    dec	    hex	filename
  35852	    496	   2472	  38820	   97a4	sensores_melchor.elf
Finished building: default.size.stdout
 
Finished building: sensores_melchor.list
 
17:37:41 **** Incremental Build of configuration Debug for project sensores_melchor ****
make -j12 all 
arm-none-eabi-gcc "../Core/Src/ACS712.c" -mcpu=cortex-m7 -std=gnu11 -g3 -DDEBUG -DUSE_HAL_DRIVER -DSTM32F746xx -c -I../Core/Inc -I../Drivers/STM32F7xx_HAL_Driver/Inc -I../Drivers/STM32F7xx_HAL_Driver/Inc/Legacy -I../Drivers/CMSIS/Device/ST/STM32F7xx/Include -I../Drivers/CMSIS/Include -O0 -ffunction-sections -fdata-sections -Wall -fstack-usage -fcyclomatic-complexity -MMD -MP -MF"Core/Src/ACS712.d" -MT"Core/Src/ACS712.o" --specs=nano.specs -mfpu=fpv5-sp-d16 -mfloat-abi=hard -mthumb -o "Core/Src/ACS712.o"
arm-none-eabi-gcc -o "sensores_melchor.elf" @"objects.list"   -mcpu=cortex-m7 -T"E:\Sexto_sem\MCU_avanzados\sensores_melchor\STM32F746NGHX_FLASH.ld" --specs=nosys.specs -Wl,-Map="sensores_melchor.map" -Wl,--gc-sections -static --specs=nano.specs -mfpu=fpv5-sp-d16 -mfloat-abi=hard -mthumb -u _printf_float -Wl,--start-group -lc -lm -Wl,--end-group
C:/ST/STM32CubeIDE_1.14.0/STM32CubeIDE/plugins/com.st.stm32cube.ide.mcu.externaltools.gnu-tools-for-stm32.12.3.rel1.win32_1.0.100.202403111256/tools/bin/../lib/gcc/arm-none-eabi/12.3.1/../../../../arm-none-eabi/bin/ld.exe: warning: sensores_melchor.elf has a LOAD segment with RWX permissions
Finished building target: sensores_melchor.elf
 
arm-none-eabi-size  sensores_melchor.elf 
arm-none-eabi-objdump -h -S sensores_melchor.elf  > "sensores_melchor.list"
   text	   data	    bss	    dec	    hex	filename
  35804	    496	   2472	  38772	   9774	sensores_melchor.elf
Finished building: default.size.stdout
 
Finished building: sensores_melchor.list
 
17:39:59 **** Incremental Build of configuration Debug for project sensores_melchor ****
make -j12 all 
arm-none-eabi-gcc "../Core/Src/ACS712.c" -mcpu=cortex-m7 -std=gnu11 -g3 -DDEBUG -DUSE_HAL_DRIVER -DSTM32F746xx -c -I../Core/Inc -I../Drivers/STM32F7xx_HAL_Driver/Inc -I../Drivers/STM32F7xx_HAL_Driver/Inc/Legacy -I../Drivers/CMSIS/Device/ST/STM32F7xx/Include -I../Drivers/CMSIS/Include -O0 -ffunction-sections -fdata-sections -Wall -fstack-usage -fcyclomatic-complexity -MMD -MP -MF"Core/Src/ACS712.d" -MT"Core/Src/ACS712.o" --specs=nano.specs -mfpu=fpv5-sp-d16 -mfloat-abi=hard -mthumb -o "Core/Src/ACS712.o"
arm-none-eabi-gcc "../Core/Src/main.c" -mcpu=cortex-m7 -std=gnu11 -g3 -DDEBUG -DUSE_HAL_DRIVER -DSTM32F746xx -c -I../Core/Inc -I../Drivers/STM32F7xx_HAL_Driver/Inc -I../Drivers/STM32F7xx_HAL_Driver/Inc/Legacy -I../Drivers/CMSIS/Device/ST/STM32F7xx/Include -I../Drivers/CMSIS/Include -O0 -ffunction-sections -fdata-sections -Wall -fstack-usage -fcyclomatic-complexity -MMD -MP -MF"Core/Src/main.d" -MT"Core/Src/main.o" --specs=nano.specs -mfpu=fpv5-sp-d16 -mfloat-abi=hard -mthumb -o "Core/Src/main.o"
../Core/Src/main.c:47:20: warning: excess elements in struct initializer
   47 | ACS712 F1 = {0,0,0,0,0}; //Sensa la fase 1
      |                    ^
../Core/Src/main.c:47:20: note: (near initialization for 'F1')
../Core/Src/main.c:47:22: warning: excess elements in struct initializer
   47 | ACS712 F1 = {0,0,0,0,0}; //Sensa la fase 1
      |                      ^
../Core/Src/main.c:47:22: note: (near initialization for 'F1')
../Core/Src/main.c:48:20: warning: excess elements in struct initializer
   48 | ACS712 F2 = {0,0,0,0,1}; //Sensa la fase 2
      |                    ^
../Core/Src/main.c:48:20: note: (near initialization for 'F2')
../Core/Src/main.c:48:22: warning: excess elements in struct initializer
   48 | ACS712 F2 = {0,0,0,0,1}; //Sensa la fase 2
      |                      ^
../Core/Src/main.c:48:22: note: (near initialization for 'F2')
../Core/Src/main.c:49:20: warning: excess elements in struct initializer
   49 | ACS712 F3 = {0,0,0,0,2}; //Sensa la fase 3
      |                    ^
../Core/Src/main.c:49:20: note: (near initialization for 'F3')
../Core/Src/main.c:49:22: warning: excess elements in struct initializer
   49 | ACS712 F3 = {0,0,0,0,2}; //Sensa la fase 3
      |                      ^
../Core/Src/main.c:49:22: note: (near initialization for 'F3')
../Core/Src/main.c: In function 'MX_ADC3_Init':
../Core/Src/main.c:244:26: warning: unused variable 'sConfig' [-Wunused-variable]
  244 |   ADC_ChannelConfTypeDef sConfig = {0};
      |                          ^~~~~~~
arm-none-eabi-gcc -o "sensores_melchor.elf" @"objects.list"   -mcpu=cortex-m7 -T"E:\Sexto_sem\MCU_avanzados\sensores_melchor\STM32F746NGHX_FLASH.ld" --specs=nosys.specs -Wl,-Map="sensores_melchor.map" -Wl,--gc-sections -static --specs=nano.specs -mfpu=fpv5-sp-d16 -mfloat-abi=hard -mthumb -u _printf_float -Wl,--start-group -lc -lm -Wl,--end-group
C:/ST/STM32CubeIDE_1.14.0/STM32CubeIDE/plugins/com.st.stm32cube.ide.mcu.externaltools.gnu-tools-for-stm32.12.3.rel1.win32_1.0.100.202403111256/tools/bin/../lib/gcc/arm-none-eabi/12.3.1/../../../../arm-none-eabi/bin/ld.exe: warning: sensores_melchor.elf has a LOAD segment with RWX permissions
Finished building target: sensores_melchor.elf
 
arm-none-eabi-size  sensores_melchor.elf 
arm-none-eabi-objdump -h -S sensores_melchor.elf  > "sensores_melchor.list"
   text	   data	    bss	    dec	    hex	filename
  35844	    496	   2464	  38804	   9794	sensores_melchor.elf
Finished building: default.size.stdout
 
Finished building: sensores_melchor.list
 
17:46:23 **** Incremental Build of configuration Debug for project sensores_melchor ****
make -j12 all 
arm-none-eabi-gcc "../Core/Src/main.c" -mcpu=cortex-m7 -std=gnu11 -g3 -DDEBUG -DUSE_HAL_DRIVER -DSTM32F746xx -c -I../Core/Inc -I../Drivers/STM32F7xx_HAL_Driver/Inc -I../Drivers/STM32F7xx_HAL_Driver/Inc/Legacy -I../Drivers/CMSIS/Device/ST/STM32F7xx/Include -I../Drivers/CMSIS/Include -O0 -ffunction-sections -fdata-sections -Wall -fstack-usage -fcyclomatic-complexity -MMD -MP -MF"Core/Src/main.d" -MT"Core/Src/main.o" --specs=nano.specs -mfpu=fpv5-sp-d16 -mfloat-abi=hard -mthumb -o "Core/Src/main.o"
arm-none-eabi-gcc "../Core/Src/stm32f7xx_hal_msp.c" -mcpu=cortex-m7 -std=gnu11 -g3 -DDEBUG -DUSE_HAL_DRIVER -DSTM32F746xx -c -I../Core/Inc -I../Drivers/STM32F7xx_HAL_Driver/Inc -I../Drivers/STM32F7xx_HAL_Driver/Inc/Legacy -I../Drivers/CMSIS/Device/ST/STM32F7xx/Include -I../Drivers/CMSIS/Include -O0 -ffunction-sections -fdata-sections -Wall -fstack-usage -fcyclomatic-complexity -MMD -MP -MF"Core/Src/stm32f7xx_hal_msp.d" -MT"Core/Src/stm32f7xx_hal_msp.o" --specs=nano.specs -mfpu=fpv5-sp-d16 -mfloat-abi=hard -mthumb -o "Core/Src/stm32f7xx_hal_msp.o"
../Core/Src/main.c:47:20: warning: excess elements in struct initializer
   47 | ACS712 F1 = {0,0,0,0,0}; //Sensa la fase 1
      |                    ^
../Core/Src/main.c:47:20: note: (near initialization for 'F1')
../Core/Src/main.c:47:22: warning: excess elements in struct initializer
   47 | ACS712 F1 = {0,0,0,0,0}; //Sensa la fase 1
      |                      ^
../Core/Src/main.c:47:22: note: (near initialization for 'F1')
../Core/Src/main.c:48:20: warning: excess elements in struct initializer
   48 | ACS712 F2 = {0,0,0,0,1}; //Sensa la fase 2
      |                    ^
../Core/Src/main.c:48:20: note: (near initialization for 'F2')
../Core/Src/main.c:48:22: warning: excess elements in struct initializer
   48 | ACS712 F2 = {0,0,0,0,1}; //Sensa la fase 2
      |                      ^
../Core/Src/main.c:48:22: note: (near initialization for 'F2')
../Core/Src/main.c:49:20: warning: excess elements in struct initializer
   49 | ACS712 F3 = {0,0,0,0,2}; //Sensa la fase 3
      |                    ^
../Core/Src/main.c:49:20: note: (near initialization for 'F3')
../Core/Src/main.c:49:22: warning: excess elements in struct initializer
   49 | ACS712 F3 = {0,0,0,0,2}; //Sensa la fase 3
      |                      ^
../Core/Src/main.c:49:22: note: (near initialization for 'F3')
../Core/Src/main.c: In function 'main':
../Core/Src/main.c:145:23: error: 'htim14' undeclared (first use in this function); did you mean 'htim5'?
  145 |   HAL_TIM_Base_Start(&htim14);
      |                       ^~~~~~
      |                       htim5
../Core/Src/main.c:145:23: note: each undeclared identifier is reported only once for each function it appears in
../Core/Src/main.c: In function 'MX_ADC3_Init':
../Core/Src/main.c:244:26: warning: unused variable 'sConfig' [-Wunused-variable]
  244 |   ADC_ChannelConfTypeDef sConfig = {0};
      |                          ^~~~~~~
make: *** [Core/Src/subdir.mk:49: Core/Src/main.o] Error 1
make: *** Waiting for unfinished jobs....
"make -j12 all" terminated with exit code 2. Build might be incomplete.
17:46:43 **** Incremental Build of configuration Debug for project sensores_melchor ****
make -j12 all 
arm-none-eabi-gcc "../Core/Src/main.c" -mcpu=cortex-m7 -std=gnu11 -g3 -DDEBUG -DUSE_HAL_DRIVER -DSTM32F746xx -c -I../Core/Inc -I../Drivers/STM32F7xx_HAL_Driver/Inc -I../Drivers/STM32F7xx_HAL_Driver/Inc/Legacy -I../Drivers/CMSIS/Device/ST/STM32F7xx/Include -I../Drivers/CMSIS/Include -O0 -ffunction-sections -fdata-sections -Wall -fstack-usage -fcyclomatic-complexity -MMD -MP -MF"Core/Src/main.d" -MT"Core/Src/main.o" --specs=nano.specs -mfpu=fpv5-sp-d16 -mfloat-abi=hard -mthumb -o "Core/Src/main.o"
../Core/Src/main.c:47:20: warning: excess elements in struct initializer
   47 | ACS712 F1 = {0,0,0,0,0}; //Sensa la fase 1
      |                    ^
../Core/Src/main.c:47:20: note: (near initialization for 'F1')
../Core/Src/main.c:47:22: warning: excess elements in struct initializer
   47 | ACS712 F1 = {0,0,0,0,0}; //Sensa la fase 1
      |                      ^
../Core/Src/main.c:47:22: note: (near initialization for 'F1')
../Core/Src/main.c:48:20: warning: excess elements in struct initializer
   48 | ACS712 F2 = {0,0,0,0,1}; //Sensa la fase 2
      |                    ^
../Core/Src/main.c:48:20: note: (near initialization for 'F2')
../Core/Src/main.c:48:22: warning: excess elements in struct initializer
   48 | ACS712 F2 = {0,0,0,0,1}; //Sensa la fase 2
      |                      ^
../Core/Src/main.c:48:22: note: (near initialization for 'F2')
../Core/Src/main.c:49:20: warning: excess elements in struct initializer
   49 | ACS712 F3 = {0,0,0,0,2}; //Sensa la fase 3
      |                    ^
../Core/Src/main.c:49:20: note: (near initialization for 'F3')
../Core/Src/main.c:49:22: warning: excess elements in struct initializer
   49 | ACS712 F3 = {0,0,0,0,2}; //Sensa la fase 3
      |                      ^
../Core/Src/main.c:49:22: note: (near initialization for 'F3')
../Core/Src/main.c: In function 'MX_ADC3_Init':
../Core/Src/main.c:244:26: warning: unused variable 'sConfig' [-Wunused-variable]
  244 |   ADC_ChannelConfTypeDef sConfig = {0};
      |                          ^~~~~~~
[...]
Finished building: default.size.stdout
 
18:11:54 **** Incremental Build of configuration Debug for project sensores_melchor ****
make -j12 all 
arm-none-eabi-gcc "../Core/Src/main.c" -mcpu=cortex-m7 -std=gnu11 -g3 -DDEBUG -DUSE_HAL_DRIVER -DSTM32F746xx -c -I../Core/Inc -I../Drivers/STM32F7xx_HAL_Driver/Inc -I../Drivers/STM32F7xx_HAL_Driver/Inc/Legacy -I../Drivers/CMSIS/Device/ST/STM32F7xx/Include -I../Drivers/CMSIS/Include -O0 -ffunction-sections -fdata-sections -Wall -fstack-usage -fcyclomatic-complexity -MMD -MP -MF"Core/Src/main.d" -MT"Core/Src/main.o" --specs=nano.specs -mfpu=fpv5-sp-d16 -mfloat-abi=hard -mthumb -o "Core/Src/main.o"
../Core/Src/main.c:47:20: warning: excess elements in struct initializer
   47 | ACS712 F1 = {0,0,0,0,0}; //Sensa la fase 1
      |                    ^
../Core/Src/main.c:47:20: note: (near initialization for 'F1')
../Core/Src/main.c:47:22: warning: excess elements in struct initializer
   47 | ACS712 F1 = {0,0,0,0,0}; //Sensa la fase 1
      |                      ^
../Core/Src/main.c:47:22: note: (near initialization for 'F1')
../Core/Src/main.c:48:20: warning: excess elements in struct initializer
   48 | ACS712 F2 = {0,0,0,0,1}; //Sensa la fase 2
      |                    ^
../Core/Src/main.c:48:20: note: (near initialization for 'F2')
../Core/Src/main.c:48:22: warning: excess elements in struct initializer
   48 | ACS712 F2 = {0,0,0,0,1}; //Sensa la fase 2
      |                      ^
../Core/Src/main.c:48:22: note: (near initialization for 'F2')
../Core/Src/main.c:49:20: warning: excess elements in struct initializer
   49 | ACS712 F3 = {0,0,0,0,2}; //Sensa la fase 3
      |                    ^
../Core/Src/main.c:49:20: note: (near initialization for 'F3')
../Core/Src/main.c:49:22: warning: excess elements in struct initializer
   49 | ACS712 F3 = {0,0,0,0,2}; //Sensa la fase 3
      |                      ^
../Core/Src/main.c:49:22: note: (near initialization for 'F3')
../Core/Src/main.c: In function 'MX_ADC3_Init':
../Core/Src/main.c:244:26: warning: unused variable 'sConfig' [-Wunused-variable]
  244 |   ADC_ChannelConfTypeDef sConfig = {0};
      |                          ^~~~~~~
arm-none-eabi-gcc -o "sensores_melchor.elf" @"objects.list"   -mcpu=cortex-m7 -T"E:\Sexto_sem\MCU_avanzados\sensores_melchor\STM32F746NGHX_FLASH.ld" --specs=nosys.specs -Wl,-Map="sensores_melchor.map" -Wl,--gc-sections -static --specs=nano.specs -mfpu=fpv5-sp-d16 -mfloat-abi=hard -mthumb -u _printf_float -Wl,--start-group -lc -lm -Wl,--end-group
C:/ST/STM32CubeIDE_1.14.0/STM32CubeIDE/plugins/com.st.stm32cube.ide.mcu.externaltools.gnu-tools-for-stm32.12.3.rel1.win32_1.0.100.202403111256/tools/bin/../lib/gcc/arm-none-eabi/12.3.1/../../../../arm-none-eabi/bin/ld.exe: warning: sensores_melchor.elf has a LOAD segment with RWX permissions
Finished building target: sensores_melchor.elf
 
arm-none-eabi-size  sensores_melchor.elf 
arm-none-eabi-objdump -h -S sensores_melchor.elf  > "sensores_melchor.list"
   text	   data	    bss	    dec	    hex	filename
  35940	    496	   2464	  38900	   97f4	sensores_melchor.elf
Finished building: default.size.stdout
 
Finished building: sensores_melchor.list
 
18:16:26 **** Incremental Build of configuration Debug for project sensores_melchor ****
make -j12 all 
arm-none-eabi-size  sensores_melchor.elf 
   text	   data	    bss	    dec	    hex	filename
  35940	    496	   2464	  38900	   97f4	sensores_melchor.elf
Finished building: default.size.stdout
 
18:19:01 **** Incremental Build of configuration Debug for project sensores_melchor ****
make -j12 all 
arm-none-eabi-gcc "../Core/Src/main.c" -mcpu=cortex-m7 -std=gnu11 -g3 -DDEBUG -DUSE_HAL_DRIVER -DSTM32F746xx -c -I../Core/Inc -I../Drivers/STM32F7xx_HAL_Driver/Inc -I../Drivers/STM32F7xx_HAL_Driver/Inc/Legacy -I../Drivers/CMSIS/Device/ST/STM32F7xx/Include -I../Drivers/CMSIS/Include -O0 -ffunction-sections -fdata-sections -Wall -fstack-usage -fcyclomatic-complexity -MMD -MP -MF"Core/Src/main.d" -MT"Core/Src/main.o" --specs=nano.specs -mfpu=fpv5-sp-d16 -mfloat-abi=hard -mthumb -o "Core/Src/main.o"
../Core/Src/main.c:47:20: warning: excess elements in struct initializer
   47 | ACS712 F1 = {0,0,0,0,0}; //Sensa la fase 1
      |                    ^
../Core/Src/main.c:47:20: note: (near initialization for 'F1')
../Core/Src/main.c:47:22: warning: excess elements in struct initializer
   47 | ACS712 F1 = {0,0,0,0,0}; //Sensa la fase 1
      |                      ^
../Core/Src/main.c:47:22: note: (near initialization for 'F1')
../Core/Src/main.c:48:20: warning: excess elements in struct initializer
   48 | ACS712 F2 = {0,0,0,0,1}; //Sensa la fase 2
      |                    ^
../Core/Src/main.c:48:20: note: (near initialization for 'F2')
../Core/Src/main.c:48:22: warning: excess elements in struct initializer
   48 | ACS712 F2 = {0,0,0,0,1}; //Sensa la fase 2
      |                      ^
../Core/Src/main.c:48:22: note: (near initialization for 'F2')
../Core/Src/main.c:49:20: warning: excess elements in struct initializer
   49 | ACS712 F3 = {0,0,0,0,2}; //Sensa la fase 3
      |                    ^
../Core/Src/main.c:49:20: note: (near initialization for 'F3')
../Core/Src/main.c:49:22: warning: excess elements in struct initializer
   49 | ACS712 F3 = {0,0,0,0,2}; //Sensa la fase 3
      |                      ^
../Core/Src/main.c:49:22: note: (near initialization for 'F3')
../Core/Src/main.c: In function 'MX_ADC3_Init':
../Core/Src/main.c:244:26: warning: unused variable 'sConfig' [-Wunused-variable]
  244 |   ADC_ChannelConfTypeDef sConfig = {0};
      |                          ^~~~~~~
arm-none-eabi-gcc -o "sensores_melchor.elf" @"objects.list"   -mcpu=cortex-m7 -T"E:\Sexto_sem\MCU_avanzados\sensores_melchor\STM32F746NGHX_FLASH.ld" --specs=nosys.specs -Wl,-Map="sensores_melchor.map" -Wl,--gc-sections -static --specs=nano.specs -mfpu=fpv5-sp-d16 -mfloat-abi=hard -mthumb -u _printf_float -Wl,--start-group -lc -lm -Wl,--end-group
C:/ST/STM32CubeIDE_1.14.0/STM32CubeIDE/plugins/com.st.stm32cube.ide.mcu.externaltools.gnu-tools-for-stm32.12.3.rel1.win32_1.0.100.202403111256/tools/bin/../lib/gcc/arm-none-eabi/12.3.1/../../../../arm-none-eabi/bin/ld.exe: warning: sensores_melchor.elf has a LOAD segment with RWX permissions
Finished building target: sensores_melchor.elf
 
arm-none-eabi-size  sensores_melchor.elf 
arm-none-eabi-objdump -h -S sensores_melchor.elf  > "sensores_melchor.list"
   text	   data	    bss	    dec	    hex	filename
  35940	    496	   2464	  38900	   97f4	sensores_melchor.elf
Finished building: default.size.stdout
 
Finished building: sensores_melchor.list
 
18:19:49 **** Incremental Build of configuration Debug for project sensores_melchor ****
make -j12 all 
arm-none-eabi-gcc "../Core/Src/ACS712.c" -mcpu=cortex-m7 -std=gnu11 -g3 -DDEBUG -DUSE_HAL_DRIVER -DSTM32F746xx -c -I../Core/Inc -I../Drivers/STM32F7xx_HAL_Driver/Inc -I../Drivers/STM32F7xx_HAL_Driver/Inc/Legacy -I../Drivers/CMSIS/Device/ST/STM32F7xx/Include -I../Drivers/CMSIS/Include -O0 -ffunction-sections -fdata-sections -Wall -fstack-usage -fcyclomatic-complexity -MMD -MP -MF"Core/Src/ACS712.d" -MT"Core/Src/ACS712.o" --specs=nano.specs -mfpu=fpv5-sp-d16 -mfloat-abi=hard -mthumb -o "Core/Src/ACS712.o"
arm-none-eabi-gcc -o "sensores_melchor.elf" @"objects.list"   -mcpu=cortex-m7 -T"E:\Sexto_sem\MCU_avanzados\sensores_melchor\STM32F746NGHX_FLASH.ld" --specs=nosys.specs -Wl,-Map="sensores_melchor.map" -Wl,--gc-sections -static --specs=nano.specs -mfpu=fpv5-sp-d16 -mfloat-abi=hard -mthumb -u _printf_float -Wl,--start-group -lc -lm -Wl,--end-group
C:/ST/STM32CubeIDE_1.14.0/STM32CubeIDE/plugins/com.st.stm32cube.ide.mcu.externaltools.gnu-tools-for-stm32.12.3.rel1.win32_1.0.100.202403111256/tools/bin/../lib/gcc/arm-none-eabi/12.3.1/../../../../arm-none-eabi/bin/ld.exe: warning: sensores_melchor.elf has a LOAD segment with RWX permissions
Finished building target: sensores_melchor.elf
 
arm-none-eabi-size  sensores_melchor.elf 
arm-none-eabi-objdump -h -S sensores_melchor.elf  > "sensores_melchor.list"
   text	   data	    bss	    dec	    hex	filename
  35940	    496	   2464	  38900	   97f4	sensores_melchor.elf
Finished building: default.size.stdout
 
Finished building: sensores_melchor.list
 
18:21:14 **** Incremental Build of configuration Debug for project sensores_melchor ****
make -j12 all 
arm-none-eabi-gcc "../Core/Src/ACS712.c" -mcpu=cortex-m7 -std=gnu11 -g3 -DDEBUG -DUSE_HAL_DRIVER -DSTM32F746xx -c -I../Core/Inc -I../Drivers/STM32F7xx_HAL_Driver/Inc -I../Drivers/STM32F7xx_HAL_Driver/Inc/Legacy -I../Drivers/CMSIS/Device/ST/STM32F7xx/Include -I../Drivers/CMSIS/Include -O0 -ffunction-sections -fdata-sections -Wall -fstack-usage -fcyclomatic-complexity -MMD -MP -MF"Core/Src/ACS712.d" -MT"Core/Src/ACS712.o" --specs=nano.specs -mfpu=fpv5-sp-d16 -mfloat-abi=hard -mthumb -o "Core/Src/ACS712.o"
arm-none-eabi-gcc -o "sensores_melchor.elf" @"objects.list"   -mcpu=cortex-m7 -T"E:\Sexto_sem\MCU_avanzados\sensores_melchor\STM32F746NGHX_FLASH.ld" --specs=nosys.specs -Wl,-Map="sensores_melchor.map" -Wl,--gc-sections -static --specs=nano.specs -mfpu=fpv5-sp-d16 -mfloat-abi=hard -mthumb -u _printf_float -Wl,--start-group -lc -lm -Wl,--end-group
C:/ST/STM32CubeIDE_1.14.0/STM32CubeIDE/plugins/com.st.stm32cube.ide.mcu.externaltools.gnu-tools-for-stm32.12.3.rel1.win32_1.0.100.202403111256/tools/bin/../lib/gcc/arm-none-eabi/12.3.1/../../../../arm-none-eabi/bin/ld.exe: warning: sensores_melchor.elf has a LOAD segment with RWX permissions
Finished building target: sensores_melchor.elf
 
arm-none-eabi-size  sensores_melchor.elf 
arm-none-eabi-objdump -h -S sensores_melchor.elf  > "sensores_melchor.list"
   text	   data	    bss	    dec	    hex	filename
  35940	    496	   2464	  38900	   97f4	sensores_melchor.elf
Finished building: default.size.stdout
 
Finished building: sensores_melchor.list
 
18:33:39 **** Incremental Build of configuration Debug for project sensores_melchor ****
make -j12 all 
arm-none-eabi-gcc "../Core/Src/ACS712.c" -mcpu=cortex-m7 -std=gnu11 -g3 -DDEBUG -DUSE_HAL_DRIVER -DSTM32F746xx -c -I../Core/Inc -I../Drivers/STM32F7xx_HAL_Driver/Inc -I../Drivers/STM32F7xx_HAL_Driver/Inc/Legacy -I../Drivers/CMSIS/Device/ST/STM32F7xx/Include -I../Drivers/CMSIS/Include -O0 -ffunction-sections -fdata-sections -Wall -fstack-usage -fcyclomatic-complexity -MMD -MP -MF"Core/Src/ACS712.d" -MT"Core/Src/ACS712.o" --specs=nano.specs -mfpu=fpv5-sp-d16 -mfloat-abi=hard -mthumb -o "Core/Src/ACS712.o"
arm-none-eabi-gcc -o "sensores_melchor.elf" @"objects.list"   -mcpu=cortex-m7 -T"E:\Sexto_sem\MCU_avanzados\sensores_melchor\STM32F746NGHX_FLASH.ld" --specs=nosys.specs -Wl,-Map="sensores_melchor.map" -Wl,--gc-sections -static --specs=nano.specs -mfpu=fpv5-sp-d16 -mfloat-abi=hard -mthumb -u _printf_float -Wl,--start-group -lc -lm -Wl,--end-group
C:/ST/STM32CubeIDE_1.14.0/STM32CubeIDE/plugins/com.st.stm32cube.ide.mcu.externaltools.gnu-tools-for-stm32.12.3.rel1.win32_1.0.100.202403111256/tools/bin/../lib/gcc/arm-none-eabi/12.3.1/../../../../arm-none-eabi/bin/ld.exe: warning: sensores_melchor.elf has a LOAD segment with RWX permissions
Finished building target: sensores_melchor.elf
 
arm-none-eabi-size  sensores_melchor.elf 
arm-none-eabi-objdump -h -S sensores_melchor.elf  > "sensores_melchor.list"
   text	   data	    bss	    dec	    hex	filename
  35964	    496	   2464	  38924	   980c	sensores_melchor.elf
Finished building: default.size.stdout
 
Finished building: sensores_melchor.list
 
18:41:12 **** Incremental Build of configuration Debug for project sensores_melchor ****
make -j12 all 
arm-none-eabi-gcc "../Core/Src/ACS712.c" -mcpu=cortex-m7 -std=gnu11 -g3 -DDEBUG -DUSE_HAL_DRIVER -DSTM32F746xx -c -I../Core/Inc -I../Drivers/STM32F7xx_HAL_Driver/Inc -I../Drivers/STM32F7xx_HAL_Driver/Inc/Legacy -I../Drivers/CMSIS/Device/ST/STM32F7xx/Include -I../Drivers/CMSIS/Include -O0 -ffunction-sections -fdata-sections -Wall -fstack-usage -fcyclomatic-complexity -MMD -MP -MF"Core/Src/ACS712.d" -MT"Core/Src/ACS712.o" --specs=nano.specs -mfpu=fpv5-sp-d16 -mfloat-abi=hard -mthumb -o "Core/Src/ACS712.o"
../Core/Src/ACS712.c: In function 'analogRead':
../Core/Src/ACS712.c:103:17: error: unknown type name 'HAL_DAC_SetValue'
  103 |                 HAL_DAC_SetValue
      |                 ^~~~~~~~~~~~~~~~
../Core/Src/ACS712.c:19:13: error: expected declaration specifiers or '...' before '&' token
   19 | #define adc &hadc3
      |             ^
../Core/Src/ACS712.c:104:31: note: in expansion of macro 'adc'
  104 |                 HAL_ADC_Start(adc);
      |                               ^~~
make: *** [Core/Src/subdir.mk:49: Core/Src/ACS712.o] Error 1
"make -j12 all" terminated with exit code 2. Build might be incomplete.
18:41:27 **** Incremental Build of configuration Debug for project sensores_melchor ****
make -j12 all 
arm-none-eabi-gcc "../Core/Src/ACS712.c" -mcpu=cortex-m7 -std=gnu11 -g3 -DDEBUG -DUSE_HAL_DRIVER -DSTM32F746xx -c -I../Core/Inc -I../Drivers/STM32F7xx_HAL_Driver/Inc -I../Drivers/STM32F7xx_HAL_Driver/Inc/Legacy -I../Drivers/CMSIS/Device/ST/STM32F7xx/Include -I../Drivers/CMSIS/Include -O0 -ffunction-sections -fdata-sections -Wall -fstack-usage -fcyclomatic-complexity -MMD -MP -MF"Core/Src/ACS712.d" -MT"Core/Src/ACS712.o" --specs=nano.specs -mfpu=fpv5-sp-d16 -mfloat-abi=hard -mthumb -o "Core/Src/ACS712.o"
arm-none-eabi-gcc -o "sensores_melchor.elf" @"objects.list"   -mcpu=cortex-m7 -T"E:\Sexto_sem\MCU_avanzados\sensores_melchor\STM32F746NGHX_FLASH.ld" --specs=nosys.specs -Wl,-Map="sensores_melchor.map" -Wl,--gc-sections -static --specs=nano.specs -mfpu=fpv5-sp-d16 -mfloat-abi=hard -mthumb -u _printf_float -Wl,--start-group -lc -lm -Wl,--end-group
C:/ST/STM32CubeIDE_1.14.0/STM32CubeIDE/plugins/com.st.stm32cube.ide.mcu.externaltools.gnu-tools-for-stm32.12.3.rel1.win32_1.0.100.202403111256/tools/bin/../lib/gcc/arm-none-eabi/12.3.1/../../../../arm-none-eabi/bin/ld.exe: warning: sensores_melchor.elf has a LOAD segment with RWX permissions
Finished building target: sensores_melchor.elf
 
arm-none-eabi-size  sensores_melchor.elf 
arm-none-eabi-objdump -h -S sensores_melchor.elf  > "sensores_melchor.list"
   text	   data	    bss	    dec	    hex	filename
  35964	    496	   2464	  38924	   980c	sensores_melchor.elf
Finished building: default.size.stdout
 
Finished building: sensores_melchor.list
 
18:41:56 **** Incremental Build of configuration Debug for project sensores_melchor ****
make -j12 all 
arm-none-eabi-size  sensores_melchor.elf 
   text	   data	    bss	    dec	    hex	filename
  35964	    496	   2464	  38924	   980c	sensores_melchor.elf
Finished building: default.size.stdout
 
18:41:59 **** Incremental Build of configuration Debug for project sensores_melchor ****
make -j12 all 
arm-none-eabi-size  sensores_melchor.elf 
   text	   data	    bss	    dec	    hex	filename
  35964	    496	   2464	  38924	   980c	sensores_melchor.elf
Finished building: default.size.stdout
 
18:44:09 **** Incremental Build of configuration Debug for project sensores_melchor ****
make -j12 all 
arm-none-eabi-gcc "../Core/Src/ACS712.c" -mcpu=cortex-m7 -std=gnu11 -g3 -DDEBUG -DUSE_HAL_DRIVER -DSTM32F746xx -c -I../Core/Inc -I../Drivers/STM32F7xx_HAL_Driver/Inc -I../Drivers/STM32F7xx_HAL_Driver/Inc/Legacy -I../Drivers/CMSIS/Device/ST/STM32F7xx/Include -I../Drivers/CMSIS/Include -O0 -ffunction-sections -fdata-sections -Wall -fstack-usage -fcyclomatic-complexity -MMD -MP -MF"Core/Src/ACS712.d" -MT"Core/Src/ACS712.o" --specs=nano.specs -mfpu=fpv5-sp-d16 -mfloat-abi=hard -mthumb -o "Core/Src/ACS712.o"
arm-none-eabi-gcc -o "sensores_melchor.elf" @"objects.list"   -mcpu=cortex-m7 -T"E:\Sexto_sem\MCU_avanzados\sensores_melchor\STM32F746NGHX_FLASH.ld" --specs=nosys.specs -Wl,-Map="sensores_melchor.map" -Wl,--gc-sections -static --specs=nano.specs -mfpu=fpv5-sp-d16 -mfloat-abi=hard -mthumb -u _printf_float -Wl,--start-group -lc -lm -Wl,--end-group
C:/ST/STM32CubeIDE_1.14.0/STM32CubeIDE/plugins/com.st.stm32cube.ide.mcu.externaltools.gnu-tools-for-stm32.12.3.rel1.win32_1.0.100.202403111256/tools/bin/../lib/gcc/arm-none-eabi/12.3.1/../../../../arm-none-eabi/bin/ld.exe: warning: sensores_melchor.elf has a LOAD segment with RWX permissions
Finished building target: sensores_melchor.elf
 
arm-none-eabi-size  sensores_melchor.elf 
arm-none-eabi-objdump -h -S sensores_melchor.elf  > "sensores_melchor.list"
   text	   data	    bss	    dec	    hex	filename
  35964	    496	   2464	  38924	   980c	sensores_melchor.elf
Finished building: default.size.stdout
 
Finished building: sensores_melchor.list
 
18:55:20 **** Incremental Build of configuration Debug for project sensores_melchor ****
make -j12 all 
arm-none-eabi-gcc "../Core/Src/ACS712.c" -mcpu=cortex-m7 -std=gnu11 -g3 -DDEBUG -DUSE_HAL_DRIVER -DSTM32F746xx -c -I../Core/Inc -I../Drivers/STM32F7xx_HAL_Driver/Inc -I../Drivers/STM32F7xx_HAL_Driver/Inc/Legacy -I../Drivers/CMSIS/Device/ST/STM32F7xx/Include -I../Drivers/CMSIS/Include -O0 -ffunction-sections -fdata-sections -Wall -fstack-usage -fcyclomatic-complexity -MMD -MP -MF"Core/Src/ACS712.d" -MT"Core/Src/ACS712.o" --specs=nano.specs -mfpu=fpv5-sp-d16 -mfloat-abi=hard -mthumb -o "Core/Src/ACS712.o"
arm-none-eabi-gcc -o "sensores_melchor.elf" @"objects.list"   -mcpu=cortex-m7 -T"E:\Sexto_sem\MCU_avanzados\sensores_melchor\STM32F746NGHX_FLASH.ld" --specs=nosys.specs -Wl,-Map="sensores_melchor.map" -Wl,--gc-sections -static --specs=nano.specs -mfpu=fpv5-sp-d16 -mfloat-abi=hard -mthumb -u _printf_float -Wl,--start-group -lc -lm -Wl,--end-group
C:/ST/STM32CubeIDE_1.14.0/STM32CubeIDE/plugins/com.st.stm32cube.ide.mcu.externaltools.gnu-tools-for-stm32.12.3.rel1.win32_1.0.100.202403111256/tools/bin/../lib/gcc/arm-none-eabi/12.3.1/../../../../arm-none-eabi/bin/ld.exe: warning: sensores_melchor.elf has a LOAD segment with RWX permissions
Finished building target: sensores_melchor.elf
 
arm-none-eabi-size  sensores_melchor.elf 
arm-none-eabi-objdump -h -S sensores_melchor.elf  > "sensores_melchor.list"
   text	   data	    bss	    dec	    hex	filename
  35980	    496	   2464	  38940	   981c	sensores_melchor.elf
Finished building: default.size.stdout
 
Finished building: sensores_melchor.list
 
19:01:44 **** Incremental Build of configuration Debug for project sensores_melchor ****
make -j12 all 
arm-none-eabi-gcc "../Core/Src/main.c" -mcpu=cortex-m7 -std=gnu11 -g3 -DDEBUG -DUSE_HAL_DRIVER -DSTM32F746xx -c -I../Core/Inc -I../Drivers/STM32F7xx_HAL_Driver/Inc -I../Drivers/STM32F7xx_HAL_Driver/Inc/Legacy -I../Drivers/CMSIS/Device/ST/STM32F7xx/Include -I../Drivers/CMSIS/Include -O0 -ffunction-sections -fdata-sections -Wall -fstack-usage -fcyclomatic-complexity -MMD -MP -MF"Core/Src/main.d" -MT"Core/Src/main.o" --specs=nano.specs -mfpu=fpv5-sp-d16 -mfloat-abi=hard -mthumb -o "Core/Src/main.o"
../Core/Src/main.c: In function 'MX_ADC3_Init':
../Core/Src/main.c:244:26: warning: unused variable 'sConfig' [-Wunused-variable]
  244 |   ADC_ChannelConfTypeDef sConfig = {0};
      |                          ^~~~~~~
arm-none-eabi-gcc -o "sensores_melchor.elf" @"objects.list"   -mcpu=cortex-m7 -T"E:\Sexto_sem\MCU_avanzados\sensores_melchor\STM32F746NGHX_FLASH.ld" --specs=nosys.specs -Wl,-Map="sensores_melchor.map" -Wl,--gc-sections -static --specs=nano.specs -mfpu=fpv5-sp-d16 -mfloat-abi=hard -mthumb -u _printf_float -Wl,--start-group -lc -lm -Wl,--end-group
C:/ST/STM32CubeIDE_1.14.0/STM32CubeIDE/plugins/com.st.stm32cube.ide.mcu.externaltools.gnu-tools-for-stm32.12.3.rel1.win32_1.0.100.202403111256/tools/bin/../lib/gcc/arm-none-eabi/12.3.1/../../../../arm-none-eabi/bin/ld.exe: warning: sensores_melchor.elf has a LOAD segment with RWX permissions
Finished building target: sensores_melchor.elf
 
arm-none-eabi-size  sensores_melchor.elf 
arm-none-eabi-objdump -h -S sensores_melchor.elf  > "sensores_melchor.list"
   text	   data	    bss	    dec	    hex	filename
  35980	    496	   2464	  38940	   981c	sensores_melchor.elf
Finished building: default.size.stdout
 
Finished building: sensores_melchor.list
 
