16:05:40 **** Incremental Build of configuration Debug for project ADC_rampa ****
make -j12 all 
arm-none-eabi-gcc "../Core/Src/Seg7_mux.c" -mcpu=cortex-m4 -std=gnu11 -g3 -DDEBUG -DUSE_HAL_DRIVER -DSTM32F411xE -c -I../Core/Inc -I../Drivers/STM32F4xx_HAL_Driver/Inc -I../Drivers/STM32F4xx_HAL_Driver/Inc/Legacy -I../Drivers/CMSIS/Device/ST/STM32F4xx/Include -I../Drivers/CMSIS/Include -O0 -ffunction-sections -fdata-sections -Wall -fstack-usage -fcyclomatic-complexity -MMD -MP -MF"Core/Src/Seg7_mux.d" -MT"Core/Src/Seg7_mux.o" --specs=nano.specs -mfpu=fpv4-sp-d16 -mfloat-abi=hard -mthumb -o "Core/Src/Seg7_mux.o"
arm-none-eabi-gcc "../Core/Src/main.c" -mcpu=cortex-m4 -std=gnu11 -g3 -DDEBUG -DUSE_HAL_DRIVER -DSTM32F411xE -c -I../Core/Inc -I../Drivers/STM32F4xx_HAL_Driver/Inc -I../Drivers/STM32F4xx_HAL_Driver/Inc/Legacy -I../Drivers/CMSIS/Device/ST/STM32F4xx/Include -I../Drivers/CMSIS/Include -O0 -ffunction-sections -fdata-sections -Wall -fstack-usage -fcyclomatic-complexity -MMD -MP -MF"Core/Src/main.d" -MT"Core/Src/main.o" --specs=nano.specs -mfpu=fpv4-sp-d16 -mfloat-abi=hard -mthumb -o "Core/Src/main.o"
arm-none-eabi-gcc "../Core/Src/stm32f4xx_hal_msp.c" -mcpu=cortex-m4 -std=gnu11 -g3 -DDEBUG -DUSE_HAL_DRIVER -DSTM32F411xE -c -I../Core/Inc -I../Drivers/STM32F4xx_HAL_Driver/Inc -I../Drivers/STM32F4xx_HAL_Driver/Inc/Legacy -I../Drivers/CMSIS/Device/ST/STM32F4xx/Include -I../Drivers/CMSIS/Include -O0 -ffunction-sections -fdata-sections -Wall -fstack-usage -fcyclomatic-complexity -MMD -MP -MF"Core/Src/stm32f4xx_hal_msp.d" -MT"Core/Src/stm32f4xx_hal_msp.o" --specs=nano.specs -mfpu=fpv4-sp-d16 -mfloat-abi=hard -mthumb -o "Core/Src/stm32f4xx_hal_msp.o"
arm-none-eabi-gcc "../Core/Src/stm32f4xx_it.c" -mcpu=cortex-m4 -std=gnu11 -g3 -DDEBUG -DUSE_HAL_DRIVER -DSTM32F411xE -c -I../Core/Inc -I../Drivers/STM32F4xx_HAL_Driver/Inc -I../Drivers/STM32F4xx_HAL_Driver/Inc/Legacy -I../Drivers/CMSIS/Device/ST/STM32F4xx/Include -I../Drivers/CMSIS/Include -O0 -ffunction-sections -fdata-sections -Wall -fstack-usage -fcyclomatic-complexity -MMD -MP -MF"Core/Src/stm32f4xx_it.d" -MT"Core/Src/stm32f4xx_it.o" --specs=nano.specs -mfpu=fpv4-sp-d16 -mfloat-abi=hard -mthumb -o "Core/Src/stm32f4xx_it.o"
../Core/Src/main.c: In function 'main':
../Core/Src/main.c:116:11: warning: variable 'adc_sar' set but not used [-Wunused-but-set-variable]
  116 |   uint8_t adc_sar = 0;
      |           ^~~~~~~
../Core/Src/main.c: In function 'HAL_TIM_PeriodElapsedCallback':
../Core/Src/main.c:584:18: error: 'adc_sar' undeclared (first use in this function)
  584 |         show_num(adc_sar);
      |                  ^~~~~~~
../Core/Src/main.c:584:18: note: each undeclared identifier is reported only once for each function it appears in
make: *** [Core/Src/subdir.mk:37: Core/Src/main.o] Error 1
make: *** Waiting for unfinished jobs....
"make -j12 all" terminated with exit code 2. Build might be incomplete.
16:06:16 **** Incremental Build of configuration Debug for project ADC_rampa ****
make -j12 all 
arm-none-eabi-gcc "../Core/Src/main.c" -mcpu=cortex-m4 -std=gnu11 -g3 -DDEBUG -DUSE_HAL_DRIVER -DSTM32F411xE -c -I../Core/Inc -I../Drivers/STM32F4xx_HAL_Driver/Inc -I../Drivers/STM32F4xx_HAL_Driver/Inc/Legacy -I../Drivers/CMSIS/Device/ST/STM32F4xx/Include -I../Drivers/CMSIS/Include -O0 -ffunction-sections -fdata-sections -Wall -fstack-usage -fcyclomatic-complexity -MMD -MP -MF"Core/Src/main.d" -MT"Core/Src/main.o" --specs=nano.specs -mfpu=fpv4-sp-d16 -mfloat-abi=hard -mthumb -o "Core/Src/main.o"
arm-none-eabi-gcc -o "ADC_rampa.elf" @"objects.list"   -mcpu=cortex-m4 -T"E:\Sexto_sem\MCU_avanzados\ADC_rampa\STM32F411CEUX_FLASH.ld" --specs=nosys.specs -Wl,-Map="ADC_rampa.map" -Wl,--gc-sections -static --specs=nano.specs -mfpu=fpv4-sp-d16 -mfloat-abi=hard -mthumb -Wl,--start-group -lc -lm -Wl,--end-group
Finished building target: ADC_rampa.elf
 
arm-none-eabi-size  ADC_rampa.elf 
arm-none-eabi-objdump -h -S ADC_rampa.elf  > "ADC_rampa.list"
   text	   data	    bss	    dec	    hex	filename
  16596	     20	   1932	  18548	   4874	ADC_rampa.elf
Finished building: default.size.stdout
 
Finished building: ADC_rampa.list
 
16:07:17 **** Incremental Build of configuration Debug for project ADC_rampa ****
make -j12 all 
arm-none-eabi-size  ADC_rampa.elf 
   text	   data	    bss	    dec	    hex	filename
  16596	     20	   1932	  18548	   4874	ADC_rampa.elf
Finished building: default.size.stdout
 
16:09:43 **** Incremental Build of configuration Debug for project ADC_rampa ****
make -j12 all 
arm-none-eabi-gcc "../Core/Src/main.c" -mcpu=cortex-m4 -std=gnu11 -g3 -DDEBUG -DUSE_HAL_DRIVER -DSTM32F411xE -c -I../Core/Inc -I../Drivers/STM32F4xx_HAL_Driver/Inc -I../Drivers/STM32F4xx_HAL_Driver/Inc/Legacy -I../Drivers/CMSIS/Device/ST/STM32F4xx/Include -I../Drivers/CMSIS/Include -O0 -ffunction-sections -fdata-sections -Wall -fstack-usage -fcyclomatic-complexity -MMD -MP -MF"Core/Src/main.d" -MT"Core/Src/main.o" --specs=nano.specs -mfpu=fpv4-sp-d16 -mfloat-abi=hard -mthumb -o "Core/Src/main.o"
arm-none-eabi-gcc "../Core/Src/stm32f4xx_hal_msp.c" -mcpu=cortex-m4 -std=gnu11 -g3 -DDEBUG -DUSE_HAL_DRIVER -DSTM32F411xE -c -I../Core/Inc -I../Drivers/STM32F4xx_HAL_Driver/Inc -I../Drivers/STM32F4xx_HAL_Driver/Inc/Legacy -I../Drivers/CMSIS/Device/ST/STM32F4xx/Include -I../Drivers/CMSIS/Include -O0 -ffunction-sections -fdata-sections -Wall -fstack-usage -fcyclomatic-complexity -MMD -MP -MF"Core/Src/stm32f4xx_hal_msp.d" -MT"Core/Src/stm32f4xx_hal_msp.o" --specs=nano.specs -mfpu=fpv4-sp-d16 -mfloat-abi=hard -mthumb -o "Core/Src/stm32f4xx_hal_msp.o"
arm-none-eabi-gcc "../Core/Src/stm32f4xx_it.c" -mcpu=cortex-m4 -std=gnu11 -g3 -DDEBUG -DUSE_HAL_DRIVER -DSTM32F411xE -c -I../Core/Inc -I../Drivers/STM32F4xx_HAL_Driver/Inc -I../Drivers/STM32F4xx_HAL_Driver/Inc/Legacy -I../Drivers/CMSIS/Device/ST/STM32F4xx/Include -I../Drivers/CMSIS/Include -O0 -ffunction-sections -fdata-sections -Wall -fstack-usage -fcyclomatic-complexity -MMD -MP -MF"Core/Src/stm32f4xx_it.d" -MT"Core/Src/stm32f4xx_it.o" --specs=nano.specs -mfpu=fpv4-sp-d16 -mfloat-abi=hard -mthumb -o "Core/Src/stm32f4xx_it.o"
arm-none-eabi-gcc -o "ADC_rampa.elf" @"objects.list"   -mcpu=cortex-m4 -T"E:\Sexto_sem\MCU_avanzados\ADC_rampa\STM32F411CEUX_FLASH.ld" --specs=nosys.specs -Wl,-Map="ADC_rampa.map" -Wl,--gc-sections -static --specs=nano.specs -mfpu=fpv4-sp-d16 -mfloat-abi=hard -mthumb -Wl,--start-group -lc -lm -Wl,--end-group
Finished building target: ADC_rampa.elf
 
arm-none-eabi-size  ADC_rampa.elf 
arm-none-eabi-objdump -h -S ADC_rampa.elf  > "ADC_rampa.list"
   text	   data	    bss	    dec	    hex	filename
  16640	     20	   1932	  18592	   48a0	ADC_rampa.elf
Finished building: default.size.stdout
 
Finished building: ADC_rampa.list
 
16:12:40 **** Incremental Build of configuration Debug for project ADC_rampa ****
make -j12 all 
arm-none-eabi-gcc "../Core/Src/main.c" -mcpu=cortex-m4 -std=gnu11 -g3 -DDEBUG -DUSE_HAL_DRIVER -DSTM32F411xE -c -I../Core/Inc -I../Drivers/STM32F4xx_HAL_Driver/Inc -I../Drivers/STM32F4xx_HAL_Driver/Inc/Legacy -I../Drivers/CMSIS/Device/ST/STM32F4xx/Include -I../Drivers/CMSIS/Include -O0 -ffunction-sections -fdata-sections -Wall -fstack-usage -fcyclomatic-complexity -MMD -MP -MF"Core/Src/main.d" -MT"Core/Src/main.o" --specs=nano.specs -mfpu=fpv4-sp-d16 -mfloat-abi=hard -mthumb -o "Core/Src/main.o"
arm-none-eabi-gcc -o "ADC_rampa.elf" @"objects.list"   -mcpu=cortex-m4 -T"E:\Sexto_sem\MCU_avanzados\ADC_rampa\STM32F411CEUX_FLASH.ld" --specs=nosys.specs -Wl,-Map="ADC_rampa.map" -Wl,--gc-sections -static --specs=nano.specs -mfpu=fpv4-sp-d16 -mfloat-abi=hard -mthumb -Wl,--start-group -lc -lm -Wl,--end-group
Finished building target: ADC_rampa.elf
 
arm-none-eabi-size  ADC_rampa.elf 
arm-none-eabi-objdump -h -S ADC_rampa.elf  > "ADC_rampa.list"
   text	   data	    bss	    dec	    hex	filename
  16640	     20	   1932	  18592	   48a0	ADC_rampa.elf
Finished building: default.size.stdout
 
Finished building: ADC_rampa.list
 
16:16:27 **** Incremental Build of configuration Debug for project ADC_rampa ****
make -j12 all 
arm-none-eabi-gcc "../Core/Src/main.c" -mcpu=cortex-m4 -std=gnu11 -g3 -DDEBUG -DUSE_HAL_DRIVER -DSTM32F411xE -c -I../Core/Inc -I../Drivers/STM32F4xx_HAL_Driver/Inc -I../Drivers/STM32F4xx_HAL_Driver/Inc/Legacy -I../Drivers/CMSIS/Device/ST/STM32F4xx/Include -I../Drivers/CMSIS/Include -O0 -ffunction-sections -fdata-sections -Wall -fstack-usage -fcyclomatic-complexity -MMD -MP -MF"Core/Src/main.d" -MT"Core/Src/main.o" --specs=nano.specs -mfpu=fpv4-sp-d16 -mfloat-abi=hard -mthumb -o "Core/Src/main.o"
arm-none-eabi-gcc -o "ADC_rampa.elf" @"objects.list"   -mcpu=cortex-m4 -T"E:\Sexto_sem\MCU_avanzados\ADC_rampa\STM32F411CEUX_FLASH.ld" --specs=nosys.specs -Wl,-Map="ADC_rampa.map" -Wl,--gc-sections -static --specs=nano.specs -mfpu=fpv4-sp-d16 -mfloat-abi=hard -mthumb -Wl,--start-group -lc -lm -Wl,--end-group
Finished building target: ADC_rampa.elf
 
arm-none-eabi-size  ADC_rampa.elf 
arm-none-eabi-objdump -h -S ADC_rampa.elf  > "ADC_rampa.list"
   text	   data	    bss	    dec	    hex	filename
  16640	     20	   1932	  18592	   48a0	ADC_rampa.elf
Finished building: default.size.stdout
 
Finished building: ADC_rampa.list
 
16:17:56 **** Incremental Build of configuration Debug for project ADC_rampa ****
make -j12 all 
arm-none-eabi-gcc "../Core/Src/main.c" -mcpu=cortex-m4 -std=gnu11 -g3 -DDEBUG -DUSE_HAL_DRIVER -DSTM32F411xE -c -I../Core/Inc -I../Drivers/STM32F4xx_HAL_Driver/Inc -I../Drivers/STM32F4xx_HAL_Driver/Inc/Legacy -I../Drivers/CMSIS/Device/ST/STM32F4xx/Include -I../Drivers/CMSIS/Include -O0 -ffunction-sections -fdata-sections -Wall -fstack-usage -fcyclomatic-complexity -MMD -MP -MF"Core/Src/main.d" -MT"Core/Src/main.o" --specs=nano.specs -mfpu=fpv4-sp-d16 -mfloat-abi=hard -mthumb -o "Core/Src/main.o"
arm-none-eabi-gcc -o "ADC_rampa.elf" @"objects.list"   -mcpu=cortex-m4 -T"E:\Sexto_sem\MCU_avanzados\ADC_rampa\STM32F411CEUX_FLASH.ld" --specs=nosys.specs -Wl,-Map="ADC_rampa.map" -Wl,--gc-sections -static --specs=nano.specs -mfpu=fpv4-sp-d16 -mfloat-abi=hard -mthumb -Wl,--start-group -lc -lm -Wl,--end-group
Finished building target: ADC_rampa.elf
 
arm-none-eabi-size  ADC_rampa.elf 
arm-none-eabi-objdump -h -S ADC_rampa.elf  > "ADC_rampa.list"
   text	   data	    bss	    dec	    hex	filename
  16640	     20	   1932	  18592	   48a0	ADC_rampa.elf
Finished building: default.size.stdout
 
Finished building: ADC_rampa.list
 
16:19:55 **** Incremental Build of configuration Debug for project ADC_rampa ****
make -j12 all 
arm-none-eabi-gcc "../Core/Src/main.c" -mcpu=cortex-m4 -std=gnu11 -g3 -DDEBUG -DUSE_HAL_DRIVER -DSTM32F411xE -c -I../Core/Inc -I../Drivers/STM32F4xx_HAL_Driver/Inc -I../Drivers/STM32F4xx_HAL_Driver/Inc/Legacy -I../Drivers/CMSIS/Device/ST/STM32F4xx/Include -I../Drivers/CMSIS/Include -O0 -ffunction-sections -fdata-sections -Wall -fstack-usage -fcyclomatic-complexity -MMD -MP -MF"Core/Src/main.d" -MT"Core/Src/main.o" --specs=nano.specs -mfpu=fpv4-sp-d16 -mfloat-abi=hard -mthumb -o "Core/Src/main.o"
../Core/Src/main.c: In function 'MX_TIM3_Init':
../Core/Src/main.c:358:23: error: invalid suffix "dc" on integer constant
  358 |   htim3.Init.Period = 5dc-1;
      |                       ^~~
make: *** [Core/Src/subdir.mk:37: Core/Src/main.o] Error 1
"make -j12 all" terminated with exit code 2. Build might be incomplete.
16:20:31 **** Incremental Build of configuration Debug for project ADC_rampa ****
make -j12 all 
arm-none-eabi-gcc "../Core/Src/main.c" -mcpu=cortex-m4 -std=gnu11 -g3 -DDEBUG -DUSE_HAL_DRIVER -DSTM32F411xE -c -I../Core/Inc -I../Drivers/STM32F4xx_HAL_Driver/Inc -I../Drivers/STM32F4xx_HAL_Driver/Inc/Legacy -I../Drivers/CMSIS/Device/ST/STM32F4xx/Include -I../Drivers/CMSIS/Include -O0 -ffunction-sections -fdata-sections -Wall -fstack-usage -fcyclomatic-complexity -MMD -MP -MF"Core/Src/main.d" -MT"Core/Src/main.o" --specs=nano.specs -mfpu=fpv4-sp-d16 -mfloat-abi=hard -mthumb -o "Core/Src/main.o"
../Core/Src/main.c: In function 'MX_TIM3_Init':
../Core/Src/main.c:358:23: error: invalid suffix "DC" on integer constant
  358 |   htim3.Init.Period = 5DC-1;
      |                       ^~~
make: *** [Core/Src/subdir.mk:37: Core/Src/main.o] Error 1
"make -j12 all" terminated with exit code 2. Build might be incomplete.
16:20:45 **** Incremental Build of configuration Debug for project ADC_rampa ****
make -j12 all 
arm-none-eabi-gcc "../Core/Src/main.c" -mcpu=cortex-m4 -std=gnu11 -g3 -DDEBUG -DUSE_HAL_DRIVER -DSTM32F411xE -c -I../Core/Inc -I../Drivers/STM32F4xx_HAL_Driver/Inc -I../Drivers/STM32F4xx_HAL_Driver/Inc/Legacy -I../Drivers/CMSIS/Device/ST/STM32F4xx/Include -I../Drivers/CMSIS/Include -O0 -ffunction-sections -fdata-sections -Wall -fstack-usage -fcyclomatic-complexity -MMD -MP -MF"Core/Src/main.d" -MT"Core/Src/main.o" --specs=nano.specs -mfpu=fpv4-sp-d16 -mfloat-abi=hard -mthumb -o "Core/Src/main.o"
arm-none-eabi-gcc -o "ADC_rampa.elf" @"objects.list"   -mcpu=cortex-m4 -T"E:\Sexto_sem\MCU_avanzados\ADC_rampa\STM32F411CEUX_FLASH.ld" --specs=nosys.specs -Wl,-Map="ADC_rampa.map" -Wl,--gc-sections -static --specs=nano.specs -mfpu=fpv4-sp-d16 -mfloat-abi=hard -mthumb -Wl,--start-group -lc -lm -Wl,--end-group
Finished building target: ADC_rampa.elf
 
arm-none-eabi-size  ADC_rampa.elf 
arm-none-eabi-objdump -h -S ADC_rampa.elf  > "ADC_rampa.list"
   text	   data	    bss	    dec	    hex	filename
  16640	     20	   1932	  18592	   48a0	ADC_rampa.elf
Finished building: default.size.stdout
 
Finished building: ADC_rampa.list
 
16:22:11 **** Incremental Build of configuration Debug for project ADC_rampa ****
make -j12 all 
arm-none-eabi-gcc "../Core/Src/main.c" -mcpu=cortex-m4 -std=gnu11 -g3 -DDEBUG -DUSE_HAL_DRIVER -DSTM32F411xE -c -I../Core/Inc -I../Drivers/STM32F4xx_HAL_Driver/Inc -I../Drivers/STM32F4xx_HAL_Driver/Inc/Legacy -I../Drivers/CMSIS/Device/ST/STM32F4xx/Include -I../Drivers/CMSIS/Include -O0 -ffunction-sections -fdata-sections -Wall -fstack-usage -fcyclomatic-complexity -MMD -MP -MF"Core/Src/main.d" -MT"Core/Src/main.o" --specs=nano.specs -mfpu=fpv4-sp-d16 -mfloat-abi=hard -mthumb -o "Core/Src/main.o"
arm-none-eabi-gcc -o "ADC_rampa.elf" @"objects.list"   -mcpu=cortex-m4 -T"E:\Sexto_sem\MCU_avanzados\ADC_rampa\STM32F411CEUX_FLASH.ld" --specs=nosys.specs -Wl,-Map="ADC_rampa.map" -Wl,--gc-sections -static --specs=nano.specs -mfpu=fpv4-sp-d16 -mfloat-abi=hard -mthumb -Wl,--start-group -lc -lm -Wl,--end-group
Finished building target: ADC_rampa.elf
 
arm-none-eabi-size  ADC_rampa.elf 
arm-none-eabi-objdump -h -S ADC_rampa.elf  > "ADC_rampa.list"
   text	   data	    bss	    dec	    hex	filename
  16640	     20	   1932	  18592	   48a0	ADC_rampa.elf
Finished building: default.size.stdout
 
Finished building: ADC_rampa.list
 
16:24:58 **** Incremental Build of configuration Debug for project ADC_rampa ****
make -j12 all 
arm-none-eabi-gcc "../Core/Src/main.c" -mcpu=cortex-m4 -std=gnu11 -g3 -DDEBUG -DUSE_HAL_DRIVER -DSTM32F411xE -c -I../Core/Inc -I../Drivers/STM32F4xx_HAL_Driver/Inc -I../Drivers/STM32F4xx_HAL_Driver/Inc/Legacy -I../Drivers/CMSIS/Device/ST/STM32F4xx/Include -I../Drivers/CMSIS/Include -O0 -ffunction-sections -fdata-sections -Wall -fstack-usage -fcyclomatic-complexity -MMD -MP -MF"Core/Src/main.d" -MT"Core/Src/main.o" --specs=nano.specs -mfpu=fpv4-sp-d16 -mfloat-abi=hard -mthumb -o "Core/Src/main.o"
arm-none-eabi-gcc -o "ADC_rampa.elf" @"objects.list"   -mcpu=cortex-m4 -T"E:\Sexto_sem\MCU_avanzados\ADC_rampa\STM32F411CEUX_FLASH.ld" --specs=nosys.specs -Wl,-Map="ADC_rampa.map" -Wl,--gc-sections -static --specs=nano.specs -mfpu=fpv4-sp-d16 -mfloat-abi=hard -mthumb -Wl,--start-group -lc -lm -Wl,--end-group
Finished building target: ADC_rampa.elf
 
arm-none-eabi-size  ADC_rampa.elf 
arm-none-eabi-objdump -h -S ADC_rampa.elf  > "ADC_rampa.list"
   text	   data	    bss	    dec	    hex	filename
  16640	     20	   1932	  18592	   48a0	ADC_rampa.elf
Finished building: default.size.stdout
 
Finished building: ADC_rampa.list
 
16:26:13 **** Incremental Build of configuration Debug for project ADC_rampa ****
make -j12 all 
arm-none-eabi-gcc "../Core/Src/main.c" -mcpu=cortex-m4 -std=gnu11 -g3 -DDEBUG -DUSE_HAL_DRIVER -DSTM32F411xE -c -I../Core/Inc -I../Drivers/STM32F4xx_HAL_Driver/Inc -I../Drivers/STM32F4xx_HAL_Driver/Inc/Legacy -I../Drivers/CMSIS/Device/ST/STM32F4xx/Include -I../Drivers/CMSIS/Include -O0 -ffunction-sections -fdata-sections -Wall -fstack-usage -fcyclomatic-complexity -MMD -MP -MF"Core/Src/main.d" -MT"Core/Src/main.o" --specs=nano.specs -mfpu=fpv4-sp-d16 -mfloat-abi=hard -mthumb -o "Core/Src/main.o"
arm-none-eabi-gcc -o "ADC_rampa.elf" @"objects.list"   -mcpu=cortex-m4 -T"E:\Sexto_sem\MCU_avanzados\ADC_rampa\STM32F411CEUX_FLASH.ld" --specs=nosys.specs -Wl,-Map="ADC_rampa.map" -Wl,--gc-sections -static --specs=nano.specs -mfpu=fpv4-sp-d16 -mfloat-abi=hard -mthumb -Wl,--start-group -lc -lm -Wl,--end-group
Finished building target: ADC_rampa.elf
 
arm-none-eabi-size  ADC_rampa.elf 
arm-none-eabi-objdump -h -S ADC_rampa.elf  > "ADC_rampa.list"
   text	   data	    bss	    dec	    hex	filename
  16660	     20	   1932	  18612	   48b4	ADC_rampa.elf
Finished building: default.size.stdout
 
Finished building: ADC_rampa.list
 
16:28:32 **** Incremental Build of configuration Debug for project ADC_rampa ****
make -j12 all 
arm-none-eabi-gcc "../Core/Src/main.c" -mcpu=cortex-m4 -std=gnu11 -g3 -DDEBUG -DUSE_HAL_DRIVER -DSTM32F411xE -c -I../Core/Inc -I../Drivers/STM32F4xx_HAL_Driver/Inc -I../Drivers/STM32F4xx_HAL_Driver/Inc/Legacy -I../Drivers/CMSIS/Device/ST/STM32F4xx/Include -I../Drivers/CMSIS/Include -O0 -ffunction-sections -fdata-sections -Wall -fstack-usage -fcyclomatic-complexity -MMD -MP -MF"Core/Src/main.d" -MT"Core/Src/main.o" --specs=nano.specs -mfpu=fpv4-sp-d16 -mfloat-abi=hard -mthumb -o "Core/Src/main.o"
arm-none-eabi-gcc -o "ADC_rampa.elf" @"objects.list"   -mcpu=cortex-m4 -T"E:\Sexto_sem\MCU_avanzados\ADC_rampa\STM32F411CEUX_FLASH.ld" --specs=nosys.specs -Wl,-Map="ADC_rampa.map" -Wl,--gc-sections -static --specs=nano.specs -mfpu=fpv4-sp-d16 -mfloat-abi=hard -mthumb -Wl,--start-group -lc -lm -Wl,--end-group
Finished building target: ADC_rampa.elf
 
arm-none-eabi-size  ADC_rampa.elf 
arm-none-eabi-objdump -h -S ADC_rampa.elf  > "ADC_rampa.list"
   text	   data	    bss	    dec	    hex	filename
  16640	     20	   1932	  18592	   48a0	ADC_rampa.elf
Finished building: default.size.stdout
 
Finished building: ADC_rampa.list
 
16:32:36 **** Incremental Build of configuration Debug for project ADC_rampa ****
make -j12 all 
arm-none-eabi-gcc "../Core/Src/main.c" -mcpu=cortex-m4 -std=gnu11 -g3 -DDEBUG -DUSE_HAL_DRIVER -DSTM32F411xE -c -I../Core/Inc -I../Drivers/STM32F4xx_HAL_Driver/Inc -I../Drivers/STM32F4xx_HAL_Driver/Inc/Legacy -I../Drivers/CMSIS/Device/ST/STM32F4xx/Include -I../Drivers/CMSIS/Include -O0 -ffunction-sections -fdata-sections -Wall -fstack-usage -fcyclomatic-complexity -MMD -MP -MF"Core/Src/main.d" -MT"Core/Src/main.o" --specs=nano.specs -mfpu=fpv4-sp-d16 -mfloat-abi=hard -mthumb -o "Core/Src/main.o"
arm-none-eabi-gcc -o "ADC_rampa.elf" @"objects.list"   -mcpu=cortex-m4 -T"E:\Sexto_sem\MCU_avanzados\ADC_rampa\STM32F411CEUX_FLASH.ld" --specs=nosys.specs -Wl,-Map="ADC_rampa.map" -Wl,--gc-sections -static --specs=nano.specs -mfpu=fpv4-sp-d16 -mfloat-abi=hard -mthumb -Wl,--start-group -lc -lm -Wl,--end-group
Finished building target: ADC_rampa.elf
 
arm-none-eabi-size  ADC_rampa.elf 
arm-none-eabi-objdump -h -S ADC_rampa.elf  > "ADC_rampa.list"
   text	   data	    bss	    dec	    hex	filename
  16640	     20	   1932	  18592	   48a0	ADC_rampa.elf
Finished building: default.size.stdout
 
Finished building: ADC_rampa.list
 
16:33:39 **** Incremental Build of configuration Debug for project ADC_rampa ****
make -j12 all 
arm-none-eabi-gcc "../Core/Src/Seg7_mux.c" -mcpu=cortex-m4 -std=gnu11 -g3 -DDEBUG -DUSE_HAL_DRIVER -DSTM32F411xE -c -I../Core/Inc -I../Drivers/STM32F4xx_HAL_Driver/Inc -I../Drivers/STM32F4xx_HAL_Driver/Inc/Legacy -I../Drivers/CMSIS/Device/ST/STM32F4xx/Include -I../Drivers/CMSIS/Include -O0 -ffunction-sections -fdata-sections -Wall -fstack-usage -fcyclomatic-complexity -MMD -MP -MF"Core/Src/Seg7_mux.d" -MT"Core/Src/Seg7_mux.o" --specs=nano.specs -mfpu=fpv4-sp-d16 -mfloat-abi=hard -mthumb -o "Core/Src/Seg7_mux.o"
../Core/Src/Seg7_mux.c: In function 'show_num':
../Core/Src/Seg7_mux.c:119:17: warning: implicit declaration of function 'delay_us' [-Wimplicit-function-declaration]
  119 |                 delay_us(25);
      |                 ^~~~~~~~
arm-none-eabi-gcc -o "ADC_rampa.elf" @"objects.list"   -mcpu=cortex-m4 -T"E:\Sexto_sem\MCU_avanzados\ADC_rampa\STM32F411CEUX_FLASH.ld" --specs=nosys.specs -Wl,-Map="ADC_rampa.map" -Wl,--gc-sections -static --specs=nano.specs -mfpu=fpv4-sp-d16 -mfloat-abi=hard -mthumb -Wl,--start-group -lc -lm -Wl,--end-group
Finished building target: ADC_rampa.elf
 
arm-none-eabi-size  ADC_rampa.elf 
arm-none-eabi-objdump -h -S ADC_rampa.elf  > "ADC_rampa.list"
   text	   data	    bss	    dec	    hex	filename
  16648	     20	   1932	  18600	   48a8	ADC_rampa.elf
Finished building: default.size.stdout
 
Finished building: ADC_rampa.list
 
16:35:13 **** Incremental Build of configuration Debug for project ADC_rampa ****
make -j12 all 
arm-none-eabi-gcc "../Core/Src/Seg7_mux.c" -mcpu=cortex-m4 -std=gnu11 -g3 -DDEBUG -DUSE_HAL_DRIVER -DSTM32F411xE -c -I../Core/Inc -I../Drivers/STM32F4xx_HAL_Driver/Inc -I../Drivers/STM32F4xx_HAL_Driver/Inc/Legacy -I../Drivers/CMSIS/Device/ST/STM32F4xx/Include -I../Drivers/CMSIS/Include -O0 -ffunction-sections -fdata-sections -Wall -fstack-usage -fcyclomatic-complexity -MMD -MP -MF"Core/Src/Seg7_mux.d" -MT"Core/Src/Seg7_mux.o" --specs=nano.specs -mfpu=fpv4-sp-d16 -mfloat-abi=hard -mthumb -o "Core/Src/Seg7_mux.o"
arm-none-eabi-gcc -o "ADC_rampa.elf" @"objects.list"   -mcpu=cortex-m4 -T"E:\Sexto_sem\MCU_avanzados\ADC_rampa\STM32F411CEUX_FLASH.ld" --specs=nosys.specs -Wl,-Map="ADC_rampa.map" -Wl,--gc-sections -static --specs=nano.specs -mfpu=fpv4-sp-d16 -mfloat-abi=hard -mthumb -Wl,--start-group -lc -lm -Wl,--end-group
Finished building target: ADC_rampa.elf
 
arm-none-eabi-size  ADC_rampa.elf 
arm-none-eabi-objdump -h -S ADC_rampa.elf  > "ADC_rampa.list"
   text	   data	    bss	    dec	    hex	filename
  16648	     20	   1932	  18600	   48a8	ADC_rampa.elf
Finished building: default.size.stdout
 
Finished building: ADC_rampa.list
 
16:35:47 **** Incremental Build of configuration Debug for project ADC_rampa ****
make -j12 all 
arm-none-eabi-gcc "../Core/Src/Seg7_mux.c" -mcpu=cortex-m4 -std=gnu11 -g3 -DDEBUG -DUSE_HAL_DRIVER -DSTM32F411xE -c -I../Core/Inc -I../Drivers/STM32F4xx_HAL_Driver/Inc -I../Drivers/STM32F4xx_HAL_Driver/Inc/Legacy -I../Drivers/CMSIS/Device/ST/STM32F4xx/Include -I../Drivers/CMSIS/Include -O0 -ffunction-sections -fdata-sections -Wall -fstack-usage -fcyclomatic-complexity -MMD -MP -MF"Core/Src/Seg7_mux.d" -MT"Core/Src/Seg7_mux.o" --specs=nano.specs -mfpu=fpv4-sp-d16 -mfloat-abi=hard -mthumb -o "Core/Src/Seg7_mux.o"
arm-none-eabi-gcc -o "ADC_rampa.elf" @"objects.list"   -mcpu=cortex-m4 -T"E:\Sexto_sem\MCU_avanzados\ADC_rampa\STM32F411CEUX_FLASH.ld" --specs=nosys.specs -Wl,-Map="ADC_rampa.map" -Wl,--gc-sections -static --specs=nano.specs -mfpu=fpv4-sp-d16 -mfloat-abi=hard -mthumb -Wl,--start-group -lc -lm -Wl,--end-group
Finished building target: ADC_rampa.elf
 
arm-none-eabi-size  ADC_rampa.elf 
arm-none-eabi-objdump -h -S ADC_rampa.elf  > "ADC_rampa.list"
   text	   data	    bss	    dec	    hex	filename
  16648	     20	   1932	  18600	   48a8	ADC_rampa.elf
Finished building: default.size.stdout
 
Finished building: ADC_rampa.list
 
16:37:20 **** Incremental Build of configuration Debug for project ADC_rampa ****
make -j12 all 
arm-none-eabi-size  ADC_rampa.elf 
   text	   data	    bss	    dec	    hex	filename
  16648	     20	   1932	  18600	   48a8	ADC_rampa.elf
Finished building: default.size.stdout
 
16:38:02 **** Incremental Build of configuration Debug for project ADC_rampa ****
make -j12 all 
arm-none-eabi-gcc "../Core/Src/Seg7_mux.c" -mcpu=cortex-m4 -std=gnu11 -g3 -DDEBUG -DUSE_HAL_DRIVER -DSTM32F411xE -c -I../Core/Inc -I../Drivers/STM32F4xx_HAL_Driver/Inc -I../Drivers/STM32F4xx_HAL_Driver/Inc/Legacy -I../Drivers/CMSIS/Device/ST/STM32F4xx/Include -I../Drivers/CMSIS/Include -O0 -ffunction-sections -fdata-sections -Wall -fstack-usage -fcyclomatic-complexity -MMD -MP -MF"Core/Src/Seg7_mux.d" -MT"Core/Src/Seg7_mux.o" --specs=nano.specs -mfpu=fpv4-sp-d16 -mfloat-abi=hard -mthumb -o "Core/Src/Seg7_mux.o"
arm-none-eabi-gcc -o "ADC_rampa.elf" @"objects.list"   -mcpu=cortex-m4 -T"E:\Sexto_sem\MCU_avanzados\ADC_rampa\STM32F411CEUX_FLASH.ld" --specs=nosys.specs -Wl,-Map="ADC_rampa.map" -Wl,--gc-sections -static --specs=nano.specs -mfpu=fpv4-sp-d16 -mfloat-abi=hard -mthumb -Wl,--start-group -lc -lm -Wl,--end-group
Finished building target: ADC_rampa.elf
 
arm-none-eabi-size  ADC_rampa.elf 
arm-none-eabi-objdump -h -S ADC_rampa.elf  > "ADC_rampa.list"
   text	   data	    bss	    dec	    hex	filename
  16648	     20	   1932	  18600	   48a8	ADC_rampa.elf
Finished building: default.size.stdout
 
Finished building: ADC_rampa.list
 
16:39:12 **** Incremental Build of configuration Debug for project ADC_rampa ****
make -j12 all 
arm-none-eabi-gcc "../Core/Src/Seg7_mux.c" -mcpu=cortex-m4 -std=gnu11 -g3 -DDEBUG -DUSE_HAL_DRIVER -DSTM32F411xE -c -I../Core/Inc -I../Drivers/STM32F4xx_HAL_Driver/Inc -I../Drivers/STM32F4xx_HAL_Driver/Inc/Legacy -I../Drivers/CMSIS/Device/ST/STM32F4xx/Include -I../Drivers/CMSIS/Include -O0 -ffunction-sections -fdata-sections -Wall -fstack-usage -fcyclomatic-complexity -MMD -MP -MF"Core/Src/Seg7_mux.d" -MT"Core/Src/Seg7_mux.o" --specs=nano.specs -mfpu=fpv4-sp-d16 -mfloat-abi=hard -mthumb -o "Core/Src/Seg7_mux.o"
arm-none-eabi-gcc -o "ADC_rampa.elf" @"objects.list"   -mcpu=cortex-m4 -T"E:\Sexto_sem\MCU_avanzados\ADC_rampa\STM32F411CEUX_FLASH.ld" --specs=nosys.specs -Wl,-Map="ADC_rampa.map" -Wl,--gc-sections -static --specs=nano.specs -mfpu=fpv4-sp-d16 -mfloat-abi=hard -mthumb -Wl,--start-group -lc -lm -Wl,--end-group
Finished building target: ADC_rampa.elf
 
arm-none-eabi-size  ADC_rampa.elf 
arm-none-eabi-objdump -h -S ADC_rampa.elf  > "ADC_rampa.list"
   text	   data	    bss	    dec	    hex	filename
  16648	     20	   1932	  18600	   48a8	ADC_rampa.elf
Finished building: default.size.stdout
 
Finished building: ADC_rampa.list
 
16:40:16 **** Incremental Build of configuration Debug for project ADC_rampa ****
make -j12 all 
arm-none-eabi-gcc "../Core/Src/main.c" -mcpu=cortex-m4 -std=gnu11 -g3 -DDEBUG -DUSE_HAL_DRIVER -DSTM32F411xE -c -I../Core/Inc -I../Drivers/STM32F4xx_HAL_Driver/Inc -I../Drivers/STM32F4xx_HAL_Driver/Inc/Legacy -I../Drivers/CMSIS/Device/ST/STM32F4xx/Include -I../Drivers/CMSIS/Include -O0 -ffunction-sections -fdata-sections -Wall -fstack-usage -fcyclomatic-complexity -MMD -MP -MF"Core/Src/main.d" -MT"Core/Src/main.o" --specs=nano.specs -mfpu=fpv4-sp-d16 -mfloat-abi=hard -mthumb -o "Core/Src/main.o"
arm-none-eabi-gcc -o "ADC_rampa.elf" @"objects.list"   -mcpu=cortex-m4 -T"E:\Sexto_sem\MCU_avanzados\ADC_rampa\STM32F411CEUX_FLASH.ld" --specs=nosys.specs -Wl,-Map="ADC_rampa.map" -Wl,--gc-sections -static --specs=nano.specs -mfpu=fpv4-sp-d16 -mfloat-abi=hard -mthumb -Wl,--start-group -lc -lm -Wl,--end-group
Finished building target: ADC_rampa.elf
 
arm-none-eabi-size  ADC_rampa.elf 
arm-none-eabi-objdump -h -S ADC_rampa.elf  > "ADC_rampa.list"
   text	   data	    bss	    dec	    hex	filename
  16648	     20	   1932	  18600	   48a8	ADC_rampa.elf
Finished building: default.size.stdout
 
Finished building: ADC_rampa.list
 
16:41:17 **** Incremental Build of configuration Debug for project ADC_rampa ****
make -j12 all 
arm-none-eabi-gcc "../Core/Src/main.c" -mcpu=cortex-m4 -std=gnu11 -g3 -DDEBUG -DUSE_HAL_DRIVER -DSTM32F411xE -c -I../Core/Inc -I../Drivers/STM32F4xx_HAL_Driver/Inc -I../Drivers/STM32F4xx_HAL_Driver/Inc/Legacy -I../Drivers/CMSIS/Device/ST/STM32F4xx/Include -I../Drivers/CMSIS/Include -O0 -ffunction-sections -fdata-sections -Wall -fstack-usage -fcyclomatic-complexity -MMD -MP -MF"Core/Src/main.d" -MT"Core/Src/main.o" --specs=nano.specs -mfpu=fpv4-sp-d16 -mfloat-abi=hard -mthumb -o "Core/Src/main.o"
arm-none-eabi-gcc -o "ADC_rampa.elf" @"objects.list"   -mcpu=cortex-m4 -T"E:\Sexto_sem\MCU_avanzados\ADC_rampa\STM32F411CEUX_FLASH.ld" --specs=nosys.specs -Wl,-Map="ADC_rampa.map" -Wl,--gc-sections -static --specs=nano.specs -mfpu=fpv4-sp-d16 -mfloat-abi=hard -mthumb -Wl,--start-group -lc -lm -Wl,--end-group
Finished building target: ADC_rampa.elf
 
arm-none-eabi-size  ADC_rampa.elf 
arm-none-eabi-objdump -h -S ADC_rampa.elf  > "ADC_rampa.list"
   text	   data	    bss	    dec	    hex	filename
  16648	     20	   1932	  18600	   48a8	ADC_rampa.elf
Finished building: default.size.stdout
 
Finished building: ADC_rampa.list
 
16:42:47 **** Incremental Build of configuration Debug for project ADC_rampa ****
make -j12 all 
arm-none-eabi-gcc "../Core/Src/main.c" -mcpu=cortex-m4 -std=gnu11 -g3 -DDEBUG -DUSE_HAL_DRIVER -DSTM32F411xE -c -I../Core/Inc -I../Drivers/STM32F4xx_HAL_Driver/Inc -I../Drivers/STM32F4xx_HAL_Driver/Inc/Legacy -I../Drivers/CMSIS/Device/ST/STM32F4xx/Include -I../Drivers/CMSIS/Include -O0 -ffunction-sections -fdata-sections -Wall -fstack-usage -fcyclomatic-complexity -MMD -MP -MF"Core/Src/main.d" -MT"Core/Src/main.o" --specs=nano.specs -mfpu=fpv4-sp-d16 -mfloat-abi=hard -mthumb -o "Core/Src/main.o"
arm-none-eabi-gcc -o "ADC_rampa.elf" @"objects.list"   -mcpu=cortex-m4 -T"E:\Sexto_sem\MCU_avanzados\ADC_rampa\STM32F411CEUX_FLASH.ld" --specs=nosys.specs -Wl,-Map="ADC_rampa.map" -Wl,--gc-sections -static --specs=nano.specs -mfpu=fpv4-sp-d16 -mfloat-abi=hard -mthumb -Wl,--start-group -lc -lm -Wl,--end-group
Finished building target: ADC_rampa.elf
 
arm-none-eabi-size  ADC_rampa.elf 
arm-none-eabi-objdump -h -S ADC_rampa.elf  > "ADC_rampa.list"
   text	   data	    bss	    dec	    hex	filename
  16720	     20	   1932	  18672	   48f0	ADC_rampa.elf
Finished building: default.size.stdout
 
Finished building: ADC_rampa.list
 
16:44:09 **** Incremental Build of configuration Debug for project ADC_rampa ****
make -j12 all 
arm-none-eabi-gcc "../Core/Src/main.c" -mcpu=cortex-m4 -std=gnu11 -g3 -DDEBUG -DUSE_HAL_DRIVER -DSTM32F411xE -c -I../Core/Inc -I../Drivers/STM32F4xx_HAL_Driver/Inc -I../Drivers/STM32F4xx_HAL_Driver/Inc/Legacy -I../Drivers/CMSIS/Device/ST/STM32F4xx/Include -I../Drivers/CMSIS/Include -O0 -ffunction-sections -fdata-sections -Wall -fstack-usage -fcyclomatic-complexity -MMD -MP -MF"Core/Src/main.d" -MT"Core/Src/main.o" --specs=nano.specs -mfpu=fpv4-sp-d16 -mfloat-abi=hard -mthumb -o "Core/Src/main.o"
arm-none-eabi-gcc -o "ADC_rampa.elf" @"objects.list"   -mcpu=cortex-m4 -T"E:\Sexto_sem\MCU_avanzados\ADC_rampa\STM32F411CEUX_FLASH.ld" --specs=nosys.specs -Wl,-Map="ADC_rampa.map" -Wl,--gc-sections -static --specs=nano.specs -mfpu=fpv4-sp-d16 -mfloat-abi=hard -mthumb -Wl,--start-group -lc -lm -Wl,--end-group
Finished building target: ADC_rampa.elf
 
arm-none-eabi-size  ADC_rampa.elf 
arm-none-eabi-objdump -h -S ADC_rampa.elf  > "ADC_rampa.list"
   text	   data	    bss	    dec	    hex	filename
  16720	     20	   1932	  18672	   48f0	ADC_rampa.elf
Finished building: default.size.stdout
 
Finished building: ADC_rampa.list
 
16:46:39 **** Incremental Build of configuration Debug for project ADC_rampa ****
make -j12 all 
arm-none-eabi-gcc "../Core/Src/main.c" -mcpu=cortex-m4 -std=gnu11 -g3 -DDEBUG -DUSE_HAL_DRIVER -DSTM32F411xE -c -I../Core/Inc -I../Drivers/STM32F4xx_HAL_Driver/Inc -I../Drivers/STM32F4xx_HAL_Driver/Inc/Legacy -I../Drivers/CMSIS/Device/ST/STM32F4xx/Include -I../Drivers/CMSIS/Include -O0 -ffunction-sections -fdata-sections -Wall -fstack-usage -fcyclomatic-complexity -MMD -MP -MF"Core/Src/main.d" -MT"Core/Src/main.o" --specs=nano.specs -mfpu=fpv4-sp-d16 -mfloat-abi=hard -mthumb -o "Core/Src/main.o"
arm-none-eabi-gcc -o "ADC_rampa.elf" @"objects.list"   -mcpu=cortex-m4 -T"E:\Sexto_sem\MCU_avanzados\ADC_rampa\STM32F411CEUX_FLASH.ld" --specs=nosys.specs -Wl,-Map="ADC_rampa.map" -Wl,--gc-sections -static --specs=nano.specs -mfpu=fpv4-sp-d16 -mfloat-abi=hard -mthumb -Wl,--start-group -lc -lm -Wl,--end-group
Finished building target: ADC_rampa.elf
 
arm-none-eabi-size  ADC_rampa.elf 
arm-none-eabi-objdump -h -S ADC_rampa.elf  > "ADC_rampa.list"
   text	   data	    bss	    dec	    hex	filename
  16720	     20	   1932	  18672	   48f0	ADC_rampa.elf
Finished building: default.size.stdout
 
Finished building: ADC_rampa.list
 
16:47:49 **** Incremental Build of configuration Debug for project ADC_rampa ****
make -j12 all 
arm-none-eabi-gcc "../Core/Src/Seg7_mux.c" -mcpu=cortex-m4 -std=gnu11 -g3 -DDEBUG -DUSE_HAL_DRIVER -DSTM32F411xE -c -I../Core/Inc -I../Drivers/STM32F4xx_HAL_Driver/Inc -I../Drivers/STM32F4xx_HAL_Driver/Inc/Legacy -I../Drivers/CMSIS/Device/ST/STM32F4xx/Include -I../Drivers/CMSIS/Include -O0 -ffunction-sections -fdata-sections -Wall -fstack-usage -fcyclomatic-complexity -MMD -MP -MF"Core/Src/Seg7_mux.d" -MT"Core/Src/Seg7_mux.o" --specs=nano.specs -mfpu=fpv4-sp-d16 -mfloat-abi=hard -mthumb -o "Core/Src/Seg7_mux.o"
arm-none-eabi-gcc -o "ADC_rampa.elf" @"objects.list"   -mcpu=cortex-m4 -T"E:\Sexto_sem\MCU_avanzados\ADC_rampa\STM32F411CEUX_FLASH.ld" --specs=nosys.specs -Wl,-Map="ADC_rampa.map" -Wl,--gc-sections -static --specs=nano.specs -mfpu=fpv4-sp-d16 -mfloat-abi=hard -mthumb -Wl,--start-group -lc -lm -Wl,--end-group
Finished building target: ADC_rampa.elf
 
arm-none-eabi-size  ADC_rampa.elf 
arm-none-eabi-objdump -h -S ADC_rampa.elf  > "ADC_rampa.list"
   text	   data	    bss	    dec	    hex	filename
  16720	     20	   1932	  18672	   48f0	ADC_rampa.elf
Finished building: default.size.stdout
 
Finished building: ADC_rampa.list
 
16:53:16 **** Incremental Build of configuration Debug for project ADC_rampa ****
make -j12 all 
arm-none-eabi-gcc "../Core/Src/Seg7_mux.c" -mcpu=cortex-m4 -std=gnu11 -g3 -DDEBUG -DUSE_HAL_DRIVER -DSTM32F411xE -c -I../Core/Inc -I../Drivers/STM32F4xx_HAL_Driver/Inc -I../Drivers/STM32F4xx_HAL_Driver/Inc/Legacy -I../Drivers/CMSIS/Device/ST/STM32F4xx/Include -I../Drivers/CMSIS/Include -O0 -ffunction-sections -fdata-sections -Wall -fstack-usage -fcyclomatic-complexity -MMD -MP -MF"Core/Src/Seg7_mux.d" -MT"Core/Src/Seg7_mux.o" --specs=nano.specs -mfpu=fpv4-sp-d16 -mfloat-abi=hard -mthumb -o "Core/Src/Seg7_mux.o"
arm-none-eabi-gcc "../Core/Src/main.c" -mcpu=cortex-m4 -std=gnu11 -g3 -DDEBUG -DUSE_HAL_DRIVER -DSTM32F411xE -c -I../Core/Inc -I../Drivers/STM32F4xx_HAL_Driver/Inc -I../Drivers/STM32F4xx_HAL_Driver/Inc/Legacy -I../Drivers/CMSIS/Device/ST/STM32F4xx/Include -I../Drivers/CMSIS/Include -O0 -ffunction-sections -fdata-sections -Wall -fstack-usage -fcyclomatic-complexity -MMD -MP -MF"Core/Src/main.d" -MT"Core/Src/main.o" --specs=nano.specs -mfpu=fpv4-sp-d16 -mfloat-abi=hard -mthumb -o "Core/Src/main.o"
arm-none-eabi-gcc -o "ADC_rampa.elf" @"objects.list"   -mcpu=cortex-m4 -T"E:\Sexto_sem\MCU_avanzados\ADC_rampa\STM32F411CEUX_FLASH.ld" --specs=nosys.specs -Wl,-Map="ADC_rampa.map" -Wl,--gc-sections -static --specs=nano.specs -mfpu=fpv4-sp-d16 -mfloat-abi=hard -mthumb -Wl,--start-group -lc -lm -Wl,--end-group
Finished building target: ADC_rampa.elf
 
arm-none-eabi-size  ADC_rampa.elf 
arm-none-eabi-objdump -h -S ADC_rampa.elf  > "ADC_rampa.list"
   text	   data	    bss	    dec	    hex	filename
  16712	     20	   1932	  18664	   48e8	ADC_rampa.elf
Finished building: default.size.stdout
 
Finished building: ADC_rampa.list
 
16:54:20 **** Incremental Build of configuration Debug for project ADC_rampa ****
make -j12 all 
arm-none-eabi-gcc "../Core/Src/Seg7_mux.c" -mcpu=cortex-m4 -std=gnu11 -g3 -DDEBUG -DUSE_HAL_DRIVER -DSTM32F411xE -c -I../Core/Inc -I../Drivers/STM32F4xx_HAL_Driver/Inc -I../Drivers/STM32F4xx_HAL_Driver/Inc/Legacy -I../Drivers/CMSIS/Device/ST/STM32F4xx/Include -I../Drivers/CMSIS/Include -O0 -ffunction-sections -fdata-sections -Wall -fstack-usage -fcyclomatic-complexity -MMD -MP -MF"Core/Src/Seg7_mux.d" -MT"Core/Src/Seg7_mux.o" --specs=nano.specs -mfpu=fpv4-sp-d16 -mfloat-abi=hard -mthumb -o "Core/Src/Seg7_mux.o"
arm-none-eabi-gcc -o "ADC_rampa.elf" @"objects.list"   -mcpu=cortex-m4 -T"E:\Sexto_sem\MCU_avanzados\ADC_rampa\STM32F411CEUX_FLASH.ld" --specs=nosys.specs -Wl,-Map="ADC_rampa.map" -Wl,--gc-sections -static --specs=nano.specs -mfpu=fpv4-sp-d16 -mfloat-abi=hard -mthumb -Wl,--start-group -lc -lm -Wl,--end-group
Finished building target: ADC_rampa.elf
 
arm-none-eabi-size  ADC_rampa.elf 
arm-none-eabi-objdump -h -S ADC_rampa.elf  > "ADC_rampa.list"
   text	   data	    bss	    dec	    hex	filename
  16648	     20	   1932	  18600	   48a8	ADC_rampa.elf
Finished building: default.size.stdout
 
Finished building: ADC_rampa.list
 
16:56:40 **** Incremental Build of configuration Debug for project ADC_rampa ****
make -j12 all 
arm-none-eabi-gcc "../Core/Src/Seg7_mux.c" -mcpu=cortex-m4 -std=gnu11 -g3 -DDEBUG -DUSE_HAL_DRIVER -DSTM32F411xE -c -I../Core/Inc -I../Drivers/STM32F4xx_HAL_Driver/Inc -I../Drivers/STM32F4xx_HAL_Driver/Inc/Legacy -I../Drivers/CMSIS/Device/ST/STM32F4xx/Include -I../Drivers/CMSIS/Include -O0 -ffunction-sections -fdata-sections -Wall -fstack-usage -fcyclomatic-complexity -MMD -MP -MF"Core/Src/Seg7_mux.d" -MT"Core/Src/Seg7_mux.o" --specs=nano.specs -mfpu=fpv4-sp-d16 -mfloat-abi=hard -mthumb -o "Core/Src/Seg7_mux.o"
arm-none-eabi-gcc "../Core/Src/main.c" -mcpu=cortex-m4 -std=gnu11 -g3 -DDEBUG -DUSE_HAL_DRIVER -DSTM32F411xE -c -I../Core/Inc -I../Drivers/STM32F4xx_HAL_Driver/Inc -I../Drivers/STM32F4xx_HAL_Driver/Inc/Legacy -I../Drivers/CMSIS/Device/ST/STM32F4xx/Include -I../Drivers/CMSIS/Include -O0 -ffunction-sections -fdata-sections -Wall -fstack-usage -fcyclomatic-complexity -MMD -MP -MF"Core/Src/main.d" -MT"Core/Src/main.o" --specs=nano.specs -mfpu=fpv4-sp-d16 -mfloat-abi=hard -mthumb -o "Core/Src/main.o"
arm-none-eabi-gcc -o "ADC_rampa.elf" @"objects.list"   -mcpu=cortex-m4 -T"E:\Sexto_sem\MCU_avanzados\ADC_rampa\STM32F411CEUX_FLASH.ld" --specs=nosys.specs -Wl,-Map="ADC_rampa.map" -Wl,--gc-sections -static --specs=nano.specs -mfpu=fpv4-sp-d16 -mfloat-abi=hard -mthumb -Wl,--start-group -lc -lm -Wl,--end-group
Finished building target: ADC_rampa.elf
 
arm-none-eabi-size  ADC_rampa.elf 
arm-none-eabi-objdump -h -S ADC_rampa.elf  > "ADC_rampa.list"
   text	   data	    bss	    dec	    hex	filename
  16648	     20	   1932	  18600	   48a8	ADC_rampa.elf
Finished building: default.size.stdout
 
Finished building: ADC_rampa.list
 
16:57:38 **** Incremental Build of configuration Debug for project ADC_rampa ****
make -j12 all 
arm-none-eabi-gcc "../Core/Src/main.c" -mcpu=cortex-m4 -std=gnu11 -g3 -DDEBUG -DUSE_HAL_DRIVER -DSTM32F411xE -c -I../Core/Inc -I../Drivers/STM32F4xx_HAL_Driver/Inc -I../Drivers/STM32F4xx_HAL_Driver/Inc/Legacy -I../Drivers/CMSIS/Device/ST/STM32F4xx/Include -I../Drivers/CMSIS/Include -O0 -ffunction-sections -fdata-sections -Wall -fstack-usage -fcyclomatic-complexity -MMD -MP -MF"Core/Src/main.d" -MT"Core/Src/main.o" --specs=nano.specs -mfpu=fpv4-sp-d16 -mfloat-abi=hard -mthumb -o "Core/Src/main.o"
arm-none-eabi-gcc -o "ADC_rampa.elf" @"objects.list"   -mcpu=cortex-m4 -T"E:\Sexto_sem\MCU_avanzados\ADC_rampa\STM32F411CEUX_FLASH.ld" --specs=nosys.specs -Wl,-Map="ADC_rampa.map" -Wl,--gc-sections -static --specs=nano.specs -mfpu=fpv4-sp-d16 -mfloat-abi=hard -mthumb -Wl,--start-group -lc -lm -Wl,--end-group
Finished building target: ADC_rampa.elf
 
arm-none-eabi-size  ADC_rampa.elf 
arm-none-eabi-objdump -h -S ADC_rampa.elf  > "ADC_rampa.list"
   text	   data	    bss	    dec	    hex	filename
  16720	     20	   1932	  18672	   48f0	ADC_rampa.elf
Finished building: default.size.stdout
 
Finished building: ADC_rampa.list
 
17:00:10 **** Incremental Build of configuration Debug for project ADC_rampa ****
make -j12 all 
arm-none-eabi-gcc "../Core/Src/Seg7_mux.c" -mcpu=cortex-m4 -std=gnu11 -g3 -DDEBUG -DUSE_HAL_DRIVER -DSTM32F411xE -c -I../Core/Inc -I../Drivers/STM32F4xx_HAL_Driver/Inc -I../Drivers/STM32F4xx_HAL_Driver/Inc/Legacy -I../Drivers/CMSIS/Device/ST/STM32F4xx/Include -I../Drivers/CMSIS/Include -O0 -ffunction-sections -fdata-sections -Wall -fstack-usage -fcyclomatic-complexity -MMD -MP -MF"Core/Src/Seg7_mux.d" -MT"Core/Src/Seg7_mux.o" --specs=nano.specs -mfpu=fpv4-sp-d16 -mfloat-abi=hard -mthumb -o "Core/Src/Seg7_mux.o"
arm-none-eabi-gcc "../Core/Src/main.c" -mcpu=cortex-m4 -std=gnu11 -g3 -DDEBUG -DUSE_HAL_DRIVER -DSTM32F411xE -c -I../Core/Inc -I../Drivers/STM32F4xx_HAL_Driver/Inc -I../Drivers/STM32F4xx_HAL_Driver/Inc/Legacy -I../Drivers/CMSIS/Device/ST/STM32F4xx/Include -I../Drivers/CMSIS/Include -O0 -ffunction-sections -fdata-sections -Wall -fstack-usage -fcyclomatic-complexity -MMD -MP -MF"Core/Src/main.d" -MT"Core/Src/main.o" --specs=nano.specs -mfpu=fpv4-sp-d16 -mfloat-abi=hard -mthumb -o "Core/Src/main.o"
arm-none-eabi-gcc -o "ADC_rampa.elf" @"objects.list"   -mcpu=cortex-m4 -T"E:\Sexto_sem\MCU_avanzados\ADC_rampa\STM32F411CEUX_FLASH.ld" --specs=nosys.specs -Wl,-Map="ADC_rampa.map" -Wl,--gc-sections -static --specs=nano.specs -mfpu=fpv4-sp-d16 -mfloat-abi=hard -mthumb -Wl,--start-group -lc -lm -Wl,--end-group
Finished building target: ADC_rampa.elf
 
arm-none-eabi-size  ADC_rampa.elf 
arm-none-eabi-objdump -h -S ADC_rampa.elf  > "ADC_rampa.list"
   text	   data	    bss	    dec	    hex	filename
  16480	     20	   1932	  18432	   4800	ADC_rampa.elf
Finished building: default.size.stdout
 
Finished building: ADC_rampa.list
 
17:00:56 **** Incremental Build of configuration Debug for project ADC_rampa ****
make -j12 all 
arm-none-eabi-gcc "../Core/Src/main.c" -mcpu=cortex-m4 -std=gnu11 -g3 -DDEBUG -DUSE_HAL_DRIVER -DSTM32F411xE -c -I../Core/Inc -I../Drivers/STM32F4xx_HAL_Driver/Inc -I../Drivers/STM32F4xx_HAL_Driver/Inc/Legacy -I../Drivers/CMSIS/Device/ST/STM32F4xx/Include -I../Drivers/CMSIS/Include -O0 -ffunction-sections -fdata-sections -Wall -fstack-usage -fcyclomatic-complexity -MMD -MP -MF"Core/Src/main.d" -MT"Core/Src/main.o" --specs=nano.specs -mfpu=fpv4-sp-d16 -mfloat-abi=hard -mthumb -o "Core/Src/main.o"
arm-none-eabi-gcc -o "ADC_rampa.elf" @"objects.list"   -mcpu=cortex-m4 -T"E:\Sexto_sem\MCU_avanzados\ADC_rampa\STM32F411CEUX_FLASH.ld" --specs=nosys.specs -Wl,-Map="ADC_rampa.map" -Wl,--gc-sections -static --specs=nano.specs -mfpu=fpv4-sp-d16 -mfloat-abi=hard -mthumb -Wl,--start-group -lc -lm -Wl,--end-group
Finished building target: ADC_rampa.elf
 
arm-none-eabi-size  ADC_rampa.elf 
arm-none-eabi-objdump -h -S ADC_rampa.elf  > "ADC_rampa.list"
   text	   data	    bss	    dec	    hex	filename
  16532	     20	   1932	  18484	   4834	ADC_rampa.elf
Finished building: default.size.stdout
 
Finished building: ADC_rampa.list
 
17:02:49 **** Incremental Build of configuration Debug for project ADC_rampa ****
make -j12 all 
arm-none-eabi-gcc "../Core/Src/main.c" -mcpu=cortex-m4 -std=gnu11 -g3 -DDEBUG -DUSE_HAL_DRIVER -DSTM32F411xE -c -I../Core/Inc -I../Drivers/STM32F4xx_HAL_Driver/Inc -I../Drivers/STM32F4xx_HAL_Driver/Inc/Legacy -I../Drivers/CMSIS/Device/ST/STM32F4xx/Include -I../Drivers/CMSIS/Include -O0 -ffunction-sections -fdata-sections -Wall -fstack-usage -fcyclomatic-complexity -MMD -MP -MF"Core/Src/main.d" -MT"Core/Src/main.o" --specs=nano.specs -mfpu=fpv4-sp-d16 -mfloat-abi=hard -mthumb -o "Core/Src/main.o"
arm-none-eabi-gcc -o "ADC_rampa.elf" @"objects.list"   -mcpu=cortex-m4 -T"E:\Sexto_sem\MCU_avanzados\ADC_rampa\STM32F411CEUX_FLASH.ld" --specs=nosys.specs -Wl,-Map="ADC_rampa.map" -Wl,--gc-sections -static --specs=nano.specs -mfpu=fpv4-sp-d16 -mfloat-abi=hard -mthumb -Wl,--start-group -lc -lm -Wl,--end-group
Finished building target: ADC_rampa.elf
 
arm-none-eabi-size  ADC_rampa.elf 
arm-none-eabi-objdump -h -S ADC_rampa.elf  > "ADC_rampa.list"
   text	   data	    bss	    dec	    hex	filename
  16480	     20	   1932	  18432	   4800	ADC_rampa.elf
Finished building: default.size.stdout
 
Finished building: ADC_rampa.list
 
17:03:48 **** Incremental Build of configuration Debug for project ADC_rampa ****
make -j12 all 
arm-none-eabi-gcc "../Core/Src/Seg7_mux.c" -mcpu=cortex-m4 -std=gnu11 -g3 -DDEBUG -DUSE_HAL_DRIVER -DSTM32F411xE -c -I../Core/Inc -I../Drivers/STM32F4xx_HAL_Driver/Inc -I../Drivers/STM32F4xx_HAL_Driver/Inc/Legacy -I../Drivers/CMSIS/Device/ST/STM32F4xx/Include -I../Drivers/CMSIS/Include -O0 -ffunction-sections -fdata-sections -Wall -fstack-usage -fcyclomatic-complexity -MMD -MP -MF"Core/Src/Seg7_mux.d" -MT"Core/Src/Seg7_mux.o" --specs=nano.specs -mfpu=fpv4-sp-d16 -mfloat-abi=hard -mthumb -o "Core/Src/Seg7_mux.o"
arm-none-eabi-gcc -o "ADC_rampa.elf" @"objects.list"   -mcpu=cortex-m4 -T"E:\Sexto_sem\MCU_avanzados\ADC_rampa\STM32F411CEUX_FLASH.ld" --specs=nosys.specs -Wl,-Map="ADC_rampa.map" -Wl,--gc-sections -static --specs=nano.specs -mfpu=fpv4-sp-d16 -mfloat-abi=hard -mthumb -Wl,--start-group -lc -lm -Wl,--end-group
Finished building target: ADC_rampa.elf
 
arm-none-eabi-size  ADC_rampa.elf 
arm-none-eabi-objdump -h -S ADC_rampa.elf  > "ADC_rampa.list"
   text	   data	    bss	    dec	    hex	filename
  16472	     20	   1932	  18424	   47f8	ADC_rampa.elf
Finished building: default.size.stdout
 
Finished building: ADC_rampa.list
 
17:04:11 **** Incremental Build of configuration Debug for project ADC_SAR ****
make -j12 all 
arm-none-eabi-size  ADC_SAR.elf 
   text	   data	    bss	    dec	    hex	filename
  13600	     20	   1716	  15336	   3be8	ADC_SAR.elf
Finished building: default.size.stdout
 
17:06:33 **** Incremental Build of configuration Debug for project ADC_rampa ****
make -j12 all 
arm-none-eabi-gcc "../Core/Src/Seg7_mux.c" -mcpu=cortex-m4 -std=gnu11 -g3 -DDEBUG -DUSE_HAL_DRIVER -DSTM32F411xE -c -I../Core/Inc -I../Drivers/STM32F4xx_HAL_Driver/Inc -I../Drivers/STM32F4xx_HAL_Driver/Inc/Legacy -I../Drivers/CMSIS/Device/ST/STM32F4xx/Include -I../Drivers/CMSIS/Include -O0 -ffunction-sections -fdata-sections -Wall -fstack-usage -fcyclomatic-complexity -MMD -MP -MF"Core/Src/Seg7_mux.d" -MT"Core/Src/Seg7_mux.o" --specs=nano.specs -mfpu=fpv4-sp-d16 -mfloat-abi=hard -mthumb -o "Core/Src/Seg7_mux.o"
arm-none-eabi-gcc -o "ADC_rampa.elf" @"objects.list"   -mcpu=cortex-m4 -T"E:\Sexto_sem\MCU_avanzados\ADC_rampa\STM32F411CEUX_FLASH.ld" --specs=nosys.specs -Wl,-Map="ADC_rampa.map" -Wl,--gc-sections -static --specs=nano.specs -mfpu=fpv4-sp-d16 -mfloat-abi=hard -mthumb -Wl,--start-group -lc -lm -Wl,--end-group
Finished building target: ADC_rampa.elf
 
arm-none-eabi-size  ADC_rampa.elf 
arm-none-eabi-objdump -h -S ADC_rampa.elf  > "ADC_rampa.list"
   text	   data	    bss	    dec	    hex	filename
  16480	     20	   1932	  18432	   4800	ADC_rampa.elf
Finished building: default.size.stdout
 
Finished building: ADC_rampa.list
 
17:07:35 **** Incremental Build of configuration Debug for project ADC_rampa ****
make -j12 all 
arm-none-eabi-gcc "../Core/Src/main.c" -mcpu=cortex-m4 -std=gnu11 -g3 -DDEBUG -DUSE_HAL_DRIVER -DSTM32F411xE -c -I../Core/Inc -I../Drivers/STM32F4xx_HAL_Driver/Inc -I../Drivers/STM32F4xx_HAL_Driver/Inc/Legacy -I../Drivers/CMSIS/Device/ST/STM32F4xx/Include -I../Drivers/CMSIS/Include -O0 -ffunction-sections -fdata-sections -Wall -fstack-usage -fcyclomatic-complexity -MMD -MP -MF"Core/Src/main.d" -MT"Core/Src/main.o" --specs=nano.specs -mfpu=fpv4-sp-d16 -mfloat-abi=hard -mthumb -o "Core/Src/main.o"
arm-none-eabi-gcc -o "ADC_rampa.elf" @"objects.list"   -mcpu=cortex-m4 -T"E:\Sexto_sem\MCU_avanzados\ADC_rampa\STM32F411CEUX_FLASH.ld" --specs=nosys.specs -Wl,-Map="ADC_rampa.map" -Wl,--gc-sections -static --specs=nano.specs -mfpu=fpv4-sp-d16 -mfloat-abi=hard -mthumb -Wl,--start-group -lc -lm -Wl,--end-group
Finished building target: ADC_rampa.elf
 
arm-none-eabi-size  ADC_rampa.elf 
arm-none-eabi-objdump -h -S ADC_rampa.elf  > "ADC_rampa.list"
   text	   data	    bss	    dec	    hex	filename
  16532	     20	   1932	  18484	   4834	ADC_rampa.elf
Finished building: default.size.stdout
 
Finished building: ADC_rampa.list
 
17:08:46 **** Incremental Build of configuration Debug for project ADC_rampa ****
make -j12 all 
arm-none-eabi-gcc "../Core/Src/main.c" -mcpu=cortex-m4 -std=gnu11 -g3 -DDEBUG -DUSE_HAL_DRIVER -DSTM32F411xE -c -I../Core/Inc -I../Drivers/STM32F4xx_HAL_Driver/Inc -I../Drivers/STM32F4xx_HAL_Driver/Inc/Legacy -I../Drivers/CMSIS/Device/ST/STM32F4xx/Include -I../Drivers/CMSIS/Include -O0 -ffunction-sections -fdata-sections -Wall -fstack-usage -fcyclomatic-complexity -MMD -MP -MF"Core/Src/main.d" -MT"Core/Src/main.o" --specs=nano.specs -mfpu=fpv4-sp-d16 -mfloat-abi=hard -mthumb -o "Core/Src/main.o"
arm-none-eabi-gcc -o "ADC_rampa.elf" @"objects.list"   -mcpu=cortex-m4 -T"E:\Sexto_sem\MCU_avanzados\ADC_rampa\STM32F411CEUX_FLASH.ld" --specs=nosys.specs -Wl,-Map="ADC_rampa.map" -Wl,--gc-sections -static --specs=nano.specs -mfpu=fpv4-sp-d16 -mfloat-abi=hard -mthumb -Wl,--start-group -lc -lm -Wl,--end-group
Finished building target: ADC_rampa.elf
 
arm-none-eabi-size  ADC_rampa.elf 
arm-none-eabi-objdump -h -S ADC_rampa.elf  > "ADC_rampa.list"
   text	   data	    bss	    dec	    hex	filename
  16532	     20	   1932	  18484	   4834	ADC_rampa.elf
Finished building: default.size.stdout
 
Finished building: ADC_rampa.list
 
17:11:40 **** Incremental Build of configuration Debug for project ADC_rampa ****
make -j12 all 
arm-none-eabi-gcc "../Core/Src/main.c" -mcpu=cortex-m4 -std=gnu11 -g3 -DDEBUG -DUSE_HAL_DRIVER -DSTM32F411xE -c -I../Core/Inc -I../Drivers/STM32F4xx_HAL_Driver/Inc -I../Drivers/STM32F4xx_HAL_Driver/Inc/Legacy -I../Drivers/CMSIS/Device/ST/STM32F4xx/Include -I../Drivers/CMSIS/Include -O0 -ffunction-sections -fdata-sections -Wall -fstack-usage -fcyclomatic-complexity -MMD -MP -MF"Core/Src/main.d" -MT"Core/Src/main.o" --specs=nano.specs -mfpu=fpv4-sp-d16 -mfloat-abi=hard -mthumb -o "Core/Src/main.o"
arm-none-eabi-gcc -o "ADC_rampa.elf" @"objects.list"   -mcpu=cortex-m4 -T"E:\Sexto_sem\MCU_avanzados\ADC_rampa\STM32F411CEUX_FLASH.ld" --specs=nosys.specs -Wl,-Map="ADC_rampa.map" -Wl,--gc-sections -static --specs=nano.specs -mfpu=fpv4-sp-d16 -mfloat-abi=hard -mthumb -Wl,--start-group -lc -lm -Wl,--end-group
Finished building target: ADC_rampa.elf
 
arm-none-eabi-size  ADC_rampa.elf 
arm-none-eabi-objdump -h -S ADC_rampa.elf  > "ADC_rampa.list"
   text	   data	    bss	    dec	    hex	filename
  16472	     20	   1932	  18424	   47f8	ADC_rampa.elf
Finished building: default.size.stdout
 
Finished building: ADC_rampa.list
 
17:12:55 **** Incremental Build of configuration Debug for project ADC_rampa ****
make -j12 all 
arm-none-eabi-gcc "../Core/Src/Seg7_mux.c" -mcpu=cortex-m4 -std=gnu11 -g3 -DDEBUG -DUSE_HAL_DRIVER -DSTM32F411xE -c -I../Core/Inc -I../Drivers/STM32F4xx_HAL_Driver/Inc -I../Drivers/STM32F4xx_HAL_Driver/Inc/Legacy -I../Drivers/CMSIS/Device/ST/STM32F4xx/Include -I../Drivers/CMSIS/Include -O0 -ffunction-sections -fdata-sections -Wall -fstack-usage -fcyclomatic-complexity -MMD -MP -MF"Core/Src/Seg7_mux.d" -MT"Core/Src/Seg7_mux.o" --specs=nano.specs -mfpu=fpv4-sp-d16 -mfloat-abi=hard -mthumb -o "Core/Src/Seg7_mux.o"
arm-none-eabi-gcc -o "ADC_rampa.elf" @"objects.list"   -mcpu=cortex-m4 -T"E:\Sexto_sem\MCU_avanzados\ADC_rampa\STM32F411CEUX_FLASH.ld" --specs=nosys.specs -Wl,-Map="ADC_rampa.map" -Wl,--gc-sections -static --specs=nano.specs -mfpu=fpv4-sp-d16 -mfloat-abi=hard -mthumb -Wl,--start-group -lc -lm -Wl,--end-group
Finished building target: ADC_rampa.elf
 
arm-none-eabi-size  ADC_rampa.elf 
arm-none-eabi-objdump -h -S ADC_rampa.elf  > "ADC_rampa.list"
   text	   data	    bss	    dec	    hex	filename
  16448	     20	   1932	  18400	   47e0	ADC_rampa.elf
Finished building: default.size.stdout
 
Finished building: ADC_rampa.list
 
17:14:15 **** Incremental Build of configuration Debug for project ADC_rampa ****
make -j12 all 
arm-none-eabi-gcc "../Core/Src/Seg7_mux.c" -mcpu=cortex-m4 -std=gnu11 -g3 -DDEBUG -DUSE_HAL_DRIVER -DSTM32F411xE -c -I../Core/Inc -I../Drivers/STM32F4xx_HAL_Driver/Inc -I../Drivers/STM32F4xx_HAL_Driver/Inc/Legacy -I../Drivers/CMSIS/Device/ST/STM32F4xx/Include -I../Drivers/CMSIS/Include -O0 -ffunction-sections -fdata-sections -Wall -fstack-usage -fcyclomatic-complexity -MMD -MP -MF"Core/Src/Seg7_mux.d" -MT"Core/Src/Seg7_mux.o" --specs=nano.specs -mfpu=fpv4-sp-d16 -mfloat-abi=hard -mthumb -o "Core/Src/Seg7_mux.o"
arm-none-eabi-gcc -o "ADC_rampa.elf" @"objects.list"   -mcpu=cortex-m4 -T"E:\Sexto_sem\MCU_avanzados\ADC_rampa\STM32F411CEUX_FLASH.ld" --specs=nosys.specs -Wl,-Map="ADC_rampa.map" -Wl,--gc-sections -static --specs=nano.specs -mfpu=fpv4-sp-d16 -mfloat-abi=hard -mthumb -Wl,--start-group -lc -lm -Wl,--end-group
Finished building target: ADC_rampa.elf
 
arm-none-eabi-size  ADC_rampa.elf 
arm-none-eabi-objdump -h -S ADC_rampa.elf  > "ADC_rampa.list"
   text	   data	    bss	    dec	    hex	filename
  16400	     20	   1932	  18352	   47b0	ADC_rampa.elf
Finished building: default.size.stdout
 
Finished building: ADC_rampa.list
 
17:14:44 **** Incremental Build of configuration Debug for project ADC_rampa ****
make -j12 all 
arm-none-eabi-gcc "../Core/Src/Seg7_mux.c" -mcpu=cortex-m4 -std=gnu11 -g3 -DDEBUG -DUSE_HAL_DRIVER -DSTM32F411xE -c -I../Core/Inc -I../Drivers/STM32F4xx_HAL_Driver/Inc -I../Drivers/STM32F4xx_HAL_Driver/Inc/Legacy -I../Drivers/CMSIS/Device/ST/STM32F4xx/Include -I../Drivers/CMSIS/Include -O0 -ffunction-sections -fdata-sections -Wall -fstack-usage -fcyclomatic-complexity -MMD -MP -MF"Core/Src/Seg7_mux.d" -MT"Core/Src/Seg7_mux.o" --specs=nano.specs -mfpu=fpv4-sp-d16 -mfloat-abi=hard -mthumb -o "Core/Src/Seg7_mux.o"
arm-none-eabi-gcc -o "ADC_rampa.elf" @"objects.list"   -mcpu=cortex-m4 -T"E:\Sexto_sem\MCU_avanzados\ADC_rampa\STM32F411CEUX_FLASH.ld" --specs=nosys.specs -Wl,-Map="ADC_rampa.map" -Wl,--gc-sections -static --specs=nano.specs -mfpu=fpv4-sp-d16 -mfloat-abi=hard -mthumb -Wl,--start-group -lc -lm -Wl,--end-group
Finished building target: ADC_rampa.elf
 
arm-none-eabi-size  ADC_rampa.elf 
arm-none-eabi-objdump -h -S ADC_rampa.elf  > "ADC_rampa.list"
   text	   data	    bss	    dec	    hex	filename
  16408	     20	   1932	  18360	   47b8	ADC_rampa.elf
Finished building: default.size.stdout
 
Finished building: ADC_rampa.list
 
17:15:30 **** Incremental Build of configuration Debug for project ADC_rampa ****
make -j12 all 
arm-none-eabi-gcc "../Core/Src/main.c" -mcpu=cortex-m4 -std=gnu11 -g3 -DDEBUG -DUSE_HAL_DRIVER -DSTM32F411xE -c -I../Core/Inc -I../Drivers/STM32F4xx_HAL_Driver/Inc -I../Drivers/STM32F4xx_HAL_Driver/Inc/Legacy -I../Drivers/CMSIS/Device/ST/STM32F4xx/Include -I../Drivers/CMSIS/Include -O0 -ffunction-sections -fdata-sections -Wall -fstack-usage -fcyclomatic-complexity -MMD -MP -MF"Core/Src/main.d" -MT"Core/Src/main.o" --specs=nano.specs -mfpu=fpv4-sp-d16 -mfloat-abi=hard -mthumb -o "Core/Src/main.o"
arm-none-eabi-gcc -o "ADC_rampa.elf" @"objects.list"   -mcpu=cortex-m4 -T"E:\Sexto_sem\MCU_avanzados\ADC_rampa\STM32F411CEUX_FLASH.ld" --specs=nosys.specs -Wl,-Map="ADC_rampa.map" -Wl,--gc-sections -static --specs=nano.specs -mfpu=fpv4-sp-d16 -mfloat-abi=hard -mthumb -Wl,--start-group -lc -lm -Wl,--end-group
Finished building target: ADC_rampa.elf
 
arm-none-eabi-size  ADC_rampa.elf 
arm-none-eabi-objdump -h -S ADC_rampa.elf  > "ADC_rampa.list"
   text	   data	    bss	    dec	    hex	filename
  16400	     20	   1932	  18352	   47b0	ADC_rampa.elf
Finished building: default.size.stdout
 
Finished building: ADC_rampa.list
 
17:16:49 **** Incremental Build of configuration Debug for project ADC_rampa ****
make -j12 all 
arm-none-eabi-gcc "../Core/Src/Seg7_mux.c" -mcpu=cortex-m4 -std=gnu11 -g3 -DDEBUG -DUSE_HAL_DRIVER -DSTM32F411xE -c -I../Core/Inc -I../Drivers/STM32F4xx_HAL_Driver/Inc -I../Drivers/STM32F4xx_HAL_Driver/Inc/Legacy -I../Drivers/CMSIS/Device/ST/STM32F4xx/Include -I../Drivers/CMSIS/Include -O0 -ffunction-sections -fdata-sections -Wall -fstack-usage -fcyclomatic-complexity -MMD -MP -MF"Core/Src/Seg7_mux.d" -MT"Core/Src/Seg7_mux.o" --specs=nano.specs -mfpu=fpv4-sp-d16 -mfloat-abi=hard -mthumb -o "Core/Src/Seg7_mux.o"
arm-none-eabi-gcc -o "ADC_rampa.elf" @"objects.list"   -mcpu=cortex-m4 -T"E:\Sexto_sem\MCU_avanzados\ADC_rampa\STM32F411CEUX_FLASH.ld" --specs=nosys.specs -Wl,-Map="ADC_rampa.map" -Wl,--gc-sections -static --specs=nano.specs -mfpu=fpv4-sp-d16 -mfloat-abi=hard -mthumb -Wl,--start-group -lc -lm -Wl,--end-group
Finished building target: ADC_rampa.elf
 
arm-none-eabi-size  ADC_rampa.elf 
arm-none-eabi-objdump -h -S ADC_rampa.elf  > "ADC_rampa.list"
   text	   data	    bss	    dec	    hex	filename
  16400	     20	   1932	  18352	   47b0	ADC_rampa.elf
Finished building: default.size.stdout
 
Finished building: ADC_rampa.list
 
17:21:45 **** Incremental Build of configuration Debug for project ADC_rampa ****
make -j12 all 
arm-none-eabi-gcc "../Core/Src/Seg7_mux.c" -mcpu=cortex-m4 -std=gnu11 -g3 -DDEBUG -DUSE_HAL_DRIVER -DSTM32F411xE -c -I../Core/Inc -I../Drivers/STM32F4xx_HAL_Driver/Inc -I../Drivers/STM32F4xx_HAL_Driver/Inc/Legacy -I../Drivers/CMSIS/Device/ST/STM32F4xx/Include -I../Drivers/CMSIS/Include -O0 -ffunction-sections -fdata-sections -Wall -fstack-usage -fcyclomatic-complexity -MMD -MP -MF"Core/Src/Seg7_mux.d" -MT"Core/Src/Seg7_mux.o" --specs=nano.specs -mfpu=fpv4-sp-d16 -mfloat-abi=hard -mthumb -o "Core/Src/Seg7_mux.o"
arm-none-eabi-gcc -o "ADC_rampa.elf" @"objects.list"   -mcpu=cortex-m4 -T"E:\Sexto_sem\MCU_avanzados\ADC_rampa\STM32F411CEUX_FLASH.ld" --specs=nosys.specs -Wl,-Map="ADC_rampa.map" -Wl,--gc-sections -static --specs=nano.specs -mfpu=fpv4-sp-d16 -mfloat-abi=hard -mthumb -Wl,--start-group -lc -lm -Wl,--end-group
Finished building target: ADC_rampa.elf
 
arm-none-eabi-size  ADC_rampa.elf 
arm-none-eabi-objdump -h -S ADC_rampa.elf  > "ADC_rampa.list"
   text	   data	    bss	    dec	    hex	filename
  16400	     20	   1932	  18352	   47b0	ADC_rampa.elf
Finished building: default.size.stdout
 
Finished building: ADC_rampa.list
 
17:24:12 **** Incremental Build of configuration Debug for project ADC_rampa ****
make -j12 all 
arm-none-eabi-gcc "../Core/Src/Seg7_mux.c" -mcpu=cortex-m4 -std=gnu11 -g3 -DDEBUG -DUSE_HAL_DRIVER -DSTM32F411xE -c -I../Core/Inc -I../Drivers/STM32F4xx_HAL_Driver/Inc -I../Drivers/STM32F4xx_HAL_Driver/Inc/Legacy -I../Drivers/CMSIS/Device/ST/STM32F4xx/Include -I../Drivers/CMSIS/Include -O0 -ffunction-sections -fdata-sections -Wall -fstack-usage -fcyclomatic-complexity -MMD -MP -MF"Core/Src/Seg7_mux.d" -MT"Core/Src/Seg7_mux.o" --specs=nano.specs -mfpu=fpv4-sp-d16 -mfloat-abi=hard -mthumb -o "Core/Src/Seg7_mux.o"
arm-none-eabi-gcc "../Core/Src/main.c" -mcpu=cortex-m4 -std=gnu11 -g3 -DDEBUG -DUSE_HAL_DRIVER -DSTM32F411xE -c -I../Core/Inc -I../Drivers/STM32F4xx_HAL_Driver/Inc -I../Drivers/STM32F4xx_HAL_Driver/Inc/Legacy -I../Drivers/CMSIS/Device/ST/STM32F4xx/Include -I../Drivers/CMSIS/Include -O0 -ffunction-sections -fdata-sections -Wall -fstack-usage -fcyclomatic-complexity -MMD -MP -MF"Core/Src/main.d" -MT"Core/Src/main.o" --specs=nano.specs -mfpu=fpv4-sp-d16 -mfloat-abi=hard -mthumb -o "Core/Src/main.o"
arm-none-eabi-gcc -o "ADC_rampa.elf" @"objects.list"   -mcpu=cortex-m4 -T"E:\Sexto_sem\MCU_avanzados\ADC_rampa\STM32F411CEUX_FLASH.ld" --specs=nosys.specs -Wl,-Map="ADC_rampa.map" -Wl,--gc-sections -static --specs=nano.specs -mfpu=fpv4-sp-d16 -mfloat-abi=hard -mthumb -Wl,--start-group -lc -lm -Wl,--end-group
Finished building target: ADC_rampa.elf
 
arm-none-eabi-size  ADC_rampa.elf 
arm-none-eabi-objdump -h -S ADC_rampa.elf  > "ADC_rampa.list"
   text	   data	    bss	    dec	    hex	filename
  16400	     20	   1932	  18352	   47b0	ADC_rampa.elf
Finished building: default.size.stdout
 
Finished building: ADC_rampa.list
 
17:25:27 **** Incremental Build of configuration Debug for project ADC_rampa ****
make -j12 all 
arm-none-eabi-gcc "../Core/Src/main.c" -mcpu=cortex-m4 -std=gnu11 -g3 -DDEBUG -DUSE_HAL_DRIVER -DSTM32F411xE -c -I../Core/Inc -I../Drivers/STM32F4xx_HAL_Driver/Inc -I../Drivers/STM32F4xx_HAL_Driver/Inc/Legacy -I../Drivers/CMSIS/Device/ST/STM32F4xx/Include -I../Drivers/CMSIS/Include -O0 -ffunction-sections -fdata-sections -Wall -fstack-usage -fcyclomatic-complexity -MMD -MP -MF"Core/Src/main.d" -MT"Core/Src/main.o" --specs=nano.specs -mfpu=fpv4-sp-d16 -mfloat-abi=hard -mthumb -o "Core/Src/main.o"
arm-none-eabi-gcc -o "ADC_rampa.elf" @"objects.list"   -mcpu=cortex-m4 -T"E:\Sexto_sem\MCU_avanzados\ADC_rampa\STM32F411CEUX_FLASH.ld" --specs=nosys.specs -Wl,-Map="ADC_rampa.map" -Wl,--gc-sections -static --specs=nano.specs -mfpu=fpv4-sp-d16 -mfloat-abi=hard -mthumb -Wl,--start-group -lc -lm -Wl,--end-group
Finished building target: ADC_rampa.elf
 
arm-none-eabi-size  ADC_rampa.elf 
arm-none-eabi-objdump -h -S ADC_rampa.elf  > "ADC_rampa.list"
   text	   data	    bss	    dec	    hex	filename
  16392	     20	   1932	  18344	   47a8	ADC_rampa.elf
Finished building: default.size.stdout
 
Finished building: ADC_rampa.list
 
17:29:09 **** Incremental Build of configuration Debug for project ADC_rampa ****
make -j12 all 
arm-none-eabi-gcc "../Core/Src/Seg7_mux.c" -mcpu=cortex-m4 -std=gnu11 -g3 -DDEBUG -DUSE_HAL_DRIVER -DSTM32F411xE -c -I../Core/Inc -I../Drivers/STM32F4xx_HAL_Driver/Inc -I../Drivers/STM32F4xx_HAL_Driver/Inc/Legacy -I../Drivers/CMSIS/Device/ST/STM32F4xx/Include -I../Drivers/CMSIS/Include -O0 -ffunction-sections -fdata-sections -Wall -fstack-usage -fcyclomatic-complexity -MMD -MP -MF"Core/Src/Seg7_mux.d" -MT"Core/Src/Seg7_mux.o" --specs=nano.specs -mfpu=fpv4-sp-d16 -mfloat-abi=hard -mthumb -o "Core/Src/Seg7_mux.o"
arm-none-eabi-gcc "../Core/Src/main.c" -mcpu=cortex-m4 -std=gnu11 -g3 -DDEBUG -DUSE_HAL_DRIVER -DSTM32F411xE -c -I../Core/Inc -I../Drivers/STM32F4xx_HAL_Driver/Inc -I../Drivers/STM32F4xx_HAL_Driver/Inc/Legacy -I../Drivers/CMSIS/Device/ST/STM32F4xx/Include -I../Drivers/CMSIS/Include -O0 -ffunction-sections -fdata-sections -Wall -fstack-usage -fcyclomatic-complexity -MMD -MP -MF"Core/Src/main.d" -MT"Core/Src/main.o" --specs=nano.specs -mfpu=fpv4-sp-d16 -mfloat-abi=hard -mthumb -o "Core/Src/main.o"
arm-none-eabi-gcc "../Core/Src/stm32f4xx_hal_msp.c" -mcpu=cortex-m4 -std=gnu11 -g3 -DDEBUG -DUSE_HAL_DRIVER -DSTM32F411xE -c -I../Core/Inc -I../Drivers/STM32F4xx_HAL_Driver/Inc -I../Drivers/STM32F4xx_HAL_Driver/Inc/Legacy -I../Drivers/CMSIS/Device/ST/STM32F4xx/Include -I../Drivers/CMSIS/Include -O0 -ffunction-sections -fdata-sections -Wall -fstack-usage -fcyclomatic-complexity -MMD -MP -MF"Core/Src/stm32f4xx_hal_msp.d" -MT"Core/Src/stm32f4xx_hal_msp.o" --specs=nano.specs -mfpu=fpv4-sp-d16 -mfloat-abi=hard -mthumb -o "Core/Src/stm32f4xx_hal_msp.o"
arm-none-eabi-gcc "../Core/Src/stm32f4xx_it.c" -mcpu=cortex-m4 -std=gnu11 -g3 -DDEBUG -DUSE_HAL_DRIVER -DSTM32F411xE -c -I../Core/Inc -I../Drivers/STM32F4xx_HAL_Driver/Inc -I../Drivers/STM32F4xx_HAL_Driver/Inc/Legacy -I../Drivers/CMSIS/Device/ST/STM32F4xx/Include -I../Drivers/CMSIS/Include -O0 -ffunction-sections -fdata-sections -Wall -fstack-usage -fcyclomatic-complexity -MMD -MP -MF"Core/Src/stm32f4xx_it.d" -MT"Core/Src/stm32f4xx_it.o" --specs=nano.specs -mfpu=fpv4-sp-d16 -mfloat-abi=hard -mthumb -o "Core/Src/stm32f4xx_it.o"
arm-none-eabi-gcc -o "ADC_rampa.elf" @"objects.list"   -mcpu=cortex-m4 -T"E:\Sexto_sem\MCU_avanzados\ADC_rampa\STM32F411CEUX_FLASH.ld" --specs=nosys.specs -Wl,-Map="ADC_rampa.map" -Wl,--gc-sections -static --specs=nano.specs -mfpu=fpv4-sp-d16 -mfloat-abi=hard -mthumb -Wl,--start-group -lc -lm -Wl,--end-group
Finished building target: ADC_rampa.elf
 
arm-none-eabi-size  ADC_rampa.elf 
arm-none-eabi-objdump -h -S ADC_rampa.elf  > "ADC_rampa.list"
   text	   data	    bss	    dec	    hex	filename
  16504	     20	   1932	  18456	   4818	ADC_rampa.elf
Finished building: default.size.stdout
 
Finished building: ADC_rampa.list
 
17:34:06 **** Incremental Build of configuration Debug for project ADC_rampa ****
make -j12 all 
arm-none-eabi-gcc "../Core/Src/main.c" -mcpu=cortex-m4 -std=gnu11 -g3 -DDEBUG -DUSE_HAL_DRIVER -DSTM32F411xE -c -I../Core/Inc -I../Drivers/STM32F4xx_HAL_Driver/Inc -I../Drivers/STM32F4xx_HAL_Driver/Inc/Legacy -I../Drivers/CMSIS/Device/ST/STM32F4xx/Include -I../Drivers/CMSIS/Include -O0 -ffunction-sections -fdata-sections -Wall -fstack-usage -fcyclomatic-complexity -MMD -MP -MF"Core/Src/main.d" -MT"Core/Src/main.o" --specs=nano.specs -mfpu=fpv4-sp-d16 -mfloat-abi=hard -mthumb -o "Core/Src/main.o"
arm-none-eabi-gcc -o "ADC_rampa.elf" @"objects.list"   -mcpu=cortex-m4 -T"E:\Sexto_sem\MCU_avanzados\ADC_rampa\STM32F411CEUX_FLASH.ld" --specs=nosys.specs -Wl,-Map="ADC_rampa.map" -Wl,--gc-sections -static --specs=nano.specs -mfpu=fpv4-sp-d16 -mfloat-abi=hard -mthumb -Wl,--start-group -lc -lm -Wl,--end-group
Finished building target: ADC_rampa.elf
 
arm-none-eabi-size  ADC_rampa.elf 
arm-none-eabi-objdump -h -S ADC_rampa.elf  > "ADC_rampa.list"
   text	   data	    bss	    dec	    hex	filename
  16512	     20	   1932	  18464	   4820	ADC_rampa.elf
Finished building: default.size.stdout
 
Finished building: ADC_rampa.list
 
17:36:15 **** Incremental Build of configuration Debug for project ADC_rampa ****
make -j12 all 
arm-none-eabi-gcc "../Core/Src/main.c" -mcpu=cortex-m4 -std=gnu11 -g3 -DDEBUG -DUSE_HAL_DRIVER -DSTM32F411xE -c -I../Core/Inc -I../Drivers/STM32F4xx_HAL_Driver/Inc -I../Drivers/STM32F4xx_HAL_Driver/Inc/Legacy -I../Drivers/CMSIS/Device/ST/STM32F4xx/Include -I../Drivers/CMSIS/Include -O0 -ffunction-sections -fdata-sections -Wall -fstack-usage -fcyclomatic-complexity -MMD -MP -MF"Core/Src/main.d" -MT"Core/Src/main.o" --specs=nano.specs -mfpu=fpv4-sp-d16 -mfloat-abi=hard -mthumb -o "Core/Src/main.o"
arm-none-eabi-gcc -o "ADC_rampa.elf" @"objects.list"   -mcpu=cortex-m4 -T"E:\Sexto_sem\MCU_avanzados\ADC_rampa\STM32F411CEUX_FLASH.ld" --specs=nosys.specs -Wl,-Map="ADC_rampa.map" -Wl,--gc-sections -static --specs=nano.specs -mfpu=fpv4-sp-d16 -mfloat-abi=hard -mthumb -Wl,--start-group -lc -lm -Wl,--end-group
Finished building target: ADC_rampa.elf
 
arm-none-eabi-size  ADC_rampa.elf 
arm-none-eabi-objdump -h -S ADC_rampa.elf  > "ADC_rampa.list"
   text	   data	    bss	    dec	    hex	filename
  16504	     20	   1932	  18456	   4818	ADC_rampa.elf
Finished building: default.size.stdout
 
Finished building: ADC_rampa.list
 
17:37:37 **** Incremental Build of configuration Debug for project ADC_rampa ****
make -j12 all 
arm-none-eabi-gcc "../Core/Src/main.c" -mcpu=cortex-m4 -std=gnu11 -g3 -DDEBUG -DUSE_HAL_DRIVER -DSTM32F411xE -c -I../Core/Inc -I../Drivers/STM32F4xx_HAL_Driver/Inc -I../Drivers/STM32F4xx_HAL_Driver/Inc/Legacy -I../Drivers/CMSIS/Device/ST/STM32F4xx/Include -I../Drivers/CMSIS/Include -O0 -ffunction-sections -fdata-sections -Wall -fstack-usage -fcyclomatic-complexity -MMD -MP -MF"Core/Src/main.d" -MT"Core/Src/main.o" --specs=nano.specs -mfpu=fpv4-sp-d16 -mfloat-abi=hard -mthumb -o "Core/Src/main.o"
arm-none-eabi-gcc -o "ADC_rampa.elf" @"objects.list"   -mcpu=cortex-m4 -T"E:\Sexto_sem\MCU_avanzados\ADC_rampa\STM32F411CEUX_FLASH.ld" --specs=nosys.specs -Wl,-Map="ADC_rampa.map" -Wl,--gc-sections -static --specs=nano.specs -mfpu=fpv4-sp-d16 -mfloat-abi=hard -mthumb -Wl,--start-group -lc -lm -Wl,--end-group
Finished building target: ADC_rampa.elf
 
arm-none-eabi-size  ADC_rampa.elf 
arm-none-eabi-objdump -h -S ADC_rampa.elf  > "ADC_rampa.list"
   text	   data	    bss	    dec	    hex	filename
  16512	     20	   1932	  18464	   4820	ADC_rampa.elf
Finished building: default.size.stdout
 
Finished building: ADC_rampa.list
 
17:39:29 **** Incremental Build of configuration Debug for project ADC_rampa ****
make -j12 all 
arm-none-eabi-gcc "../Core/Src/main.c" -mcpu=cortex-m4 -std=gnu11 -g3 -DDEBUG -DUSE_HAL_DRIVER -DSTM32F411xE -c -I../Core/Inc -I../Drivers/STM32F4xx_HAL_Driver/Inc -I../Drivers/STM32F4xx_HAL_Driver/Inc/Legacy -I../Drivers/CMSIS/Device/ST/STM32F4xx/Include -I../Drivers/CMSIS/Include -O0 -ffunction-sections -fdata-sections -Wall -fstack-usage -fcyclomatic-complexity -MMD -MP -MF"Core/Src/main.d" -MT"Core/Src/main.o" --specs=nano.specs -mfpu=fpv4-sp-d16 -mfloat-abi=hard -mthumb -o "Core/Src/main.o"
arm-none-eabi-gcc -o "ADC_rampa.elf" @"objects.list"   -mcpu=cortex-m4 -T"E:\Sexto_sem\MCU_avanzados\ADC_rampa\STM32F411CEUX_FLASH.ld" --specs=nosys.specs -Wl,-Map="ADC_rampa.map" -Wl,--gc-sections -static --specs=nano.specs -mfpu=fpv4-sp-d16 -mfloat-abi=hard -mthumb -Wl,--start-group -lc -lm -Wl,--end-group
Finished building target: ADC_rampa.elf
 
arm-none-eabi-size  ADC_rampa.elf 
arm-none-eabi-objdump -h -S ADC_rampa.elf  > "ADC_rampa.list"
   text	   data	    bss	    dec	    hex	filename
  16504	     20	   1932	  18456	   4818	ADC_rampa.elf
Finished building: default.size.stdout
 
Finished building: ADC_rampa.list
 
17:39:43 **** Incremental Build of configuration Debug for project ADC_rampa ****
make -j12 all 
arm-none-eabi-gcc "../Core/Src/main.c" -mcpu=cortex-m4 -std=gnu11 -g3 -DDEBUG -DUSE_HAL_DRIVER -DSTM32F411xE -c -I../Core/Inc -I../Drivers/STM32F4xx_HAL_Driver/Inc -I../Drivers/STM32F4xx_HAL_Driver/Inc/Legacy -I../Drivers/CMSIS/Device/ST/STM32F4xx/Include -I../Drivers/CMSIS/Include -O0 -ffunction-sections -fdata-sections -Wall -fstack-usage -fcyclomatic-complexity -MMD -MP -MF"Core/Src/main.d" -MT"Core/Src/main.o" --specs=nano.specs -mfpu=fpv4-sp-d16 -mfloat-abi=hard -mthumb -o "Core/Src/main.o"
arm-none-eabi-gcc -o "ADC_rampa.elf" @"objects.list"   -mcpu=cortex-m4 -T"E:\Sexto_sem\MCU_avanzados\ADC_rampa\STM32F411CEUX_FLASH.ld" --specs=nosys.specs -Wl,-Map="ADC_rampa.map" -Wl,--gc-sections -static --specs=nano.specs -mfpu=fpv4-sp-d16 -mfloat-abi=hard -mthumb -Wl,--start-group -lc -lm -Wl,--end-group
Finished building target: ADC_rampa.elf
 
arm-none-eabi-size  ADC_rampa.elf 
arm-none-eabi-objdump -h -S ADC_rampa.elf  > "ADC_rampa.list"
   text	   data	    bss	    dec	    hex	filename
  16512	     20	   1932	  18464	   4820	ADC_rampa.elf
Finished building: default.size.stdout
 
Finished building: ADC_rampa.list
 
17:42:54 **** Incremental Build of configuration Debug for project ADC_rampa ****
make -j12 all 
arm-none-eabi-gcc "../Core/Src/main.c" -mcpu=cortex-m4 -std=gnu11 -g3 -DDEBUG -DUSE_HAL_DRIVER -DSTM32F411xE -c -I../Core/Inc -I../Drivers/STM32F4xx_HAL_Driver/Inc -I../Drivers/STM32F4xx_HAL_Driver/Inc/Legacy -I../Drivers/CMSIS/Device/ST/STM32F4xx/Include -I../Drivers/CMSIS/Include -O0 -ffunction-sections -fdata-sections -Wall -fstack-usage -fcyclomatic-complexity -MMD -MP -MF"Core/Src/main.d" -MT"Core/Src/main.o" --specs=nano.specs -mfpu=fpv4-sp-d16 -mfloat-abi=hard -mthumb -o "Core/Src/main.o"
arm-none-eabi-gcc -o "ADC_rampa.elf" @"objects.list"   -mcpu=cortex-m4 -T"E:\Sexto_sem\MCU_avanzados\ADC_rampa\STM32F411CEUX_FLASH.ld" --specs=nosys.specs -Wl,-Map="ADC_rampa.map" -Wl,--gc-sections -static --specs=nano.specs -mfpu=fpv4-sp-d16 -mfloat-abi=hard -mthumb -Wl,--start-group -lc -lm -Wl,--end-group
Finished building target: ADC_rampa.elf
 
arm-none-eabi-size  ADC_rampa.elf 
arm-none-eabi-objdump -h -S ADC_rampa.elf  > "ADC_rampa.list"
   text	   data	    bss	    dec	    hex	filename
  16520	     20	   1932	  18472	   4828	ADC_rampa.elf
Finished building: default.size.stdout
 
Finished building: ADC_rampa.list
 
17:44:52 **** Incremental Build of configuration Debug for project ADC_rampa ****
make -j12 all 
arm-none-eabi-gcc "../Core/Src/Seg7_mux.c" -mcpu=cortex-m4 -std=gnu11 -g3 -DDEBUG -DUSE_HAL_DRIVER -DSTM32F411xE -c -I../Core/Inc -I../Drivers/STM32F4xx_HAL_Driver/Inc -I../Drivers/STM32F4xx_HAL_Driver/Inc/Legacy -I../Drivers/CMSIS/Device/ST/STM32F4xx/Include -I../Drivers/CMSIS/Include -O0 -ffunction-sections -fdata-sections -Wall -fstack-usage -fcyclomatic-complexity -MMD -MP -MF"Core/Src/Seg7_mux.d" -MT"Core/Src/Seg7_mux.o" --specs=nano.specs -mfpu=fpv4-sp-d16 -mfloat-abi=hard -mthumb -o "Core/Src/Seg7_mux.o"
arm-none-eabi-gcc -o "ADC_rampa.elf" @"objects.list"   -mcpu=cortex-m4 -T"E:\Sexto_sem\MCU_avanzados\ADC_rampa\STM32F411CEUX_FLASH.ld" --specs=nosys.specs -Wl,-Map="ADC_rampa.map" -Wl,--gc-sections -static --specs=nano.specs -mfpu=fpv4-sp-d16 -mfloat-abi=hard -mthumb -Wl,--start-group -lc -lm -Wl,--end-group
Finished building target: ADC_rampa.elf
 
arm-none-eabi-size  ADC_rampa.elf 
arm-none-eabi-objdump -h -S ADC_rampa.elf  > "ADC_rampa.list"
   text	   data	    bss	    dec	    hex	filename
  16520	     20	   1932	  18472	   4828	ADC_rampa.elf
Finished building: default.size.stdout
 
Finished building: ADC_rampa.list
 
17:45:30 **** Incremental Build of configuration Debug for project ADC_rampa ****
make -j12 all 
arm-none-eabi-gcc "../Core/Src/Seg7_mux.c" -mcpu=cortex-m4 -std=gnu11 -g3 -DDEBUG -DUSE_HAL_DRIVER -DSTM32F411xE -c -I../Core/Inc -I../Drivers/STM32F4xx_HAL_Driver/Inc -I../Drivers/STM32F4xx_HAL_Driver/Inc/Legacy -I../Drivers/CMSIS/Device/ST/STM32F4xx/Include -I../Drivers/CMSIS/Include -O0 -ffunction-sections -fdata-sections -Wall -fstack-usage -fcyclomatic-complexity -MMD -MP -MF"Core/Src/Seg7_mux.d" -MT"Core/Src/Seg7_mux.o" --specs=nano.specs -mfpu=fpv4-sp-d16 -mfloat-abi=hard -mthumb -o "Core/Src/Seg7_mux.o"
arm-none-eabi-gcc -o "ADC_rampa.elf" @"objects.list"   -mcpu=cortex-m4 -T"E:\Sexto_sem\MCU_avanzados\ADC_rampa\STM32F411CEUX_FLASH.ld" --specs=nosys.specs -Wl,-Map="ADC_rampa.map" -Wl,--gc-sections -static --specs=nano.specs -mfpu=fpv4-sp-d16 -mfloat-abi=hard -mthumb -Wl,--start-group -lc -lm -Wl,--end-group
Finished building target: ADC_rampa.elf
 
arm-none-eabi-size  ADC_rampa.elf 
arm-none-eabi-objdump -h -S ADC_rampa.elf  > "ADC_rampa.list"
   text	   data	    bss	    dec	    hex	filename
  16520	     20	   1932	  18472	   4828	ADC_rampa.elf
Finished building: default.size.stdout
 
Finished building: ADC_rampa.list
 
17:46:16 **** Incremental Build of configuration Debug for project ADC_rampa ****
make -j12 all 
arm-none-eabi-gcc "../Core/Src/main.c" -mcpu=cortex-m4 -std=gnu11 -g3 -DDEBUG -DUSE_HAL_DRIVER -DSTM32F411xE -c -I../Core/Inc -I../Drivers/STM32F4xx_HAL_Driver/Inc -I../Drivers/STM32F4xx_HAL_Driver/Inc/Legacy -I../Drivers/CMSIS/Device/ST/STM32F4xx/Include -I../Drivers/CMSIS/Include -O0 -ffunction-sections -fdata-sections -Wall -fstack-usage -fcyclomatic-complexity -MMD -MP -MF"Core/Src/main.d" -MT"Core/Src/main.o" --specs=nano.specs -mfpu=fpv4-sp-d16 -mfloat-abi=hard -mthumb -o "Core/Src/main.o"
arm-none-eabi-gcc -o "ADC_rampa.elf" @"objects.list"   -mcpu=cortex-m4 -T"E:\Sexto_sem\MCU_avanzados\ADC_rampa\STM32F411CEUX_FLASH.ld" --specs=nosys.specs -Wl,-Map="ADC_rampa.map" -Wl,--gc-sections -static --specs=nano.specs -mfpu=fpv4-sp-d16 -mfloat-abi=hard -mthumb -Wl,--start-group -lc -lm -Wl,--end-group
Finished building target: ADC_rampa.elf
 
arm-none-eabi-size  ADC_rampa.elf 
arm-none-eabi-objdump -h -S ADC_rampa.elf  > "ADC_rampa.list"
   text	   data	    bss	    dec	    hex	filename
  16520	     20	   1932	  18472	   4828	ADC_rampa.elf
Finished building: default.size.stdout
 
Finished building: ADC_rampa.list
 
17:46:37 **** Incremental Build of configuration Debug for project ADC_rampa ****
make -j12 all 
arm-none-eabi-size  ADC_rampa.elf 
   text	   data	    bss	    dec	    hex	filename
  16520	     20	   1932	  18472	   4828	ADC_rampa.elf
Finished building: default.size.stdout
 
17:47:21 **** Incremental Build of configuration Debug for project ADC_rampa ****
make -j12 all 
arm-none-eabi-gcc "../Core/Src/main.c" -mcpu=cortex-m4 -std=gnu11 -g3 -DDEBUG -DUSE_HAL_DRIVER -DSTM32F411xE -c -I../Core/Inc -I../Drivers/STM32F4xx_HAL_Driver/Inc -I../Drivers/STM32F4xx_HAL_Driver/Inc/Legacy -I../Drivers/CMSIS/Device/ST/STM32F4xx/Include -I../Drivers/CMSIS/Include -O0 -ffunction-sections -fdata-sections -Wall -fstack-usage -fcyclomatic-complexity -MMD -MP -MF"Core/Src/main.d" -MT"Core/Src/main.o" --specs=nano.specs -mfpu=fpv4-sp-d16 -mfloat-abi=hard -mthumb -o "Core/Src/main.o"
arm-none-eabi-gcc -o "ADC_rampa.elf" @"objects.list"   -mcpu=cortex-m4 -T"E:\Sexto_sem\MCU_avanzados\ADC_rampa\STM32F411CEUX_FLASH.ld" --specs=nosys.specs -Wl,-Map="ADC_rampa.map" -Wl,--gc-sections -static --specs=nano.specs -mfpu=fpv4-sp-d16 -mfloat-abi=hard -mthumb -Wl,--start-group -lc -lm -Wl,--end-group
Finished building target: ADC_rampa.elf
 
arm-none-eabi-size  ADC_rampa.elf 
arm-none-eabi-objdump -h -S ADC_rampa.elf  > "ADC_rampa.list"
   text	   data	    bss	    dec	    hex	filename
  16520	     20	   1932	  18472	   4828	ADC_rampa.elf
Finished building: default.size.stdout
 
Finished building: ADC_rampa.list
 
17:48:06 **** Incremental Build of configuration Debug for project ADC_rampa ****
make -j12 all 
arm-none-eabi-gcc "../Core/Src/Seg7_mux.c" -mcpu=cortex-m4 -std=gnu11 -g3 -DDEBUG -DUSE_HAL_DRIVER -DSTM32F411xE -c -I../Core/Inc -I../Drivers/STM32F4xx_HAL_Driver/Inc -I../Drivers/STM32F4xx_HAL_Driver/Inc/Legacy -I../Drivers/CMSIS/Device/ST/STM32F4xx/Include -I../Drivers/CMSIS/Include -O0 -ffunction-sections -fdata-sections -Wall -fstack-usage -fcyclomatic-complexity -MMD -MP -MF"Core/Src/Seg7_mux.d" -MT"Core/Src/Seg7_mux.o" --specs=nano.specs -mfpu=fpv4-sp-d16 -mfloat-abi=hard -mthumb -o "Core/Src/Seg7_mux.o"
arm-none-eabi-gcc -o "ADC_rampa.elf" @"objects.list"   -mcpu=cortex-m4 -T"E:\Sexto_sem\MCU_avanzados\ADC_rampa\STM32F411CEUX_FLASH.ld" --specs=nosys.specs -Wl,-Map="ADC_rampa.map" -Wl,--gc-sections -static --specs=nano.specs -mfpu=fpv4-sp-d16 -mfloat-abi=hard -mthumb -Wl,--start-group -lc -lm -Wl,--end-group
Finished building target: ADC_rampa.elf
 
arm-none-eabi-size  ADC_rampa.elf 
arm-none-eabi-objdump -h -S ADC_rampa.elf  > "ADC_rampa.list"
   text	   data	    bss	    dec	    hex	filename
  16520	     20	   1932	  18472	   4828	ADC_rampa.elf
Finished building: default.size.stdout
 
Finished building: ADC_rampa.list
 
17:48:57 **** Incremental Build of configuration Debug for project ADC_rampa ****
make -j12 all 
arm-none-eabi-gcc "../Core/Src/Seg7_mux.c" -mcpu=cortex-m4 -std=gnu11 -g3 -DDEBUG -DUSE_HAL_DRIVER -DSTM32F411xE -c -I../Core/Inc -I../Drivers/STM32F4xx_HAL_Driver/Inc -I../Drivers/STM32F4xx_HAL_Driver/Inc/Legacy -I../Drivers/CMSIS/Device/ST/STM32F4xx/Include -I../Drivers/CMSIS/Include -O0 -ffunction-sections -fdata-sections -Wall -fstack-usage -fcyclomatic-complexity -MMD -MP -MF"Core/Src/Seg7_mux.d" -MT"Core/Src/Seg7_mux.o" --specs=nano.specs -mfpu=fpv4-sp-d16 -mfloat-abi=hard -mthumb -o "Core/Src/Seg7_mux.o"
arm-none-eabi-gcc -o "ADC_rampa.elf" @"objects.list"   -mcpu=cortex-m4 -T"E:\Sexto_sem\MCU_avanzados\ADC_rampa\STM32F411CEUX_FLASH.ld" --specs=nosys.specs -Wl,-Map="ADC_rampa.map" -Wl,--gc-sections -static --specs=nano.specs -mfpu=fpv4-sp-d16 -mfloat-abi=hard -mthumb -Wl,--start-group -lc -lm -Wl,--end-group
Finished building target: ADC_rampa.elf
 
arm-none-eabi-size  ADC_rampa.elf 
arm-none-eabi-objdump -h -S ADC_rampa.elf  > "ADC_rampa.list"
   text	   data	    bss	    dec	    hex	filename
  16520	     20	   1932	  18472	   4828	ADC_rampa.elf
Finished building: default.size.stdout
 
Finished building: ADC_rampa.list
 
17:49:34 **** Incremental Build of configuration Debug for project ADC_rampa ****
make -j12 all 
arm-none-eabi-gcc "../Core/Src/Seg7_mux.c" -mcpu=cortex-m4 -std=gnu11 -g3 -DDEBUG -DUSE_HAL_DRIVER -DSTM32F411xE -c -I../Core/Inc -I../Drivers/STM32F4xx_HAL_Driver/Inc -I../Drivers/STM32F4xx_HAL_Driver/Inc/Legacy -I../Drivers/CMSIS/Device/ST/STM32F4xx/Include -I../Drivers/CMSIS/Include -O0 -ffunction-sections -fdata-sections -Wall -fstack-usage -fcyclomatic-complexity -MMD -MP -MF"Core/Src/Seg7_mux.d" -MT"Core/Src/Seg7_mux.o" --specs=nano.specs -mfpu=fpv4-sp-d16 -mfloat-abi=hard -mthumb -o "Core/Src/Seg7_mux.o"
arm-none-eabi-gcc -o "ADC_rampa.elf" @"objects.list"   -mcpu=cortex-m4 -T"E:\Sexto_sem\MCU_avanzados\ADC_rampa\STM32F411CEUX_FLASH.ld" --specs=nosys.specs -Wl,-Map="ADC_rampa.map" -Wl,--gc-sections -static --specs=nano.specs -mfpu=fpv4-sp-d16 -mfloat-abi=hard -mthumb -Wl,--start-group -lc -lm -Wl,--end-group
Finished building target: ADC_rampa.elf
 
arm-none-eabi-size  ADC_rampa.elf 
arm-none-eabi-objdump -h -S ADC_rampa.elf  > "ADC_rampa.list"
   text	   data	    bss	    dec	    hex	filename
  16520	     20	   1932	  18472	   4828	ADC_rampa.elf
Finished building: default.size.stdout
 
Finished building: ADC_rampa.list
 
17:50:35 **** Incremental Build of configuration Debug for project ADC_rampa ****
make -j12 all 
arm-none-eabi-gcc "../Core/Src/main.c" -mcpu=cortex-m4 -std=gnu11 -g3 -DDEBUG -DUSE_HAL_DRIVER -DSTM32F411xE -c -I../Core/Inc -I../Drivers/STM32F4xx_HAL_Driver/Inc -I../Drivers/STM32F4xx_HAL_Driver/Inc/Legacy -I../Drivers/CMSIS/Device/ST/STM32F4xx/Include -I../Drivers/CMSIS/Include -O0 -ffunction-sections -fdata-sections -Wall -fstack-usage -fcyclomatic-complexity -MMD -MP -MF"Core/Src/main.d" -MT"Core/Src/main.o" --specs=nano.specs -mfpu=fpv4-sp-d16 -mfloat-abi=hard -mthumb -o "Core/Src/main.o"
arm-none-eabi-gcc -o "ADC_rampa.elf" @"objects.list"   -mcpu=cortex-m4 -T"E:\Sexto_sem\MCU_avanzados\ADC_rampa\STM32F411CEUX_FLASH.ld" --specs=nosys.specs -Wl,-Map="ADC_rampa.map" -Wl,--gc-sections -static --specs=nano.specs -mfpu=fpv4-sp-d16 -mfloat-abi=hard -mthumb -Wl,--start-group -lc -lm -Wl,--end-group
Finished building target: ADC_rampa.elf
 
arm-none-eabi-size  ADC_rampa.elf 
arm-none-eabi-objdump -h -S ADC_rampa.elf  > "ADC_rampa.list"
   text	   data	    bss	    dec	    hex	filename
  16504	     20	   1932	  18456	   4818	ADC_rampa.elf
Finished building: default.size.stdout
 
Finished building: ADC_rampa.list
 
17:51:30 **** Incremental Build of configuration Debug for project ADC_rampa ****
make -j12 all 
arm-none-eabi-gcc "../Core/Src/main.c" -mcpu=cortex-m4 -std=gnu11 -g3 -DDEBUG -DUSE_HAL_DRIVER -DSTM32F411xE -c -I../Core/Inc -I../Drivers/STM32F4xx_HAL_Driver/Inc -I../Drivers/STM32F4xx_HAL_Driver/Inc/Legacy -I../Drivers/CMSIS/Device/ST/STM32F4xx/Include -I../Drivers/CMSIS/Include -O0 -ffunction-sections -fdata-sections -Wall -fstack-usage -fcyclomatic-complexity -MMD -MP -MF"Core/Src/main.d" -MT"Core/Src/main.o" --specs=nano.specs -mfpu=fpv4-sp-d16 -mfloat-abi=hard -mthumb -o "Core/Src/main.o"
arm-none-eabi-gcc -o "ADC_rampa.elf" @"objects.list"   -mcpu=cortex-m4 -T"E:\Sexto_sem\MCU_avanzados\ADC_rampa\STM32F411CEUX_FLASH.ld" --specs=nosys.specs -Wl,-Map="ADC_rampa.map" -Wl,--gc-sections -static --specs=nano.specs -mfpu=fpv4-sp-d16 -mfloat-abi=hard -mthumb -Wl,--start-group -lc -lm -Wl,--end-group
Finished building target: ADC_rampa.elf
 
arm-none-eabi-size  ADC_rampa.elf 
arm-none-eabi-objdump -h -S ADC_rampa.elf  > "ADC_rampa.list"
   text	   data	    bss	    dec	    hex	filename
  16504	     20	   1932	  18456	   4818	ADC_rampa.elf
Finished building: default.size.stdout
 
Finished building: ADC_rampa.list
 
17:52:22 **** Incremental Build of configuration Debug for project ADC_rampa ****
make -j12 all 
arm-none-eabi-gcc "../Core/Src/Seg7_mux.c" -mcpu=cortex-m4 -std=gnu11 -g3 -DDEBUG -DUSE_HAL_DRIVER -DSTM32F411xE -c -I../Core/Inc -I../Drivers/STM32F4xx_HAL_Driver/Inc -I../Drivers/STM32F4xx_HAL_Driver/Inc/Legacy -I../Drivers/CMSIS/Device/ST/STM32F4xx/Include -I../Drivers/CMSIS/Include -O0 -ffunction-sections -fdata-sections -Wall -fstack-usage -fcyclomatic-complexity -MMD -MP -MF"Core/Src/Seg7_mux.d" -MT"Core/Src/Seg7_mux.o" --specs=nano.specs -mfpu=fpv4-sp-d16 -mfloat-abi=hard -mthumb -o "Core/Src/Seg7_mux.o"
arm-none-eabi-gcc -o "ADC_rampa.elf" @"objects.list"   -mcpu=cortex-m4 -T"E:\Sexto_sem\MCU_avanzados\ADC_rampa\STM32F411CEUX_FLASH.ld" --specs=nosys.specs -Wl,-Map="ADC_rampa.map" -Wl,--gc-sections -static --specs=nano.specs -mfpu=fpv4-sp-d16 -mfloat-abi=hard -mthumb -Wl,--start-group -lc -lm -Wl,--end-group
Finished building target: ADC_rampa.elf
 
arm-none-eabi-size  ADC_rampa.elf 
arm-none-eabi-objdump -h -S ADC_rampa.elf  > "ADC_rampa.list"
   text	   data	    bss	    dec	    hex	filename
  16504	     20	   1932	  18456	   4818	ADC_rampa.elf
Finished building: default.size.stdout
 
Finished building: ADC_rampa.list
 
17:53:26 **** Incremental Build of configuration Debug for project ADC_rampa ****
make -j12 all 
arm-none-eabi-gcc "../Core/Src/main.c" -mcpu=cortex-m4 -std=gnu11 -g3 -DDEBUG -DUSE_HAL_DRIVER -DSTM32F411xE -c -I../Core/Inc -I../Drivers/STM32F4xx_HAL_Driver/Inc -I../Drivers/STM32F4xx_HAL_Driver/Inc/Legacy -I../Drivers/CMSIS/Device/ST/STM32F4xx/Include -I../Drivers/CMSIS/Include -O0 -ffunction-sections -fdata-sections -Wall -fstack-usage -fcyclomatic-complexity -MMD -MP -MF"Core/Src/main.d" -MT"Core/Src/main.o" --specs=nano.specs -mfpu=fpv4-sp-d16 -mfloat-abi=hard -mthumb -o "Core/Src/main.o"
arm-none-eabi-gcc -o "ADC_rampa.elf" @"objects.list"   -mcpu=cortex-m4 -T"E:\Sexto_sem\MCU_avanzados\ADC_rampa\STM32F411CEUX_FLASH.ld" --specs=nosys.specs -Wl,-Map="ADC_rampa.map" -Wl,--gc-sections -static --specs=nano.specs -mfpu=fpv4-sp-d16 -mfloat-abi=hard -mthumb -Wl,--start-group -lc -lm -Wl,--end-group
Finished building target: ADC_rampa.elf
 
arm-none-eabi-size  ADC_rampa.elf 
arm-none-eabi-objdump -h -S ADC_rampa.elf  > "ADC_rampa.list"
   text	   data	    bss	    dec	    hex	filename
  16504	     20	   1932	  18456	   4818	ADC_rampa.elf
Finished building: default.size.stdout
 
Finished building: ADC_rampa.list
 
17:55:41 **** Incremental Build of configuration Debug for project ADC_rampa ****
make -j12 all 
arm-none-eabi-gcc "../Core/Src/main.c" -mcpu=cortex-m4 -std=gnu11 -g3 -DDEBUG -DUSE_HAL_DRIVER -DSTM32F411xE -c -I../Core/Inc -I../Drivers/STM32F4xx_HAL_Driver/Inc -I../Drivers/STM32F4xx_HAL_Driver/Inc/Legacy -I../Drivers/CMSIS/Device/ST/STM32F4xx/Include -I../Drivers/CMSIS/Include -O0 -ffunction-sections -fdata-sections -Wall -fstack-usage -fcyclomatic-complexity -MMD -MP -MF"Core/Src/main.d" -MT"Core/Src/main.o" --specs=nano.specs -mfpu=fpv4-sp-d16 -mfloat-abi=hard -mthumb -o "Core/Src/main.o"
arm-none-eabi-gcc -o "ADC_rampa.elf" @"objects.list"   -mcpu=cortex-m4 -T"E:\Sexto_sem\MCU_avanzados\ADC_rampa\STM32F411CEUX_FLASH.ld" --specs=nosys.specs -Wl,-Map="ADC_rampa.map" -Wl,--gc-sections -static --specs=nano.specs -mfpu=fpv4-sp-d16 -mfloat-abi=hard -mthumb -Wl,--start-group -lc -lm -Wl,--end-group
Finished building target: ADC_rampa.elf
 
arm-none-eabi-size  ADC_rampa.elf 
arm-none-eabi-objdump -h -S ADC_rampa.elf  > "ADC_rampa.list"
   text	   data	    bss	    dec	    hex	filename
  16504	     20	   1932	  18456	   4818	ADC_rampa.elf
Finished building: default.size.stdout
 
Finished building: ADC_rampa.list
 
17:57:49 **** Incremental Build of configuration Debug for project ADC_rampa ****
make -j12 all 
arm-none-eabi-gcc "../Core/Src/main.c" -mcpu=cortex-m4 -std=gnu11 -g3 -DDEBUG -DUSE_HAL_DRIVER -DSTM32F411xE -c -I../Core/Inc -I../Drivers/STM32F4xx_HAL_Driver/Inc -I../Drivers/STM32F4xx_HAL_Driver/Inc/Legacy -I../Drivers/CMSIS/Device/ST/STM32F4xx/Include -I../Drivers/CMSIS/Include -O0 -ffunction-sections -fdata-sections -Wall -fstack-usage -fcyclomatic-complexity -MMD -MP -MF"Core/Src/main.d" -MT"Core/Src/main.o" --specs=nano.specs -mfpu=fpv4-sp-d16 -mfloat-abi=hard -mthumb -o "Core/Src/main.o"
arm-none-eabi-gcc -o "ADC_rampa.elf" @"objects.list"   -mcpu=cortex-m4 -T"E:\Sexto_sem\MCU_avanzados\ADC_rampa\STM32F411CEUX_FLASH.ld" --specs=nosys.specs -Wl,-Map="ADC_rampa.map" -Wl,--gc-sections -static --specs=nano.specs -mfpu=fpv4-sp-d16 -mfloat-abi=hard -mthumb -Wl,--start-group -lc -lm -Wl,--end-group
Finished building target: ADC_rampa.elf
 
arm-none-eabi-size  ADC_rampa.elf 
arm-none-eabi-objdump -h -S ADC_rampa.elf  > "ADC_rampa.list"
   text	   data	    bss	    dec	    hex	filename
  16512	     20	   1932	  18464	   4820	ADC_rampa.elf
Finished building: default.size.stdout
 
Finished building: ADC_rampa.list
 
18:00:59 **** Incremental Build of configuration Debug for project ADC_rampa ****
make -j12 all 
arm-none-eabi-gcc "../Core/Src/main.c" -mcpu=cortex-m4 -std=gnu11 -g3 -DDEBUG -DUSE_HAL_DRIVER -DSTM32F411xE -c -I../Core/Inc -I../Drivers/STM32F4xx_HAL_Driver/Inc -I../Drivers/STM32F4xx_HAL_Driver/Inc/Legacy -I../Drivers/CMSIS/Device/ST/STM32F4xx/Include -I../Drivers/CMSIS/Include -O0 -ffunction-sections -fdata-sections -Wall -fstack-usage -fcyclomatic-complexity -MMD -MP -MF"Core/Src/main.d" -MT"Core/Src/main.o" --specs=nano.specs -mfpu=fpv4-sp-d16 -mfloat-abi=hard -mthumb -o "Core/Src/main.o"
arm-none-eabi-gcc -o "ADC_rampa.elf" @"objects.list"   -mcpu=cortex-m4 -T"E:\Sexto_sem\MCU_avanzados\ADC_rampa\STM32F411CEUX_FLASH.ld" --specs=nosys.specs -Wl,-Map="ADC_rampa.map" -Wl,--gc-sections -static --specs=nano.specs -mfpu=fpv4-sp-d16 -mfloat-abi=hard -mthumb -Wl,--start-group -lc -lm -Wl,--end-group
Finished building target: ADC_rampa.elf
 
arm-none-eabi-size  ADC_rampa.elf 
arm-none-eabi-objdump -h -S ADC_rampa.elf  > "ADC_rampa.list"
   text	   data	    bss	    dec	    hex	filename
  16528	     20	   1932	  18480	   4830	ADC_rampa.elf
Finished building: default.size.stdout
 
Finished building: ADC_rampa.list
 
18:02:33 **** Incremental Build of configuration Debug for project ADC_SAR ****
make -j12 all 
arm-none-eabi-size  ADC_SAR.elf 
   text	   data	    bss	    dec	    hex	filename
  13600	     20	   1716	  15336	   3be8	ADC_SAR.elf
Finished building: default.size.stdout
 
18:07:12 **** Incremental Build of configuration Debug for project medidor_metereologico ****
make -j12 all 
arm-none-eabi-size  medidor_metereologico.elf 
   text	   data	    bss	    dec	    hex	filename
  39512	    504	   4304	  44320	   ad20	medidor_metereologico.elf
Finished building: default.size.stdout
 
18:07:41 **** Incremental Build of configuration Debug for project medidor_metereologico ****
make -j12 all 
arm-none-eabi-size  medidor_metereologico.elf 
   text	   data	    bss	    dec	    hex	filename
  39512	    504	   4304	  44320	   ad20	medidor_metereologico.elf
Finished building: default.size.stdout
 
