20:39:01 **** Incremental Build of configuration Debug for project STM32F746G_DISCO ****
make -j12 all 
arm-none-eabi-g++ "E:/Sexto_sem/MCU_avanzados/CAN_podometro/TouchGFX/gui/src/model/Model.cpp" -mcpu=cortex-m7 -std=gnu++14 -g3 -DUSE_HAL_DRIVER -DUSE_BPP=16 -DSTM32F746xx -DDEBUG -c -I../../Core/Inc -I../../TouchGFX/App -I../../TouchGFX/target/generated -I../../TouchGFX/target -I../../Drivers/STM32F7xx_HAL_Driver/Inc -I../../Drivers/STM32F7xx_HAL_Driver/Inc/Legacy -I../../Middlewares/Third_Party/FreeRTOS/Source/include -I../../Middlewares/Third_Party/FreeRTOS/Source/portable/GCC/ARM_CM7/r0p1 -I../../Drivers/CMSIS/Device/ST/STM32F7xx/Include -I../../Drivers/CMSIS/Include -I../../Middlewares/ST/touchgfx/framework/include -I../../TouchGFX/generated/fonts/include -I../../TouchGFX/generated/gui_generated/include -I../../TouchGFX/generated/images/include -I../../TouchGFX/generated/texts/include -I../../TouchGFX/gui/include -I../../Middlewares/Third_Party/FreeRTOS/Source/CMSIS_RTOS_V2 -I../../Middlewares/Third_Party/FreeRTOS/Source/CMSIS_RTOS -I../../Drivers/BSP/STM32746G-Discovery -I../../Drivers/BSP/Components/ft5336 -I../../LIBJPEG/App -I../../LIBJPEG/Target -I../../Middlewares/Third_Party/LibJPEG/include -I../../TouchGFX/generated/videos/include -Os -ffunction-sections -fdata-sections -fno-exceptions -fno-rtti -fno-use-cxa-atexit -Wall -femit-class-debug-always -fstack-usage -fcyclomatic-complexity -MMD -MP -MF"Application/User/gui/Model.d" -MT"Application/User/gui/Model.o" --specs=nano.specs -mfpu=fpv5-sp-d16 -mfloat-abi=hard -mthumb -o "Application/User/gui/Model.o"
arm-none-eabi-g++ -o "STM32F746G_DISCO.elf" @"objects.list"  -l:libtouchgfx-float-abi-hard.a -mcpu=cortex-m7 -T"E:\Sexto_sem\MCU_avanzados\CAN_podometro\STM32CubeIDE\STM32F746NGHX_FLASH.ld" --specs=nosys.specs -Wl,-Map="STM32F746G_DISCO.map" -Wl,--gc-sections -static -L../../Middlewares/ST/touchgfx/lib/core/cortex_m7/gcc --specs=nano.specs -mfpu=fpv5-sp-d16 -mfloat-abi=hard -mthumb -Wl,--start-group -lc -lm -lstdc++ -lsupc++ -Wl,--end-group
C:/ST/STM32CubeIDE_1.14.0/STM32CubeIDE/plugins/com.st.stm32cube.ide.mcu.externaltools.gnu-tools-for-stm32.12.3.rel1.win32_1.0.100.202403111256/tools/bin/../lib/gcc/arm-none-eabi/12.3.1/../../../../arm-none-eabi/bin/ld.exe: warning: STM32F746G_DISCO.elf has a LOAD segment with RWX permissions
Finished building target: STM32F746G_DISCO.elf
 
arm-none-eabi-size  STM32F746G_DISCO.elf 
arm-none-eabi-objdump -h -S STM32F746G_DISCO.elf  > "STM32F746G_DISCO.list"
arm-none-eabi-objcopy  -O ihex STM32F746G_DISCO.elf  "STM32F746G_DISCO.hex"
   text	   data	    bss	    dec	    hex	filename
2620700	    328	1400596	4021624	 3d5d78	STM32F746G_DISCO.elf
Finished building: default.size.stdout
 
Finished building: STM32F746G_DISCO.list
 
Finished building: STM32F746G_DISCO.hex
 

20:39:37 Build Finished. 0 errors, 1 warnings. (took 36s.421ms)

