00:05:29 **** Incremental Build of configuration Debug for project STM32F746G_DISCO ****
make -j12 all 
arm-none-eabi-g++ "E:/Sexto_sem/MCU_avanzados/PWM_Slider/TouchGFX/gui/src/screen_screen/ScreenPresenter.cpp" -mcpu=cortex-m7 -std=gnu++14 -g3 -DUSE_HAL_DRIVER -DUSE_BPP=16 -DSTM32F746xx -DDEBUG -c -I../../Core/Inc -I../../TouchGFX/App -I../../TouchGFX/target/generated -I../../TouchGFX/target -I../../Drivers/STM32F7xx_HAL_Driver/Inc -I../../Drivers/STM32F7xx_HAL_Driver/Inc/Legacy -I../../Middlewares/Third_Party/FreeRTOS/Source/include -I../../Middlewares/Third_Party/FreeRTOS/Source/portable/GCC/ARM_CM7/r0p1 -I../../Drivers/CMSIS/Device/ST/STM32F7xx/Include -I../../Drivers/CMSIS/Include -I../../Middlewares/ST/touchgfx/framework/include -I../../TouchGFX/generated/fonts/include -I../../TouchGFX/generated/gui_generated/include -I../../TouchGFX/generated/images/include -I../../TouchGFX/generated/texts/include -I../../TouchGFX/gui/include -I../../Middlewares/Third_Party/FreeRTOS/Source/CMSIS_RTOS_V2 -I../../Middlewares/Third_Party/FreeRTOS/Source/CMSIS_RTOS -I../../Drivers/BSP/STM32746G-Discovery -I../../Drivers/BSP/Components/ft5336 -I../../LIBJPEG/App -I../../LIBJPEG/Target -I../../Middlewares/Third_Party/LibJPEG/include -I../../TouchGFX/generated/videos/include -Os -ffunction-sections -fdata-sections -fno-exceptions -fno-rtti -fno-use-cxa-atexit -Wall -femit-class-debug-always -fstack-usage -fcyclomatic-complexity -MMD -MP -MF"Application/User/gui/ScreenPresenter.d" -MT"Application/User/gui/ScreenPresenter.o" --specs=nano.specs -mfpu=fpv5-sp-d16 -mfloat-abi=hard -mthumb -o "Application/User/gui/ScreenPresenter.o"
arm-none-eabi-g++ "E:/Sexto_sem/MCU_avanzados/PWM_Slider/TouchGFX/gui/src/screen_screen/ScreenView.cpp" -mcpu=cortex-m7 -std=gnu++14 -g3 -DUSE_HAL_DRIVER -DUSE_BPP=16 -DSTM32F746xx -DDEBUG -c -I../../Core/Inc -I../../TouchGFX/App -I../../TouchGFX/target/generated -I../../TouchGFX/target -I../../Drivers/STM32F7xx_HAL_Driver/Inc -I../../Drivers/STM32F7xx_HAL_Driver/Inc/Legacy -I../../Middlewares/Third_Party/FreeRTOS/Source/include -I../../Middlewares/Third_Party/FreeRTOS/Source/portable/GCC/ARM_CM7/r0p1 -I../../Drivers/CMSIS/Device/ST/STM32F7xx/Include -I../../Drivers/CMSIS/Include -I../../Middlewares/ST/touchgfx/framework/include -I../../TouchGFX/generated/fonts/include -I../../TouchGFX/generated/gui_generated/include -I../../TouchGFX/generated/images/include -I../../TouchGFX/generated/texts/include -I../../TouchGFX/gui/include -I../../Middlewares/Third_Party/FreeRTOS/Source/CMSIS_RTOS_V2 -I../../Middlewares/Third_Party/FreeRTOS/Source/CMSIS_RTOS -I../../Drivers/BSP/STM32746G-Discovery -I../../Drivers/BSP/Components/ft5336 -I../../LIBJPEG/App -I../../LIBJPEG/Target -I../../Middlewares/Third_Party/LibJPEG/include -I../../TouchGFX/generated/videos/include -Os -ffunction-sections -fdata-sections -fno-exceptions -fno-rtti -fno-use-cxa-atexit -Wall -femit-class-debug-always -fstack-usage -fcyclomatic-complexity -MMD -MP -MF"Application/User/gui/ScreenView.d" -MT"Application/User/gui/ScreenView.o" --specs=nano.specs -mfpu=fpv5-sp-d16 -mfloat-abi=hard -mthumb -o "Application/User/gui/ScreenView.o"
arm-none-eabi-g++ "E:/Sexto_sem/MCU_avanzados/PWM_Slider/TouchGFX/generated/fonts/src/ApplicationFontProvider.cpp" -mcpu=cortex-m7 -std=gnu++14 -g3 -DUSE_HAL_DRIVER -DUSE_BPP=16 -DSTM32F746xx -DDEBUG -c -I../../Core/Inc -I../../TouchGFX/App -I../../TouchGFX/target/generated -I../../TouchGFX/target -I../../Drivers/STM32F7xx_HAL_Driver/Inc -I../../Drivers/STM32F7xx_HAL_Driver/Inc/Legacy -I../../Middlewares/Third_Party/FreeRTOS/Source/include -I../../Middlewares/Third_Party/FreeRTOS/Source/portable/GCC/ARM_CM7/r0p1 -I../../Drivers/CMSIS/Device/ST/STM32F7xx/Include -I../../Drivers/CMSIS/Include -I../../Middlewares/ST/touchgfx/framework/include -I../../TouchGFX/generated/fonts/include -I../../TouchGFX/generated/gui_generated/include -I../../TouchGFX/generated/images/include -I../../TouchGFX/generated/texts/include -I../../TouchGFX/gui/include -I../../Middlewares/Third_Party/FreeRTOS/Source/CMSIS_RTOS_V2 -I../../Middlewares/Third_Party/FreeRTOS/Source/CMSIS_RTOS -I../../Drivers/BSP/STM32746G-Discovery -I../../Drivers/BSP/Components/ft5336 -I../../LIBJPEG/App -I../../LIBJPEG/Target -I../../Middlewares/Third_Party/LibJPEG/include -I../../TouchGFX/generated/videos/include -Os -ffunction-sections -fdata-sections -fno-exceptions -fno-rtti -fno-use-cxa-atexit -Wall -femit-class-debug-always -fstack-usage -fcyclomatic-complexity -MMD -MP -MF"Application/User/generated/ApplicationFontProvider.d" -MT"Application/User/generated/ApplicationFontProvider.o" --specs=nano.specs -mfpu=fpv5-sp-d16 -mfloat-abi=hard -mthumb -o "Application/User/generated/ApplicationFontProvider.o"
arm-none-eabi-g++ "E:/Sexto_sem/MCU_avanzados/PWM_Slider/TouchGFX/generated/images/src/BitmapDatabase.cpp" -mcpu=cortex-m7 -std=gnu++14 -g3 -DUSE_HAL_DRIVER -DUSE_BPP=16 -DSTM32F746xx -DDEBUG -c -I../../Core/Inc -I../../TouchGFX/App -I../../TouchGFX/target/generated -I../../TouchGFX/target -I../../Drivers/STM32F7xx_HAL_Driver/Inc -I../../Drivers/STM32F7xx_HAL_Driver/Inc/Legacy -I../../Middlewares/Third_Party/FreeRTOS/Source/include -I../../Middlewares/Third_Party/FreeRTOS/Source/portable/GCC/ARM_CM7/r0p1 -I../../Drivers/CMSIS/Device/ST/STM32F7xx/Include -I../../Drivers/CMSIS/Include -I../../Middlewares/ST/touchgfx/framework/include -I../../TouchGFX/generated/fonts/include -I../../TouchGFX/generated/gui_generated/include -I../../TouchGFX/generated/images/include -I../../TouchGFX/generated/texts/include -I../../TouchGFX/gui/include -I../../Middlewares/Third_Party/FreeRTOS/Source/CMSIS_RTOS_V2 -I../../Middlewares/Third_Party/FreeRTOS/Source/CMSIS_RTOS -I../../Drivers/BSP/STM32746G-Discovery -I../../Drivers/BSP/Components/ft5336 -I../../LIBJPEG/App -I../../LIBJPEG/Target -I../../Middlewares/Third_Party/LibJPEG/include -I../../TouchGFX/generated/videos/include -Os -ffunction-sections -fdata-sections -fno-exceptions -fno-rtti -fno-use-cxa-atexit -Wall -femit-class-debug-always -fstack-usage -fcyclomatic-complexity -MMD -MP -MF"Application/User/generated/BitmapDatabase.d" -MT"Application/User/generated/BitmapDatabase.o" --specs=nano.specs -mfpu=fpv5-sp-d16 -mfloat-abi=hard -mthumb -o "Application/User/generated/BitmapDatabase.o"
arm-none-eabi-g++ "E:/Sexto_sem/MCU_avanzados/PWM_Slider/TouchGFX/generated/fonts/src/CachedFont.cpp" -mcpu=cortex-m7 -std=gnu++14 -g3 -DUSE_HAL_DRIVER -DUSE_BPP=16 -DSTM32F746xx -DDEBUG -c -I../../Core/Inc -I../../TouchGFX/App -I../../TouchGFX/target/generated -I../../TouchGFX/target -I../../Drivers/STM32F7xx_HAL_Driver/Inc -I../../Drivers/STM32F7xx_HAL_Driver/Inc/Legacy -I../../Middlewares/Third_Party/FreeRTOS/Source/include -I../../Middlewares/Third_Party/FreeRTOS/Source/portable/GCC/ARM_CM7/r0p1 -I../../Drivers/CMSIS/Device/ST/STM32F7xx/Include -I../../Drivers/CMSIS/Include -I../../Middlewares/ST/touchgfx/framework/include -I../../TouchGFX/generated/fonts/include -I../../TouchGFX/generated/gui_generated/include -I../../TouchGFX/generated/images/include -I../../TouchGFX/generated/texts/include -I../../TouchGFX/gui/include -I../../Middlewares/Third_Party/FreeRTOS/Source/CMSIS_RTOS_V2 -I../../Middlewares/Third_Party/FreeRTOS/Source/CMSIS_RTOS -I../../Drivers/BSP/STM32746G-Discovery -I../../Drivers/BSP/Components/ft5336 -I../../LIBJPEG/App -I../../LIBJPEG/Target -I../../Middlewares/Third_Party/LibJPEG/include -I../../TouchGFX/generated/videos/include -Os -ffunction-sections -fdata-sections -fno-exceptions -fno-rtti -fno-use-cxa-atexit -Wall -femit-class-debug-always -fstack-usage -fcyclomatic-complexity -MMD -MP -MF"Application/User/generated/CachedFont.d" -MT"Application/User/generated/CachedFont.o" --specs=nano.specs -mfpu=fpv5-sp-d16 -mfloat-abi=hard -mthumb -o "Application/User/generated/CachedFont.o"
arm-none-eabi-g++ "E:/Sexto_sem/MCU_avanzados/PWM_Slider/TouchGFX/generated/fonts/src/FontCache.cpp" -mcpu=cortex-m7 -std=gnu++14 -g3 -DUSE_HAL_DRIVER -DUSE_BPP=16 -DSTM32F746xx -DDEBUG -c -I../../Core/Inc -I../../TouchGFX/App -I../../TouchGFX/target/generated -I../../TouchGFX/target -I../../Drivers/STM32F7xx_HAL_Driver/Inc -I../../Drivers/STM32F7xx_HAL_Driver/Inc/Legacy -I../../Middlewares/Third_Party/FreeRTOS/Source/include -I../../Middlewares/Third_Party/FreeRTOS/Source/portable/GCC/ARM_CM7/r0p1 -I../../Drivers/CMSIS/Device/ST/STM32F7xx/Include -I../../Drivers/CMSIS/Include -I../../Middlewares/ST/touchgfx/framework/include -I../../TouchGFX/generated/fonts/include -I../../TouchGFX/generated/gui_generated/include -I../../TouchGFX/generated/images/include -I../../TouchGFX/generated/texts/include -I../../TouchGFX/gui/include -I../../Middlewares/Third_Party/FreeRTOS/Source/CMSIS_RTOS_V2 -I../../Middlewares/Third_Party/FreeRTOS/Source/CMSIS_RTOS -I../../Drivers/BSP/STM32746G-Discovery -I../../Drivers/BSP/Components/ft5336 -I../../LIBJPEG/App -I../../LIBJPEG/Target -I../../Middlewares/Third_Party/LibJPEG/include -I../../TouchGFX/generated/videos/include -Os -ffunction-sections -fdata-sections -fno-exceptions -fno-rtti -fno-use-cxa-atexit -Wall -femit-class-debug-always -fstack-usage -fcyclomatic-complexity -MMD -MP -MF"Application/User/generated/FontCache.d" -MT"Application/User/generated/FontCache.o" --specs=nano.specs -mfpu=fpv5-sp-d16 -mfloat-abi=hard -mthumb -o "Application/User/generated/FontCache.o"
arm-none-eabi-g++ "E:/Sexto_sem/MCU_avanzados/PWM_Slider/TouchGFX/generated/fonts/src/Font_verdana_10_4bpp_0.cpp" -mcpu=cortex-m7 -std=gnu++14 -g3 -DUSE_HAL_DRIVER -DUSE_BPP=16 -DSTM32F746xx -DDEBUG -c -I../../Core/Inc -I../../TouchGFX/App -I../../TouchGFX/target/generated -I../../TouchGFX/target -I../../Drivers/STM32F7xx_HAL_Driver/Inc -I../../Drivers/STM32F7xx_HAL_Driver/Inc/Legacy -I../../Middlewares/Third_Party/FreeRTOS/Source/include -I../../Middlewares/Third_Party/FreeRTOS/Source/portable/GCC/ARM_CM7/r0p1 -I../../Drivers/CMSIS/Device/ST/STM32F7xx/Include -I../../Drivers/CMSIS/Include -I../../Middlewares/ST/touchgfx/framework/include -I../../TouchGFX/generated/fonts/include -I../../TouchGFX/generated/gui_generated/include -I../../TouchGFX/generated/images/include -I../../TouchGFX/generated/texts/include -I../../TouchGFX/gui/include -I../../Middlewares/Third_Party/FreeRTOS/Source/CMSIS_RTOS_V2 -I../../Middlewares/Third_Party/FreeRTOS/Source/CMSIS_RTOS -I../../Drivers/BSP/STM32746G-Discovery -I../../Drivers/BSP/Components/ft5336 -I../../LIBJPEG/App -I../../LIBJPEG/Target -I../../Middlewares/Third_Party/LibJPEG/include -I../../TouchGFX/generated/videos/include -Os -ffunction-sections -fdata-sections -fno-exceptions -fno-rtti -fno-use-cxa-atexit -Wall -femit-class-debug-always -fstack-usage -fcyclomatic-complexity -MMD -MP -MF"Application/User/generated/Font_verdana_10_4bpp_0.d" -MT"Application/User/generated/Font_verdana_10_4bpp_0.o" --specs=nano.specs -mfpu=fpv5-sp-d16 -mfloat-abi=hard -mthumb -o "Application/User/generated/Font_verdana_10_4bpp_0.o"
arm-none-eabi-g++ "E:/Sexto_sem/MCU_avanzados/PWM_Slider/TouchGFX/generated/fonts/src/Font_verdana_20_4bpp_0.cpp" -mcpu=cortex-m7 -std=gnu++14 -g3 -DUSE_HAL_DRIVER -DUSE_BPP=16 -DSTM32F746xx -DDEBUG -c -I../../Core/Inc -I../../TouchGFX/App -I../../TouchGFX/target/generated -I../../TouchGFX/target -I../../Drivers/STM32F7xx_HAL_Driver/Inc -I../../Drivers/STM32F7xx_HAL_Driver/Inc/Legacy -I../../Middlewares/Third_Party/FreeRTOS/Source/include -I../../Middlewares/Third_Party/FreeRTOS/Source/portable/GCC/ARM_CM7/r0p1 -I../../Drivers/CMSIS/Device/ST/STM32F7xx/Include -I../../Drivers/CMSIS/Include -I../../Middlewares/ST/touchgfx/framework/include -I../../TouchGFX/generated/fonts/include -I../../TouchGFX/generated/gui_generated/include -I../../TouchGFX/generated/images/include -I../../TouchGFX/generated/texts/include -I../../TouchGFX/gui/include -I../../Middlewares/Third_Party/FreeRTOS/Source/CMSIS_RTOS_V2 -I../../Middlewares/Third_Party/FreeRTOS/Source/CMSIS_RTOS -I../../Drivers/BSP/STM32746G-Discovery -I../../Drivers/BSP/Components/ft5336 -I../../LIBJPEG/App -I../../LIBJPEG/Target -I../../Middlewares/Third_Party/LibJPEG/include -I../../TouchGFX/generated/videos/include -Os -ffunction-sections -fdata-sections -fno-exceptions -fno-rtti -fno-use-cxa-atexit -Wall -femit-class-debug-always -fstack-usage -fcyclomatic-complexity -MMD -MP -MF"Application/User/generated/Font_verdana_20_4bpp_0.d" -MT"Application/User/generated/Font_verdana_20_4bpp_0.o" --specs=nano.specs -mfpu=fpv5-sp-d16 -mfloat-abi=hard -mthumb -o "Application/User/generated/Font_verdana_20_4bpp_0.o"
arm-none-eabi-g++ "E:/Sexto_sem/MCU_avanzados/PWM_Slider/TouchGFX/generated/fonts/src/Font_verdana_40_4bpp_0.cpp" -mcpu=cortex-m7 -std=gnu++14 -g3 -DUSE_HAL_DRIVER -DUSE_BPP=16 -DSTM32F746xx -DDEBUG -c -I../../Core/Inc -I../../TouchGFX/App -I../../TouchGFX/target/generated -I../../TouchGFX/target -I../../Drivers/STM32F7xx_HAL_Driver/Inc -I../../Drivers/STM32F7xx_HAL_Driver/Inc/Legacy -I../../Middlewares/Third_Party/FreeRTOS/Source/include -I../../Middlewares/Third_Party/FreeRTOS/Source/portable/GCC/ARM_CM7/r0p1 -I../../Drivers/CMSIS/Device/ST/STM32F7xx/Include -I../../Drivers/CMSIS/Include -I../../Middlewares/ST/touchgfx/framework/include -I../../TouchGFX/generated/fonts/include -I../../TouchGFX/generated/gui_generated/include -I../../TouchGFX/generated/images/include -I../../TouchGFX/generated/texts/include -I../../TouchGFX/gui/include -I../../Middlewares/Third_Party/FreeRTOS/Source/CMSIS_RTOS_V2 -I../../Middlewares/Third_Party/FreeRTOS/Source/CMSIS_RTOS -I../../Drivers/BSP/STM32746G-Discovery -I../../Drivers/BSP/Components/ft5336 -I../../LIBJPEG/App -I../../LIBJPEG/Target -I../../Middlewares/Third_Party/LibJPEG/include -I../../TouchGFX/generated/videos/include -Os -ffunction-sections -fdata-sections -fno-exceptions -fno-rtti -fno-use-cxa-atexit -Wall -femit-class-debug-always -fstack-usage -fcyclomatic-complexity -MMD -MP -MF"Application/User/generated/Font_verdana_40_4bpp_0.d" -MT"Application/User/generated/Font_verdana_40_4bpp_0.o" --specs=nano.specs -mfpu=fpv5-sp-d16 -mfloat-abi=hard -mthumb -o "Application/User/generated/Font_verdana_40_4bpp_0.o"
arm-none-eabi-g++ "E:/Sexto_sem/MCU_avanzados/PWM_Slider/TouchGFX/generated/gui_generated/src/common/FrontendApplicationBase.cpp" -mcpu=cortex-m7 -std=gnu++14 -g3 -DUSE_HAL_DRIVER -DUSE_BPP=16 -DSTM32F746xx -DDEBUG -c -I../../Core/Inc -I../../TouchGFX/App -I../../TouchGFX/target/generated -I../../TouchGFX/target -I../../Drivers/STM32F7xx_HAL_Driver/Inc -I../../Drivers/STM32F7xx_HAL_Driver/Inc/Legacy -I../../Middlewares/Third_Party/FreeRTOS/Source/include -I../../Middlewares/Third_Party/FreeRTOS/Source/portable/GCC/ARM_CM7/r0p1 -I../../Drivers/CMSIS/Device/ST/STM32F7xx/Include -I../../Drivers/CMSIS/Include -I../../Middlewares/ST/touchgfx/framework/include -I../../TouchGFX/generated/fonts/include -I../../TouchGFX/generated/gui_generated/include -I../../TouchGFX/generated/images/include -I../../TouchGFX/generated/texts/include -I../../TouchGFX/gui/include -I../../Middlewares/Third_Party/FreeRTOS/Source/CMSIS_RTOS_V2 -I../../Middlewares/Third_Party/FreeRTOS/Source/CMSIS_RTOS -I../../Drivers/BSP/STM32746G-Discovery -I../../Drivers/BSP/Components/ft5336 -I../../LIBJPEG/App -I../../LIBJPEG/Target -I../../Middlewares/Third_Party/LibJPEG/include -I../../TouchGFX/generated/videos/include -Os -ffunction-sections -fdata-sections -fno-exceptions -fno-rtti -fno-use-cxa-atexit -Wall -femit-class-debug-always -fstack-usage -fcyclomatic-complexity -MMD -MP -MF"Application/User/generated/FrontendApplicationBase.d" -MT"Application/User/generated/FrontendApplicationBase.o" --specs=nano.specs -mfpu=fpv5-sp-d16 -mfloat-abi=hard -mthumb -o "Application/User/generated/FrontendApplicationBase.o"
arm-none-eabi-g++ "E:/Sexto_sem/MCU_avanzados/PWM_Slider/TouchGFX/generated/fonts/src/GeneratedFont.cpp" -mcpu=cortex-m7 -std=gnu++14 -g3 -DUSE_HAL_DRIVER -DUSE_BPP=16 -DSTM32F746xx -DDEBUG -c -I../../Core/Inc -I../../TouchGFX/App -I../../TouchGFX/target/generated -I../../TouchGFX/target -I../../Drivers/STM32F7xx_HAL_Driver/Inc -I../../Drivers/STM32F7xx_HAL_Driver/Inc/Legacy -I../../Middlewares/Third_Party/FreeRTOS/Source/include -I../../Middlewares/Third_Party/FreeRTOS/Source/portable/GCC/ARM_CM7/r0p1 -I../../Drivers/CMSIS/Device/ST/STM32F7xx/Include -I../../Drivers/CMSIS/Include -I../../Middlewares/ST/touchgfx/framework/include -I../../TouchGFX/generated/fonts/include -I../../TouchGFX/generated/gui_generated/include -I../../TouchGFX/generated/images/include -I../../TouchGFX/generated/texts/include -I../../TouchGFX/gui/include -I../../Middlewares/Third_Party/FreeRTOS/Source/CMSIS_RTOS_V2 -I../../Middlewares/Third_Party/FreeRTOS/Source/CMSIS_RTOS -I../../Drivers/BSP/STM32746G-Discovery -I../../Drivers/BSP/Components/ft5336 -I../../LIBJPEG/App -I../../LIBJPEG/Target -I../../Middlewares/Third_Party/LibJPEG/include -I../../TouchGFX/generated/videos/include -Os -ffunction-sections -fdata-sections -fno-exceptions -fno-rtti -fno-use-cxa-atexit -Wall -femit-class-debug-always -fstack-usage -fcyclomatic-complexity -MMD -MP -MF"Application/User/generated/GeneratedFont.d" -MT"Application/User/generated/GeneratedFont.o" --specs=nano.specs -mfpu=fpv5-sp-d16 -mfloat-abi=hard -mthumb -o "Application/User/generated/GeneratedFont.o"
arm-none-eabi-g++ "E:/Sexto_sem/MCU_avanzados/PWM_Slider/TouchGFX/generated/fonts/src/Kerning_verdana_10_4bpp.cpp" -mcpu=cortex-m7 -std=gnu++14 -g3 -DUSE_HAL_DRIVER -DUSE_BPP=16 -DSTM32F746xx -DDEBUG -c -I../../Core/Inc -I../../TouchGFX/App -I../../TouchGFX/target/generated -I../../TouchGFX/target -I../../Drivers/STM32F7xx_HAL_Driver/Inc -I../../Drivers/STM32F7xx_HAL_Driver/Inc/Legacy -I../../Middlewares/Third_Party/FreeRTOS/Source/include -I../../Middlewares/Third_Party/FreeRTOS/Source/portable/GCC/ARM_CM7/r0p1 -I../../Drivers/CMSIS/Device/ST/STM32F7xx/Include -I../../Drivers/CMSIS/Include -I../../Middlewares/ST/touchgfx/framework/include -I../../TouchGFX/generated/fonts/include -I../../TouchGFX/generated/gui_generated/include -I../../TouchGFX/generated/images/include -I../../TouchGFX/generated/texts/include -I../../TouchGFX/gui/include -I../../Middlewares/Third_Party/FreeRTOS/Source/CMSIS_RTOS_V2 -I../../Middlewares/Third_Party/FreeRTOS/Source/CMSIS_RTOS -I../../Drivers/BSP/STM32746G-Discovery -I../../Drivers/BSP/Components/ft5336 -I../../LIBJPEG/App -I../../LIBJPEG/Target -I../../Middlewares/Third_Party/LibJPEG/include -I../../TouchGFX/generated/videos/include -Os -ffunction-sections -fdata-sections -fno-exceptions -fno-rtti -fno-use-cxa-atexit -Wall -femit-class-debug-always -fstack-usage -fcyclomatic-complexity -MMD -MP -MF"Application/User/generated/Kerning_verdana_10_4bpp.d" -MT"Application/User/generated/Kerning_verdana_10_4bpp.o" --specs=nano.specs -mfpu=fpv5-sp-d16 -mfloat-abi=hard -mthumb -o "Application/User/generated/Kerning_verdana_10_4bpp.o"
arm-none-eabi-g++ "E:/Sexto_sem/MCU_avanzados/PWM_Slider/TouchGFX/generated/fonts/src/Kerning_verdana_20_4bpp.cpp" -mcpu=cortex-m7 -std=gnu++14 -g3 -DUSE_HAL_DRIVER -DUSE_BPP=16 -DSTM32F746xx -DDEBUG -c -I../../Core/Inc -I../../TouchGFX/App -I../../TouchGFX/target/generated -I../../TouchGFX/target -I../../Drivers/STM32F7xx_HAL_Driver/Inc -I../../Drivers/STM32F7xx_HAL_Driver/Inc/Legacy -I../../Middlewares/Third_Party/FreeRTOS/Source/include -I../../Middlewares/Third_Party/FreeRTOS/Source/portable/GCC/ARM_CM7/r0p1 -I../../Drivers/CMSIS/Device/ST/STM32F7xx/Include -I../../Drivers/CMSIS/Include -I../../Middlewares/ST/touchgfx/framework/include -I../../TouchGFX/generated/fonts/include -I../../TouchGFX/generated/gui_generated/include -I../../TouchGFX/generated/images/include -I../../TouchGFX/generated/texts/include -I../../TouchGFX/gui/include -I../../Middlewares/Third_Party/FreeRTOS/Source/CMSIS_RTOS_V2 -I../../Middlewares/Third_Party/FreeRTOS/Source/CMSIS_RTOS -I../../Drivers/BSP/STM32746G-Discovery -I../../Drivers/BSP/Components/ft5336 -I../../LIBJPEG/App -I../../LIBJPEG/Target -I../../Middlewares/Third_Party/LibJPEG/include -I../../TouchGFX/generated/videos/include -Os -ffunction-sections -fdata-sections -fno-exceptions -fno-rtti -fno-use-cxa-atexit -Wall -femit-class-debug-always -fstack-usage -fcyclomatic-complexity -MMD -MP -MF"Application/User/generated/Kerning_verdana_20_4bpp.d" -MT"Application/User/generated/Kerning_verdana_20_4bpp.o" --specs=nano.specs -mfpu=fpv5-sp-d16 -mfloat-abi=hard -mthumb -o "Application/User/generated/Kerning_verdana_20_4bpp.o"
arm-none-eabi-g++ "E:/Sexto_sem/MCU_avanzados/PWM_Slider/TouchGFX/generated/fonts/src/Kerning_verdana_40_4bpp.cpp" -mcpu=cortex-m7 -std=gnu++14 -g3 -DUSE_HAL_DRIVER -DUSE_BPP=16 -DSTM32F746xx -DDEBUG -c -I../../Core/Inc -I../../TouchGFX/App -I../../TouchGFX/target/generated -I../../TouchGFX/target -I../../Drivers/STM32F7xx_HAL_Driver/Inc -I../../Drivers/STM32F7xx_HAL_Driver/Inc/Legacy -I../../Middlewares/Third_Party/FreeRTOS/Source/include -I../../Middlewares/Third_Party/FreeRTOS/Source/portable/GCC/ARM_CM7/r0p1 -I../../Drivers/CMSIS/Device/ST/STM32F7xx/Include -I../../Drivers/CMSIS/Include -I../../Middlewares/ST/touchgfx/framework/include -I../../TouchGFX/generated/fonts/include -I../../TouchGFX/generated/gui_generated/include -I../../TouchGFX/generated/images/include -I../../TouchGFX/generated/texts/include -I../../TouchGFX/gui/include -I../../Middlewares/Third_Party/FreeRTOS/Source/CMSIS_RTOS_V2 -I../../Middlewares/Third_Party/FreeRTOS/Source/CMSIS_RTOS -I../../Drivers/BSP/STM32746G-Discovery -I../../Drivers/BSP/Components/ft5336 -I../../LIBJPEG/App -I../../LIBJPEG/Target -I../../Middlewares/Third_Party/LibJPEG/include -I../../TouchGFX/generated/videos/include -Os -ffunction-sections -fdata-sections -fno-exceptions -fno-rtti -fno-use-cxa-atexit -Wall -femit-class-debug-always -fstack-usage -fcyclomatic-complexity -MMD -MP -MF"Application/User/generated/Kerning_verdana_40_4bpp.d" -MT"Application/User/generated/Kerning_verdana_40_4bpp.o" --specs=nano.specs -mfpu=fpv5-sp-d16 -mfloat-abi=hard -mthumb -o "Application/User/generated/Kerning_verdana_40_4bpp.o"
arm-none-eabi-g++ "E:/Sexto_sem/MCU_avanzados/PWM_Slider/TouchGFX/generated/texts/src/LanguageGb.cpp" -mcpu=cortex-m7 -std=gnu++14 -g3 -DUSE_HAL_DRIVER -DUSE_BPP=16 -DSTM32F746xx -DDEBUG -c -I../../Core/Inc -I../../TouchGFX/App -I../../TouchGFX/target/generated -I../../TouchGFX/target -I../../Drivers/STM32F7xx_HAL_Driver/Inc -I../../Drivers/STM32F7xx_HAL_Driver/Inc/Legacy -I../../Middlewares/Third_Party/FreeRTOS/Source/include -I../../Middlewares/Third_Party/FreeRTOS/Source/portable/GCC/ARM_CM7/r0p1 -I../../Drivers/CMSIS/Device/ST/STM32F7xx/Include -I../../Drivers/CMSIS/Include -I../../Middlewares/ST/touchgfx/framework/include -I../../TouchGFX/generated/fonts/include -I../../TouchGFX/generated/gui_generated/include -I../../TouchGFX/generated/images/include -I../../TouchGFX/generated/texts/include -I../../TouchGFX/gui/include -I../../Middlewares/Third_Party/FreeRTOS/Source/CMSIS_RTOS_V2 -I../../Middlewares/Third_Party/FreeRTOS/Source/CMSIS_RTOS -I../../Drivers/BSP/STM32746G-Discovery -I../../Drivers/BSP/Components/ft5336 -I../../LIBJPEG/App -I../../LIBJPEG/Target -I../../Middlewares/Third_Party/LibJPEG/include -I../../TouchGFX/generated/videos/include -Os -ffunction-sections -fdata-sections -fno-exceptions -fno-rtti -fno-use-cxa-atexit -Wall -femit-class-debug-always -fstack-usage -fcyclomatic-complexity -MMD -MP -MF"Application/User/generated/LanguageGb.d" -MT"Application/User/generated/LanguageGb.o" --specs=nano.specs -mfpu=fpv5-sp-d16 -mfloat-abi=hard -mthumb -o "Application/User/generated/LanguageGb.o"
arm-none-eabi-g++ "E:/Sexto_sem/MCU_avanzados/PWM_Slider/TouchGFX/generated/images/src/SVGDatabase.cpp" -mcpu=cortex-m7 -std=gnu++14 -g3 -DUSE_HAL_DRIVER -DUSE_BPP=16 -DSTM32F746xx -DDEBUG -c -I../../Core/Inc -I../../TouchGFX/App -I../../TouchGFX/target/generated -I../../TouchGFX/target -I../../Drivers/STM32F7xx_HAL_Driver/Inc -I../../Drivers/STM32F7xx_HAL_Driver/Inc/Legacy -I../../Middlewares/Third_Party/FreeRTOS/Source/include -I../../Middlewares/Third_Party/FreeRTOS/Source/portable/GCC/ARM_CM7/r0p1 -I../../Drivers/CMSIS/Device/ST/STM32F7xx/Include -I../../Drivers/CMSIS/Include -I../../Middlewares/ST/touchgfx/framework/include -I../../TouchGFX/generated/fonts/include -I../../TouchGFX/generated/gui_generated/include -I../../TouchGFX/generated/images/include -I../../TouchGFX/generated/texts/include -I../../TouchGFX/gui/include -I../../Middlewares/Third_Party/FreeRTOS/Source/CMSIS_RTOS_V2 -I../../Middlewares/Third_Party/FreeRTOS/Source/CMSIS_RTOS -I../../Drivers/BSP/STM32746G-Discovery -I../../Drivers/BSP/Components/ft5336 -I../../LIBJPEG/App -I../../LIBJPEG/Target -I../../Middlewares/Third_Party/LibJPEG/include -I../../TouchGFX/generated/videos/include -Os -ffunction-sections -fdata-sections -fno-exceptions -fno-rtti -fno-use-cxa-atexit -Wall -femit-class-debug-always -fstack-usage -fcyclomatic-complexity -MMD -MP -MF"Application/User/generated/SVGDatabase.d" -MT"Application/User/generated/SVGDatabase.o" --specs=nano.specs -mfpu=fpv5-sp-d16 -mfloat-abi=hard -mthumb -o "Application/User/generated/SVGDatabase.o"
arm-none-eabi-g++ "E:/Sexto_sem/MCU_avanzados/PWM_Slider/TouchGFX/generated/gui_generated/src/screen_screen/ScreenViewBase.cpp" -mcpu=cortex-m7 -std=gnu++14 -g3 -DUSE_HAL_DRIVER -DUSE_BPP=16 -DSTM32F746xx -DDEBUG -c -I../../Core/Inc -I../../TouchGFX/App -I../../TouchGFX/target/generated -I../../TouchGFX/target -I../../Drivers/STM32F7xx_HAL_Driver/Inc -I../../Drivers/STM32F7xx_HAL_Driver/Inc/Legacy -I../../Middlewares/Third_Party/FreeRTOS/Source/include -I../../Middlewares/Third_Party/FreeRTOS/Source/portable/GCC/ARM_CM7/r0p1 -I../../Drivers/CMSIS/Device/ST/STM32F7xx/Include -I../../Drivers/CMSIS/Include -I../../Middlewares/ST/touchgfx/framework/include -I../../TouchGFX/generated/fonts/include -I../../TouchGFX/generated/gui_generated/include -I../../TouchGFX/generated/images/include -I../../TouchGFX/generated/texts/include -I../../TouchGFX/gui/include -I../../Middlewares/Third_Party/FreeRTOS/Source/CMSIS_RTOS_V2 -I../../Middlewares/Third_Party/FreeRTOS/Source/CMSIS_RTOS -I../../Drivers/BSP/STM32746G-Discovery -I../../Drivers/BSP/Components/ft5336 -I../../LIBJPEG/App -I../../LIBJPEG/Target -I../../Middlewares/Third_Party/LibJPEG/include -I../../TouchGFX/generated/videos/include -Os -ffunction-sections -fdata-sections -fno-exceptions -fno-rtti -fno-use-cxa-atexit -Wall -femit-class-debug-always -fstack-usage -fcyclomatic-complexity -MMD -MP -MF"Application/User/generated/ScreenViewBase.d" -MT"Application/User/generated/ScreenViewBase.o" --specs=nano.specs -mfpu=fpv5-sp-d16 -mfloat-abi=hard -mthumb -o "Application/User/generated/ScreenViewBase.o"
arm-none-eabi-g++ "E:/Sexto_sem/MCU_avanzados/PWM_Slider/TouchGFX/generated/fonts/src/Table_verdana_10_4bpp.cpp" -mcpu=cortex-m7 -std=gnu++14 -g3 -DUSE_HAL_DRIVER -DUSE_BPP=16 -DSTM32F746xx -DDEBUG -c -I../../Core/Inc -I../../TouchGFX/App -I../../TouchGFX/target/generated -I../../TouchGFX/target -I../../Drivers/STM32F7xx_HAL_Driver/Inc -I../../Drivers/STM32F7xx_HAL_Driver/Inc/Legacy -I../../Middlewares/Third_Party/FreeRTOS/Source/include -I../../Middlewares/Third_Party/FreeRTOS/Source/portable/GCC/ARM_CM7/r0p1 -I../../Drivers/CMSIS/Device/ST/STM32F7xx/Include -I../../Drivers/CMSIS/Include -I../../Middlewares/ST/touchgfx/framework/include -I../../TouchGFX/generated/fonts/include -I../../TouchGFX/generated/gui_generated/include -I../../TouchGFX/generated/images/include -I../../TouchGFX/generated/texts/include -I../../TouchGFX/gui/include -I../../Middlewares/Third_Party/FreeRTOS/Source/CMSIS_RTOS_V2 -I../../Middlewares/Third_Party/FreeRTOS/Source/CMSIS_RTOS -I../../Drivers/BSP/STM32746G-Discovery -I../../Drivers/BSP/Components/ft5336 -I../../LIBJPEG/App -I../../LIBJPEG/Target -I../../Middlewares/Third_Party/LibJPEG/include -I../../TouchGFX/generated/videos/include -Os -ffunction-sections -fdata-sections -fno-exceptions -fno-rtti -fno-use-cxa-atexit -Wall -femit-class-debug-always -fstack-usage -fcyclomatic-complexity -MMD -MP -MF"Application/User/generated/Table_verdana_10_4bpp.d" -MT"Application/User/generated/Table_verdana_10_4bpp.o" --specs=nano.specs -mfpu=fpv5-sp-d16 -mfloat-abi=hard -mthumb -o "Application/User/generated/Table_verdana_10_4bpp.o"
arm-none-eabi-g++ "E:/Sexto_sem/MCU_avanzados/PWM_Slider/TouchGFX/generated/fonts/src/Table_verdana_20_4bpp.cpp" -mcpu=cortex-m7 -std=gnu++14 -g3 -DUSE_HAL_DRIVER -DUSE_BPP=16 -DSTM32F746xx -DDEBUG -c -I../../Core/Inc -I../../TouchGFX/App -I../../TouchGFX/target/generated -I../../TouchGFX/target -I../../Drivers/STM32F7xx_HAL_Driver/Inc -I../../Drivers/STM32F7xx_HAL_Driver/Inc/Legacy -I../../Middlewares/Third_Party/FreeRTOS/Source/include -I../../Middlewares/Third_Party/FreeRTOS/Source/portable/GCC/ARM_CM7/r0p1 -I../../Drivers/CMSIS/Device/ST/STM32F7xx/Include -I../../Drivers/CMSIS/Include -I../../Middlewares/ST/touchgfx/framework/include -I../../TouchGFX/generated/fonts/include -I../../TouchGFX/generated/gui_generated/include -I../../TouchGFX/generated/images/include -I../../TouchGFX/generated/texts/include -I../../TouchGFX/gui/include -I../../Middlewares/Third_Party/FreeRTOS/Source/CMSIS_RTOS_V2 -I../../Middlewares/Third_Party/FreeRTOS/Source/CMSIS_RTOS -I../../Drivers/BSP/STM32746G-Discovery -I../../Drivers/BSP/Components/ft5336 -I../../LIBJPEG/App -I../../LIBJPEG/Target -I../../Middlewares/Third_Party/LibJPEG/include -I../../TouchGFX/generated/videos/include -Os -ffunction-sections -fdata-sections -fno-exceptions -fno-rtti -fno-use-cxa-atexit -Wall -femit-class-debug-always -fstack-usage -fcyclomatic-complexity -MMD -MP -MF"Application/User/generated/Table_verdana_20_4bpp.d" -MT"Application/User/generated/Table_verdana_20_4bpp.o" --specs=nano.specs -mfpu=fpv5-sp-d16 -mfloat-abi=hard -mthumb -o "Application/User/generated/Table_verdana_20_4bpp.o"
arm-none-eabi-g++ "E:/Sexto_sem/MCU_avanzados/PWM_Slider/TouchGFX/generated/fonts/src/Table_verdana_40_4bpp.cpp" -mcpu=cortex-m7 -std=gnu++14 -g3 -DUSE_HAL_DRIVER -DUSE_BPP=16 -DSTM32F746xx -DDEBUG -c -I../../Core/Inc -I../../TouchGFX/App -I../../TouchGFX/target/generated -I../../TouchGFX/target -I../../Drivers/STM32F7xx_HAL_Driver/Inc -I../../Drivers/STM32F7xx_HAL_Driver/Inc/Legacy -I../../Middlewares/Third_Party/FreeRTOS/Source/include -I../../Middlewares/Third_Party/FreeRTOS/Source/portable/GCC/ARM_CM7/r0p1 -I../../Drivers/CMSIS/Device/ST/STM32F7xx/Include -I../../Drivers/CMSIS/Include -I../../Middlewares/ST/touchgfx/framework/include -I../../TouchGFX/generated/fonts/include -I../../TouchGFX/generated/gui_generated/include -I../../TouchGFX/generated/images/include -I../../TouchGFX/generated/texts/include -I../../TouchGFX/gui/include -I../../Middlewares/Third_Party/FreeRTOS/Source/CMSIS_RTOS_V2 -I../../Middlewares/Third_Party/FreeRTOS/Source/CMSIS_RTOS -I../../Drivers/BSP/STM32746G-Discovery -I../../Drivers/BSP/Components/ft5336 -I../../LIBJPEG/App -I../../LIBJPEG/Target -I../../Middlewares/Third_Party/LibJPEG/include -I../../TouchGFX/generated/videos/include -Os -ffunction-sections -fdata-sections -fno-exceptions -fno-rtti -fno-use-cxa-atexit -Wall -femit-class-debug-always -fstack-usage -fcyclomatic-complexity -MMD -MP -MF"Application/User/generated/Table_verdana_40_4bpp.d" -MT"Application/User/generated/Table_verdana_40_4bpp.o" --specs=nano.specs -mfpu=fpv5-sp-d16 -mfloat-abi=hard -mthumb -o "Application/User/generated/Table_verdana_40_4bpp.o"
arm-none-eabi-g++ "E:/Sexto_sem/MCU_avanzados/PWM_Slider/TouchGFX/generated/texts/src/Texts.cpp" -mcpu=cortex-m7 -std=gnu++14 -g3 -DUSE_HAL_DRIVER -DUSE_BPP=16 -DSTM32F746xx -DDEBUG -c -I../../Core/Inc -I../../TouchGFX/App -I../../TouchGFX/target/generated -I../../TouchGFX/target -I../../Drivers/STM32F7xx_HAL_Driver/Inc -I../../Drivers/STM32F7xx_HAL_Driver/Inc/Legacy -I../../Middlewares/Third_Party/FreeRTOS/Source/include -I../../Middlewares/Third_Party/FreeRTOS/Source/portable/GCC/ARM_CM7/r0p1 -I../../Drivers/CMSIS/Device/ST/STM32F7xx/Include -I../../Drivers/CMSIS/Include -I../../Middlewares/ST/touchgfx/framework/include -I../../TouchGFX/generated/fonts/include -I../../TouchGFX/generated/gui_generated/include -I../../TouchGFX/generated/images/include -I../../TouchGFX/generated/texts/include -I../../TouchGFX/gui/include -I../../Middlewares/Third_Party/FreeRTOS/Source/CMSIS_RTOS_V2 -I../../Middlewares/Third_Party/FreeRTOS/Source/CMSIS_RTOS -I../../Drivers/BSP/STM32746G-Discovery -I../../Drivers/BSP/Components/ft5336 -I../../LIBJPEG/App -I../../LIBJPEG/Target -I../../Middlewares/Third_Party/LibJPEG/include -I../../TouchGFX/generated/videos/include -Os -ffunction-sections -fdata-sections -fno-exceptions -fno-rtti -fno-use-cxa-atexit -Wall -femit-class-debug-always -fstack-usage -fcyclomatic-complexity -MMD -MP -MF"Application/User/generated/Texts.d" -MT"Application/User/generated/Texts.o" --specs=nano.specs -mfpu=fpv5-sp-d16 -mfloat-abi=hard -mthumb -o "Application/User/generated/Texts.o"
arm-none-eabi-g++ "E:/Sexto_sem/MCU_avanzados/PWM_Slider/TouchGFX/generated/texts/src/TypedTextDatabase.cpp" -mcpu=cortex-m7 -std=gnu++14 -g3 -DUSE_HAL_DRIVER -DUSE_BPP=16 -DSTM32F746xx -DDEBUG -c -I../../Core/Inc -I../../TouchGFX/App -I../../TouchGFX/target/generated -I../../TouchGFX/target -I../../Drivers/STM32F7xx_HAL_Driver/Inc -I../../Drivers/STM32F7xx_HAL_Driver/Inc/Legacy -I../../Middlewares/Third_Party/FreeRTOS/Source/include -I../../Middlewares/Third_Party/FreeRTOS/Source/portable/GCC/ARM_CM7/r0p1 -I../../Drivers/CMSIS/Device/ST/STM32F7xx/Include -I../../Drivers/CMSIS/Include -I../../Middlewares/ST/touchgfx/framework/include -I../../TouchGFX/generated/fonts/include -I../../TouchGFX/generated/gui_generated/include -I../../TouchGFX/generated/images/include -I../../TouchGFX/generated/texts/include -I../../TouchGFX/gui/include -I../../Middlewares/Third_Party/FreeRTOS/Source/CMSIS_RTOS_V2 -I../../Middlewares/Third_Party/FreeRTOS/Source/CMSIS_RTOS -I../../Drivers/BSP/STM32746G-Discovery -I../../Drivers/BSP/Components/ft5336 -I../../LIBJPEG/App -I../../LIBJPEG/Target -I../../Middlewares/Third_Party/LibJPEG/include -I../../TouchGFX/generated/videos/include -Os -ffunction-sections -fdata-sections -fno-exceptions -fno-rtti -fno-use-cxa-atexit -Wall -femit-class-debug-always -fstack-usage -fcyclomatic-complexity -MMD -MP -MF"Application/User/generated/TypedTextDatabase.d" -MT"Application/User/generated/TypedTextDatabase.o" --specs=nano.specs -mfpu=fpv5-sp-d16 -mfloat-abi=hard -mthumb -o "Application/User/generated/TypedTextDatabase.o"
arm-none-eabi-g++ "E:/Sexto_sem/MCU_avanzados/PWM_Slider/TouchGFX/generated/fonts/src/UnmappedDataFont.cpp" -mcpu=cortex-m7 -std=gnu++14 -g3 -DUSE_HAL_DRIVER -DUSE_BPP=16 -DSTM32F746xx -DDEBUG -c -I../../Core/Inc -I../../TouchGFX/App -I../../TouchGFX/target/generated -I../../TouchGFX/target -I../../Drivers/STM32F7xx_HAL_Driver/Inc -I../../Drivers/STM32F7xx_HAL_Driver/Inc/Legacy -I../../Middlewares/Third_Party/FreeRTOS/Source/include -I../../Middlewares/Third_Party/FreeRTOS/Source/portable/GCC/ARM_CM7/r0p1 -I../../Drivers/CMSIS/Device/ST/STM32F7xx/Include -I../../Drivers/CMSIS/Include -I../../Middlewares/ST/touchgfx/framework/include -I../../TouchGFX/generated/fonts/include -I../../TouchGFX/generated/gui_generated/include -I../../TouchGFX/generated/images/include -I../../TouchGFX/generated/texts/include -I../../TouchGFX/gui/include -I../../Middlewares/Third_Party/FreeRTOS/Source/CMSIS_RTOS_V2 -I../../Middlewares/Third_Party/FreeRTOS/Source/CMSIS_RTOS -I../../Drivers/BSP/STM32746G-Discovery -I../../Drivers/BSP/Components/ft5336 -I../../LIBJPEG/App -I../../LIBJPEG/Target -I../../Middlewares/Third_Party/LibJPEG/include -I../../TouchGFX/generated/videos/include -Os -ffunction-sections -fdata-sections -fno-exceptions -fno-rtti -fno-use-cxa-atexit -Wall -femit-class-debug-always -fstack-usage -fcyclomatic-complexity -MMD -MP -MF"Application/User/generated/UnmappedDataFont.d" -MT"Application/User/generated/UnmappedDataFont.o" --specs=nano.specs -mfpu=fpv5-sp-d16 -mfloat-abi=hard -mthumb -o "Application/User/generated/UnmappedDataFont.o"
arm-none-eabi-g++ "E:/Sexto_sem/MCU_avanzados/PWM_Slider/TouchGFX/generated/fonts/src/VectorFontRendererBuffers.cpp" -mcpu=cortex-m7 -std=gnu++14 -g3 -DUSE_HAL_DRIVER -DUSE_BPP=16 -DSTM32F746xx -DDEBUG -c -I../../Core/Inc -I../../TouchGFX/App -I../../TouchGFX/target/generated -I../../TouchGFX/target -I../../Drivers/STM32F7xx_HAL_Driver/Inc -I../../Drivers/STM32F7xx_HAL_Driver/Inc/Legacy -I../../Middlewares/Third_Party/FreeRTOS/Source/include -I../../Middlewares/Third_Party/FreeRTOS/Source/portable/GCC/ARM_CM7/r0p1 -I../../Drivers/CMSIS/Device/ST/STM32F7xx/Include -I../../Drivers/CMSIS/Include -I../../Middlewares/ST/touchgfx/framework/include -I../../TouchGFX/generated/fonts/include -I../../TouchGFX/generated/gui_generated/include -I../../TouchGFX/generated/images/include -I../../TouchGFX/generated/texts/include -I../../TouchGFX/gui/include -I../../Middlewares/Third_Party/FreeRTOS/Source/CMSIS_RTOS_V2 -I../../Middlewares/Third_Party/FreeRTOS/Source/CMSIS_RTOS -I../../Drivers/BSP/STM32746G-Discovery -I../../Drivers/BSP/Components/ft5336 -I../../LIBJPEG/App -I../../LIBJPEG/Target -I../../Middlewares/Third_Party/LibJPEG/include -I../../TouchGFX/generated/videos/include -Os -ffunction-sections -fdata-sections -fno-exceptions -fno-rtti -fno-use-cxa-atexit -Wall -femit-class-debug-always -fstack-usage -fcyclomatic-complexity -MMD -MP -MF"Application/User/generated/VectorFontRendererBuffers.d" -MT"Application/User/generated/VectorFontRendererBuffers.o" --specs=nano.specs -mfpu=fpv5-sp-d16 -mfloat-abi=hard -mthumb -o "Application/User/generated/VectorFontRendererBuffers.o"
arm-none-eabi-g++ "E:/Sexto_sem/MCU_avanzados/PWM_Slider/TouchGFX/generated/images/src/image_Captura_de_pantalla_2024-04-27_194144.cpp" -mcpu=cortex-m7 -std=gnu++14 -g3 -DUSE_HAL_DRIVER -DUSE_BPP=16 -DSTM32F746xx -DDEBUG -c -I../../Core/Inc -I../../TouchGFX/App -I../../TouchGFX/target/generated -I../../TouchGFX/target -I../../Drivers/STM32F7xx_HAL_Driver/Inc -I../../Drivers/STM32F7xx_HAL_Driver/Inc/Legacy -I../../Middlewares/Third_Party/FreeRTOS/Source/include -I../../Middlewares/Third_Party/FreeRTOS/Source/portable/GCC/ARM_CM7/r0p1 -I../../Drivers/CMSIS/Device/ST/STM32F7xx/Include -I../../Drivers/CMSIS/Include -I../../Middlewares/ST/touchgfx/framework/include -I../../TouchGFX/generated/fonts/include -I../../TouchGFX/generated/gui_generated/include -I../../TouchGFX/generated/images/include -I../../TouchGFX/generated/texts/include -I../../TouchGFX/gui/include -I../../Middlewares/Third_Party/FreeRTOS/Source/CMSIS_RTOS_V2 -I../../Middlewares/Third_Party/FreeRTOS/Source/CMSIS_RTOS -I../../Drivers/BSP/STM32746G-Discovery -I../../Drivers/BSP/Components/ft5336 -I../../LIBJPEG/App -I../../LIBJPEG/Target -I../../Middlewares/Third_Party/LibJPEG/include -I../../TouchGFX/generated/videos/include -Os -ffunction-sections -fdata-sections -fno-exceptions -fno-rtti -fno-use-cxa-atexit -Wall -femit-class-debug-always -fstack-usage -fcyclomatic-complexity -MMD -MP -MF"Application/User/generated/image_Captura_de_pantalla_2024-04-27_194144.d" -MT"Application/User/generated/image_Captura_de_pantalla_2024-04-27_194144.o" --specs=nano.specs -mfpu=fpv5-sp-d16 -mfloat-abi=hard -mthumb -o "Application/User/generated/image_Captura_de_pantalla_2024-04-27_194144.o"
arm-none-eabi-g++ "E:/Sexto_sem/MCU_avanzados/PWM_Slider/TouchGFX/generated/images/src/__generated/image_alternate_theme_images_widgets_slider_horizontal_thick_filler_medium.cpp" -mcpu=cortex-m7 -std=gnu++14 -g3 -DUSE_HAL_DRIVER -DUSE_BPP=16 -DSTM32F746xx -DDEBUG -c -I../../Core/Inc -I../../TouchGFX/App -I../../TouchGFX/target/generated -I../../TouchGFX/target -I../../Drivers/STM32F7xx_HAL_Driver/Inc -I../../Drivers/STM32F7xx_HAL_Driver/Inc/Legacy -I../../Middlewares/Third_Party/FreeRTOS/Source/include -I../../Middlewares/Third_Party/FreeRTOS/Source/portable/GCC/ARM_CM7/r0p1 -I../../Drivers/CMSIS/Device/ST/STM32F7xx/Include -I../../Drivers/CMSIS/Include -I../../Middlewares/ST/touchgfx/framework/include -I../../TouchGFX/generated/fonts/include -I../../TouchGFX/generated/gui_generated/include -I../../TouchGFX/generated/images/include -I../../TouchGFX/generated/texts/include -I../../TouchGFX/gui/include -I../../Middlewares/Third_Party/FreeRTOS/Source/CMSIS_RTOS_V2 -I../../Middlewares/Third_Party/FreeRTOS/Source/CMSIS_RTOS -I../../Drivers/BSP/STM32746G-Discovery -I../../Drivers/BSP/Components/ft5336 -I../../LIBJPEG/App -I../../LIBJPEG/Target -I../../Middlewares/Third_Party/LibJPEG/include -I../../TouchGFX/generated/videos/include -Os -ffunction-sections -fdata-sections -fno-exceptions -fno-rtti -fno-use-cxa-atexit -Wall -femit-class-debug-always -fstack-usage -fcyclomatic-complexity -MMD -MP -MF"Application/User/generated/image_alternate_theme_images_widgets_slider_horizontal_thick_filler_medium.d" -MT"Application/User/generated/image_alternate_theme_images_widgets_slider_horizontal_thick_filler_medium.o" --specs=nano.specs -mfpu=fpv5-sp-d16 -mfloat-abi=hard -mthumb -o "Application/User/generated/image_alternate_theme_images_widgets_slider_horizontal_thick_filler_medium.o"
arm-none-eabi-g++ "E:/Sexto_sem/MCU_avanzados/PWM_Slider/TouchGFX/generated/images/src/__generated/image_alternate_theme_images_widgets_slider_horizontal_thick_rounded_light.cpp" -mcpu=cortex-m7 -std=gnu++14 -g3 -DUSE_HAL_DRIVER -DUSE_BPP=16 -DSTM32F746xx -DDEBUG -c -I../../Core/Inc -I../../TouchGFX/App -I../../TouchGFX/target/generated -I../../TouchGFX/target -I../../Drivers/STM32F7xx_HAL_Driver/Inc -I../../Drivers/STM32F7xx_HAL_Driver/Inc/Legacy -I../../Middlewares/Third_Party/FreeRTOS/Source/include -I../../Middlewares/Third_Party/FreeRTOS/Source/portable/GCC/ARM_CM7/r0p1 -I../../Drivers/CMSIS/Device/ST/STM32F7xx/Include -I../../Drivers/CMSIS/Include -I../../Middlewares/ST/touchgfx/framework/include -I../../TouchGFX/generated/fonts/include -I../../TouchGFX/generated/gui_generated/include -I../../TouchGFX/generated/images/include -I../../TouchGFX/generated/texts/include -I../../TouchGFX/gui/include -I../../Middlewares/Third_Party/FreeRTOS/Source/CMSIS_RTOS_V2 -I../../Middlewares/Third_Party/FreeRTOS/Source/CMSIS_RTOS -I../../Drivers/BSP/STM32746G-Discovery -I../../Drivers/BSP/Components/ft5336 -I../../LIBJPEG/App -I../../LIBJPEG/Target -I../../Middlewares/Third_Party/LibJPEG/include -I../../TouchGFX/generated/videos/include -Os -ffunction-sections -fdata-sections -fno-exceptions -fno-rtti -fno-use-cxa-atexit -Wall -femit-class-debug-always -fstack-usage -fcyclomatic-complexity -MMD -MP -MF"Application/User/generated/image_alternate_theme_images_widgets_slider_horizontal_thick_rounded_light.d" -MT"Application/User/generated/image_alternate_theme_images_widgets_slider_horizontal_thick_rounded_light.o" --specs=nano.specs -mfpu=fpv5-sp-d16 -mfloat-abi=hard -mthumb -o "Application/User/generated/image_alternate_theme_images_widgets_slider_horizontal_thick_rounded_light.o"
arm-none-eabi-g++ "E:/Sexto_sem/MCU_avanzados/PWM_Slider/TouchGFX/generated/images/src/__generated/image_alternate_theme_images_widgets_slider_horizontal_thick_track_medium.cpp" -mcpu=cortex-m7 -std=gnu++14 -g3 -DUSE_HAL_DRIVER -DUSE_BPP=16 -DSTM32F746xx -DDEBUG -c -I../../Core/Inc -I../../TouchGFX/App -I../../TouchGFX/target/generated -I../../TouchGFX/target -I../../Drivers/STM32F7xx_HAL_Driver/Inc -I../../Drivers/STM32F7xx_HAL_Driver/Inc/Legacy -I../../Middlewares/Third_Party/FreeRTOS/Source/include -I../../Middlewares/Third_Party/FreeRTOS/Source/portable/GCC/ARM_CM7/r0p1 -I../../Drivers/CMSIS/Device/ST/STM32F7xx/Include -I../../Drivers/CMSIS/Include -I../../Middlewares/ST/touchgfx/framework/include -I../../TouchGFX/generated/fonts/include -I../../TouchGFX/generated/gui_generated/include -I../../TouchGFX/generated/images/include -I../../TouchGFX/generated/texts/include -I../../TouchGFX/gui/include -I../../Middlewares/Third_Party/FreeRTOS/Source/CMSIS_RTOS_V2 -I../../Middlewares/Third_Party/FreeRTOS/Source/CMSIS_RTOS -I../../Drivers/BSP/STM32746G-Discovery -I../../Drivers/BSP/Components/ft5336 -I../../LIBJPEG/App -I../../LIBJPEG/Target -I../../Middlewares/Third_Party/LibJPEG/include -I../../TouchGFX/generated/videos/include -Os -ffunction-sections -fdata-sections -fno-exceptions -fno-rtti -fno-use-cxa-atexit -Wall -femit-class-debug-always -fstack-usage -fcyclomatic-complexity -MMD -MP -MF"Application/User/generated/image_alternate_theme_images_widgets_slider_horizontal_thick_track_medium.d" -MT"Application/User/generated/image_alternate_theme_images_widgets_slider_horizontal_thick_track_medium.o" --specs=nano.specs -mfpu=fpv5-sp-d16 -mfloat-abi=hard -mthumb -o "Application/User/generated/image_alternate_theme_images_widgets_slider_horizontal_thick_track_medium.o"
arm-none-eabi-g++ "E:/Sexto_sem/MCU_avanzados/PWM_Slider/TouchGFX/target/generated/TouchGFXConfiguration.cpp" -mcpu=cortex-m7 -std=gnu++14 -g3 -DUSE_HAL_DRIVER -DUSE_BPP=16 -DSTM32F746xx -DDEBUG -c -I../../Core/Inc -I../../TouchGFX/App -I../../TouchGFX/target/generated -I../../TouchGFX/target -I../../Drivers/STM32F7xx_HAL_Driver/Inc -I../../Drivers/STM32F7xx_HAL_Driver/Inc/Legacy -I../../Middlewares/Third_Party/FreeRTOS/Source/include -I../../Middlewares/Third_Party/FreeRTOS/Source/portable/GCC/ARM_CM7/r0p1 -I../../Drivers/CMSIS/Device/ST/STM32F7xx/Include -I../../Drivers/CMSIS/Include -I../../Middlewares/ST/touchgfx/framework/include -I../../TouchGFX/generated/fonts/include -I../../TouchGFX/generated/gui_generated/include -I../../TouchGFX/generated/images/include -I../../TouchGFX/generated/texts/include -I../../TouchGFX/gui/include -I../../Middlewares/Third_Party/FreeRTOS/Source/CMSIS_RTOS_V2 -I../../Middlewares/Third_Party/FreeRTOS/Source/CMSIS_RTOS -I../../Drivers/BSP/STM32746G-Discovery -I../../Drivers/BSP/Components/ft5336 -I../../LIBJPEG/App -I../../LIBJPEG/Target -I../../Middlewares/Third_Party/LibJPEG/include -I../../TouchGFX/generated/videos/include -Os -ffunction-sections -fdata-sections -fno-exceptions -fno-rtti -fno-use-cxa-atexit -Wall -femit-class-debug-always -fstack-usage -fcyclomatic-complexity -MMD -MP -MF"Application/User/TouchGFX/target/generated/TouchGFXConfiguration.d" -MT"Application/User/TouchGFX/target/generated/TouchGFXConfiguration.o" --specs=nano.specs -mfpu=fpv5-sp-d16 -mfloat-abi=hard -mthumb -o "Application/User/TouchGFX/target/generated/TouchGFXConfiguration.o"
arm-none-eabi-g++ "E:/Sexto_sem/MCU_avanzados/PWM_Slider/TouchGFX/target/generated/TouchGFXGeneratedHAL.cpp" -mcpu=cortex-m7 -std=gnu++14 -g3 -DUSE_HAL_DRIVER -DUSE_BPP=16 -DSTM32F746xx -DDEBUG -c -I../../Core/Inc -I../../TouchGFX/App -I../../TouchGFX/target/generated -I../../TouchGFX/target -I../../Drivers/STM32F7xx_HAL_Driver/Inc -I../../Drivers/STM32F7xx_HAL_Driver/Inc/Legacy -I../../Middlewares/Third_Party/FreeRTOS/Source/include -I../../Middlewares/Third_Party/FreeRTOS/Source/portable/GCC/ARM_CM7/r0p1 -I../../Drivers/CMSIS/Device/ST/STM32F7xx/Include -I../../Drivers/CMSIS/Include -I../../Middlewares/ST/touchgfx/framework/include -I../../TouchGFX/generated/fonts/include -I../../TouchGFX/generated/gui_generated/include -I../../TouchGFX/generated/images/include -I../../TouchGFX/generated/texts/include -I../../TouchGFX/gui/include -I../../Middlewares/Third_Party/FreeRTOS/Source/CMSIS_RTOS_V2 -I../../Middlewares/Third_Party/FreeRTOS/Source/CMSIS_RTOS -I../../Drivers/BSP/STM32746G-Discovery -I../../Drivers/BSP/Components/ft5336 -I../../LIBJPEG/App -I../../LIBJPEG/Target -I../../Middlewares/Third_Party/LibJPEG/include -I../../TouchGFX/generated/videos/include -Os -ffunction-sections -fdata-sections -fno-exceptions -fno-rtti -fno-use-cxa-atexit -Wall -femit-class-debug-always -fstack-usage -fcyclomatic-complexity -MMD -MP -MF"Application/User/TouchGFX/target/generated/TouchGFXGeneratedHAL.d" -MT"Application/User/TouchGFX/target/generated/TouchGFXGeneratedHAL.o" --specs=nano.specs -mfpu=fpv5-sp-d16 -mfloat-abi=hard -mthumb -o "Application/User/TouchGFX/target/generated/TouchGFXGeneratedHAL.o"
arm-none-eabi-g++ -o "STM32F746G_DISCO.elf" @"objects.list"  -l:libtouchgfx-float-abi-hard.a -mcpu=cortex-m7 -T"E:\Sexto_sem\MCU_avanzados\PWM_Slider\STM32CubeIDE\STM32F746NGHX_FLASH.ld" --specs=nosys.specs -Wl,-Map="STM32F746G_DISCO.map" -Wl,--gc-sections -static -L../../Middlewares/ST/touchgfx/lib/core/cortex_m7/gcc --specs=nano.specs -mfpu=fpv5-sp-d16 -mfloat-abi=hard -mthumb -Wl,--start-group -lc -lm -lstdc++ -lsupc++ -Wl,--end-group
C:/ST/STM32CubeIDE_1.14.0/STM32CubeIDE/plugins/com.st.stm32cube.ide.mcu.externaltools.gnu-tools-for-stm32.12.3.rel1.win32_1.0.100.202403111256/tools/bin/../lib/gcc/arm-none-eabi/12.3.1/../../../../arm-none-eabi/bin/ld.exe: warning: STM32F746G_DISCO.elf has a LOAD segment with RWX permissions
Finished building target: STM32F746G_DISCO.elf
 
arm-none-eabi-size  STM32F746G_DISCO.elf 
arm-none-eabi-objdump -h -S STM32F746G_DISCO.elf  > "STM32F746G_DISCO.list"
arm-none-eabi-objcopy  -O ihex STM32F746G_DISCO.elf  "STM32F746G_DISCO.hex"
   text	   data	    bss	    dec	    hex	filename
1157968	    328	1407452	2565748	 272674	STM32F746G_DISCO.elf
Finished building: default.size.stdout
 
Finished building: STM32F746G_DISCO.hex
 
Finished building: STM32F746G_DISCO.list
 

00:06:34 Build Finished. 0 errors, 1 warnings. (took 1m:5s.216ms)

